mvn : WARNING: A terminally deprecated method in sun.misc.Unsafe has been called
At line:1 char:1
+ mvn clean verify > build_output.txt 2>&1
+ ~~~~~~~~~~~~~~~~~~~~~~~~~~~~~~~~~~~~~~~~
    + CategoryInfo          : NotSpecified: (WARNING: A term...has been called:String) [], RemoteException
    + FullyQualifiedErrorId : NativeCommandError
 
WARNING: sun.misc.Unsafe::staticFieldBase has been called by com.google.inject.internal.aop.HiddenClassDefiner (file:/D:/Documents/apache-maven-3.9.11/lib/guice-5.1.0-classes.jar)
WARNING: Please consider reporting this to the maintainers of class com.google.inject.internal.aop.HiddenClassDefiner
WARNING: sun.misc.Unsafe::staticFieldBase will be removed in a future release
[INFO] Scanning for projects...
[WARNING] 
[WARNING] Some problems were encountered while building the effective model for com.puppycrawl.tools:checkstyle:jar:13.4.0-SNAPSHOT
[WARNING] 'parent.relativePath' of POM com.puppycrawl.tools:checkstyle:13.4.0-SNAPSHOT (C:\Users\kshra\wayang\checkstyle\pom.xml) points at org.apache.wayang:wayang instead of org.sonatype.oss:oss-parent, please verify your project structure @ line 7, column 11
[WARNING] 
[WARNING] It is highly recommended to fix these problems because they threaten the stability of your build.
[WARNING] 
[WARNING] For this reason, future Maven versions might no longer support building such malformed projects.
[WARNING] 
[INFO] Inspecting build with total of 1 modules
[INFO] Installing Central Publishing features
[INFO] 
[INFO] ------------------< com.puppycrawl.tools:checkstyle >-------------------
[INFO] Building checkstyle 13.4.0-SNAPSHOT
[INFO]   from pom.xml
[INFO] --------------------------------[ jar ]---------------------------------
[INFO] 
[INFO] --- clean:3.5.0:clean (default-clean) @ checkstyle ---
[INFO] Deleting C:\Users\kshra\wayang\checkstyle\target
[INFO] 
[INFO] --- tidy:1.4.0:check (validate) @ checkstyle ---
[INFO] 
[INFO] --- enforcer:3.6.2:enforce (enforce-maven) @ checkstyle ---
[INFO] Rule 0: org.apache.maven.enforcer.rules.version.RequireMavenVersion passed
[INFO] 
[INFO] --- enforcer:3.6.2:enforce (enforce-versions) @ checkstyle ---
[INFO] Rule 0: org.apache.maven.enforcer.rules.version.RequireJavaVersion passed
[INFO] Rule 1: org.apache.maven.enforcer.rules.version.RequireMavenVersion passed
[INFO] Rule 2: org.apache.maven.enforcer.rules.dependency.DependencyConvergence passed
[INFO] 
[INFO] --- xml:1.2.1:check-format (default) @ checkstyle ---
[INFO] 
[INFO] --- antlr4:4.13.2:antlr4 (default) @ checkstyle ---
[INFO] ANTLR 4: Processing source directory C:\Users\kshra\wayang\checkstyle\src\main\resources
[INFO] Processing grammar: com\puppycrawl\tools\checkstyle\grammar\java\JavaLanguageLexer.g4
[INFO] Processing grammar: com\puppycrawl\tools\checkstyle\grammar\java\JavaLanguageParser.g4
[INFO] Processing grammar: com\puppycrawl\tools\checkstyle\grammar\javadoc\JavadocCommentsLexer.g4
[INFO] Processing grammar: com\puppycrawl\tools\checkstyle\grammar\javadoc\JavadocCommentsParser.g4
[INFO] 
[INFO] --- build-helper:3.6.1:add-source (add-source) @ checkstyle ---
[INFO] Source directory: C:\Users\kshra\wayang\checkstyle\target\generated-sources\antlr added.
[INFO] 
[INFO] --- resources:3.5.0:resources (default-resources) @ checkstyle ---
[INFO] Copying 411 resources from src\main\resources to target\classes
[INFO] 
[INFO] --- build-helper:3.6.1:add-test-source (add-test-source) @ checkstyle ---
[INFO] Skipping plugin execution!
[INFO] 
[INFO] --- build-helper:3.6.1:add-test-source (add-it-test-source) @ checkstyle ---
[INFO] Test Source directory: C:\Users\kshra\wayang\checkstyle\src\it\java added.
[INFO] 
[INFO] --- build-helper:3.6.1:add-test-source (add-it-test-resource) @ checkstyle ---
[INFO] Skipping plugin execution!
[INFO] 
[INFO] --- build-helper:3.6.1:add-test-source (add-xdocs-examples-source) @ checkstyle ---
[INFO] Test Source directory: C:\Users\kshra\wayang\checkstyle\src\xdocs-examples\java added.
[INFO] 
[INFO] --- build-helper:3.6.1:add-test-source (add-xdocs-examples-resource) @ checkstyle ---
[INFO] Skipping plugin execution!
[INFO] 
[INFO] --- compiler:3.15.0:compile (default-compile) @ checkstyle ---
[INFO] Recompiling the module because of changed source code.
[INFO] Compiling 482 source files with javac [debug release 21] to target\classes
[INFO] /C:/Users/kshra/wayang/checkstyle/src/main/java/com/puppycrawl/tools/checkstyle/DefaultConfiguration.java: Some input files use or override a deprecated API.
[INFO] /C:/Users/kshra/wayang/checkstyle/src/main/java/com/puppycrawl/tools/checkstyle/DefaultConfiguration.java: Recompile with -Xlint:deprecation for details.
[INFO] /C:/Users/kshra/wayang/checkstyle/src/main/java/com/puppycrawl/tools/checkstyle/AbstractAutomaticBean.java: C:\Users\kshra\wayang\checkstyle\src\main\java\com\puppycrawl\tools\checkstyle\AbstractAutomaticBean.java uses unchecked or unsafe operations.
[INFO] /C:/Users/kshra/wayang/checkstyle/src/main/java/com/puppycrawl/tools/checkstyle/AbstractAutomaticBean.java: Recompile with -Xlint:unchecked for details.
[INFO] 
[INFO] --- plexus-component-metadata:2.2.0:generate-metadata (default) @ checkstyle ---
[INFO] Discovered 10 component descriptor(s)
[INFO] 
[INFO] --- exec:3.6.3:java (default) @ checkstyle ---
[INFO] 
[INFO] --- resources:3.5.0:testResources (default-testResources) @ checkstyle ---
[INFO] Copying 3495 resources from src\test\resources to target\test-classes
[INFO] 
[INFO] --- compiler:3.15.0:testCompile (default-testCompile) @ checkstyle ---
[INFO] Recompiling the module because of changed dependency.
[INFO] Compiling 854 source files with javac [debug release 21] to target\test-classes
[INFO] /C:/Users/kshra/wayang/checkstyle/src/test/java/com/puppycrawl/tools/checkstyle/DefaultLoggerTest.java: Some input files use or override a deprecated API.
[INFO] /C:/Users/kshra/wayang/checkstyle/src/test/java/com/puppycrawl/tools/checkstyle/DefaultLoggerTest.java: Recompile with -Xlint:deprecation for details.
[INFO] /C:/Users/kshra/wayang/checkstyle/src/test/java/com/puppycrawl/tools/checkstyle/AbstractGuiTestSupport.java: Some input files use unchecked or unsafe operations.
[INFO] /C:/Users/kshra/wayang/checkstyle/src/test/java/com/puppycrawl/tools/checkstyle/AbstractGuiTestSupport.java: Recompile with -Xlint:unchecked for details.
[INFO] 
[INFO] --- jacoco:0.8.14:instrument (default-instrument) @ checkstyle ---
[INFO] 
[INFO] --- surefire:3.5.5:test (default-test) @ checkstyle ---
[INFO] Using auto detected provider org.apache.maven.surefire.junitplatform.JUnitPlatformProvider
Downloading from nexus-codehaus-snapshot: https://oss.sonatype.org/content/repositories/codehaus-snapshots/org/apache/maven/surefire/surefire-junit-platform/3.5.5/surefire-junit-platform-3.5.5.pom
Downloading from central: https://repo.maven.apache.org/maven2/org/apache/maven/surefire/surefire-junit-platform/3.5.5/surefire-junit-platform-3.5.5.pom
Progress (1): 832 B
Progress (1): 2.7 kB
Progress (1): 5.2 kB
                    
Downloaded from central: https://repo.maven.apache.org/maven2/org/apache/maven/surefire/surefire-junit-platform/3.5.5/surefire-junit-platform-3.5.5.pom (5.2 kB at 21 kB/s)
Downloading from nexus-codehaus-snapshot: https://oss.sonatype.org/content/repositories/codehaus-snapshots/org/apache/maven/surefire/surefire-providers/3.5.5/surefire-providers-3.5.5.pom
Downloading from central: https://repo.maven.apache.org/maven2/org/apache/maven/surefire/surefire-providers/3.5.5/surefire-providers-3.5.5.pom
Progress (1): 844 B
Progress (1): 2.2 kB
Progress (1): 2.5 kB
                    
Downloaded from central: https://repo.maven.apache.org/maven2/org/apache/maven/surefire/surefire-providers/3.5.5/surefire-providers-3.5.5.pom (2.5 kB at 67 kB/s)
Downloading from nexus-codehaus-snapshot: https://oss.sonatype.org/content/repositories/codehaus-snapshots/org/apache/maven/surefire/common-java5/3.5.5/common-java5-3.5.5.pom
Downloading from central: https://repo.maven.apache.org/maven2/org/apache/maven/surefire/common-java5/3.5.5/common-java5-3.5.5.pom
Progress (1): 839 B
Progress (1): 2.2 kB
Progress (1): 3.1 kB
                    
Downloaded from central: https://repo.maven.apache.org/maven2/org/apache/maven/surefire/common-java5/3.5.5/common-java5-3.5.5.pom (3.1 kB at 83 kB/s)
Downloading from nexus-codehaus-snapshot: https://oss.sonatype.org/content/repositories/codehaus-snapshots/org/apache/maven/surefire/surefire-junit-platform/3.5.5/surefire-junit-platform-3.5.5.jar
Downloading from nexus-codehaus-snapshot: https://oss.sonatype.org/content/repositories/codehaus-snapshots/org/apache/maven/surefire/common-java5/3.5.5/common-java5-3.5.5.jar
Downloading from central: https://repo.maven.apache.org/maven2/org/apache/maven/surefire/surefire-junit-platform/3.5.5/surefire-junit-platform-3.5.5.jar
Progress (1): 0.9/35 kB
Progress (1): 2.3/35 kB
Progress (1): 3.6/35 kB
Progress (1): 5.0/35 kB
Progress (1): 6.4/35 kB
Progress (1): 7.7/35 kB
Progress (1): 9.1/35 kB
Progress (1): 10/35 kB 
Progress (1): 12/35 kB
Progress (1): 13/35 kB
Progress (1): 15/35 kB
Progress (1): 16/35 kB
Progress (1): 17/35 kB
Progress (1): 19/35 kB
Progress (1): 20/35 kB
Progress (1): 21/35 kB
Progress (1): 23/35 kB
Progress (1): 24/35 kB
Progress (1): 26/35 kB
Progress (1): 27/35 kB
Progress (1): 28/35 kB
Progress (1): 30/35 kB
Progress (1): 31/35 kB
Progress (1): 32/35 kB
Progress (1): 34/35 kB
Progress (1): 35/35 kB
Progress (1): 35 kB   
                   
Downloaded from central: https://repo.maven.apache.org/maven2/org/apache/maven/surefire/surefire-junit-platform/3.5.5/surefire-junit-platform-3.5.5.jar (35 kB at 806 kB/s)
Downloading from central: https://repo.maven.apache.org/maven2/org/apache/maven/surefire/common-java5/3.5.5/common-java5-3.5.5.jar
Progress (1): 0.9/18 kB
Progress (1): 2.3/18 kB
Progress (1): 3.6/18 kB
Progress (1): 5.0/18 kB
Progress (1): 6.4/18 kB
Progress (1): 11/18 kB 
Progress (1): 15/18 kB
Progress (1): 18 kB   
                   
Downloaded from central: https://repo.maven.apache.org/maven2/org/apache/maven/surefire/common-java5/3.5.5/common-java5-3.5.5.jar (18 kB at 518 kB/s)
[INFO] 
[INFO] -------------------------------------------------------
[INFO]  T E S T S
[INFO] -------------------------------------------------------
WARNING: package sun.security.action not in java.base
[INFO] Running com.puppycrawl.tools.checkstyle.AbstractAutomaticBeanTest
[INFO] Tests run: 14, Failures: 0, Errors: 0, Skipped: 0, Time elapsed: 0.354 s -- in com.puppycrawl.tools.checkstyle.AbstractAutomaticBeanTest
[INFO] Running com.puppycrawl.tools.checkstyle.ant.CheckstyleAntTaskTest
[INFO] Tests run: 51, Failures: 0, Errors: 0, Skipped: 0, Time elapsed: 8.916 s -- in com.puppycrawl.tools.checkstyle.ant.CheckstyleAntTaskTest
[INFO] Running com.puppycrawl.tools.checkstyle.api.AbstractCheckTest
[INFO] Tests run: 15, Failures: 0, Errors: 0, Skipped: 0, Time elapsed: 0.915 s -- in com.puppycrawl.tools.checkstyle.api.AbstractCheckTest
[INFO] Running com.puppycrawl.tools.checkstyle.api.AbstractFileSetCheckTest
[INFO] Tests run: 12, Failures: 0, Errors: 0, Skipped: 0, Time elapsed: 0.041 s -- in com.puppycrawl.tools.checkstyle.api.AbstractFileSetCheckTest
[INFO] Running com.puppycrawl.tools.checkstyle.api.AbstractViolationReporterTest
[INFO] Tests run: 8, Failures: 0, Errors: 0, Skipped: 0, Time elapsed: 0.022 s -- in com.puppycrawl.tools.checkstyle.api.AbstractViolationReporterTest
[INFO] Running com.puppycrawl.tools.checkstyle.api.AuditEventTest
[INFO] Tests run: 3, Failures: 0, Errors: 0, Skipped: 0, Time elapsed: 0.011 s -- in com.puppycrawl.tools.checkstyle.api.AuditEventTest
[INFO] Running com.puppycrawl.tools.checkstyle.api.BeforeExecutionFileFilterSetTest
[INFO] Tests run: 8, Failures: 0, Errors: 0, Skipped: 0, Time elapsed: 0.014 s -- in com.puppycrawl.tools.checkstyle.api.BeforeExecutionFileFilterSetTest
[INFO] Running com.puppycrawl.tools.checkstyle.api.CommentTest
[INFO] Tests run: 4, Failures: 0, Errors: 0, Skipped: 0, Time elapsed: 0.010 s -- in com.puppycrawl.tools.checkstyle.api.CommentTest
[INFO] Running com.puppycrawl.tools.checkstyle.api.FileContentsTest
[INFO] Tests run: 23, Failures: 0, Errors: 0, Skipped: 0, Time elapsed: 0.040 s -- in com.puppycrawl.tools.checkstyle.api.FileContentsTest
[INFO] Running com.puppycrawl.tools.checkstyle.api.FileSetCheckTest
[INFO] Tests run: 2, Failures: 0, Errors: 0, Skipped: 0, Time elapsed: 0.016 s -- in com.puppycrawl.tools.checkstyle.api.FileSetCheckTest
[INFO] Running com.puppycrawl.tools.checkstyle.api.FileTextTest
[INFO] Tests run: 10, Failures: 0, Errors: 0, Skipped: 0, Time elapsed: 0.036 s -- in com.puppycrawl.tools.checkstyle.api.FileTextTest
[INFO] Running com.puppycrawl.tools.checkstyle.api.FilterSetTest
[INFO] Tests run: 9, Failures: 0, Errors: 0, Skipped: 0, Time elapsed: 0.011 s -- in com.puppycrawl.tools.checkstyle.api.FilterSetTest
[INFO] Running com.puppycrawl.tools.checkstyle.api.FullIdentTest
[INFO] Tests run: 13, Failures: 0, Errors: 0, Skipped: 0, Time elapsed: 0.160 s -- in com.puppycrawl.tools.checkstyle.api.FullIdentTest
[INFO] Running com.puppycrawl.tools.checkstyle.api.JavadocCommentsTokenTypesTest
[INFO] Tests run: 2, Failures: 0, Errors: 0, Skipped: 0, Time elapsed: 0.007 s -- in com.puppycrawl.tools.checkstyle.api.JavadocCommentsTokenTypesTest
[INFO] Running com.puppycrawl.tools.checkstyle.api.LineColumnTest
[INFO] Tests run: 5, Failures: 0, Errors: 0, Skipped: 0, Time elapsed: 0.905 s -- in com.puppycrawl.tools.checkstyle.api.LineColumnTest
[INFO] Running com.puppycrawl.tools.checkstyle.api.ScopeTest
[INFO] Tests run: 10, Failures: 0, Errors: 0, Skipped: 0, Time elapsed: 0.021 s -- in com.puppycrawl.tools.checkstyle.api.ScopeTest
[INFO] Running com.puppycrawl.tools.checkstyle.api.SeverityLevelCounterTest
[INFO] Tests run: 5, Failures: 0, Errors: 0, Skipped: 0, Time elapsed: 0.010 s -- in com.puppycrawl.tools.checkstyle.api.SeverityLevelCounterTest
[INFO] Running com.puppycrawl.tools.checkstyle.api.SeverityLevelTest
[INFO] Tests run: 4, Failures: 0, Errors: 0, Skipped: 0, Time elapsed: 0.010 s -- in com.puppycrawl.tools.checkstyle.api.SeverityLevelTest
[INFO] Running com.puppycrawl.tools.checkstyle.api.TokenTypesTest
[INFO] Tests run: 4, Failures: 0, Errors: 0, Skipped: 0, Time elapsed: 0.013 s -- in com.puppycrawl.tools.checkstyle.api.TokenTypesTest
[INFO] Running com.puppycrawl.tools.checkstyle.api.ViolationTest
[ERROR] Tests run: 12, Failures: 1, Errors: 0, Skipped: 0, Time elapsed: 0.102 s <<< FAILURE! -- in com.puppycrawl.tools.checkstyle.api.ViolationTest
[ERROR] com.puppycrawl.tools.checkstyle.api.ViolationTest.testEqualsAndHashCode -- Time elapsed: 0.079 s <<< FAILURE!
Error: EqualsVerifier found a problem in class com.puppycrawl.tools.checkstyle.api.Violation.
-> Java 25 (69) is not supported by the current version of Byte Buddy which officially supports Java 22 (66) - update Byte Buddy or set net.bytebuddy.experimental as a VM property

For more information, go to: https://www.jqno.nl/equalsverifier/errormessages
(EqualsVerifier 4.4.1, JDK 25.0.2 running on classpath, on Windows 11. Mockito: available.)
value of: isSuccessful()
expected to be true
	at com.puppycrawl.tools.checkstyle.api.ViolationTest.testEqualsAndHashCode(ViolationTest.java:41)

[INFO] Running com.puppycrawl.tools.checkstyle.AstTreeStringPrinterTest
[INFO] Tests run: 14, Failures: 0, Errors: 0, Skipped: 0, Time elapsed: 0.173 s -- in com.puppycrawl.tools.checkstyle.AstTreeStringPrinterTest
[INFO] Running com.puppycrawl.tools.checkstyle.AuditEventDefaultFormatterTest
[INFO] Tests run: 4, Failures: 0, Errors: 0, Skipped: 0, Time elapsed: 0.010 s -- in com.puppycrawl.tools.checkstyle.AuditEventDefaultFormatterTest
[INFO] Running com.puppycrawl.tools.checkstyle.CheckerTest
[INFO] Tests run: 52, Failures: 0, Errors: 0, Skipped: 0, Time elapsed: 0.553 s -- in com.puppycrawl.tools.checkstyle.CheckerTest
[INFO] Running com.puppycrawl.tools.checkstyle.checks.annotation.AnnotationLocationCheckTest
[INFO] Tests run: 23, Failures: 0, Errors: 0, Skipped: 0, Time elapsed: 0.384 s -- in com.puppycrawl.tools.checkstyle.checks.annotation.AnnotationLocationCheckTest
[INFO] Running com.puppycrawl.tools.checkstyle.checks.annotation.AnnotationLocationExamplesTest
[INFO] Tests run: 4, Failures: 0, Errors: 0, Skipped: 0, Time elapsed: 0.056 s -- in com.puppycrawl.tools.checkstyle.checks.annotation.AnnotationLocationExamplesTest
[INFO] Running com.puppycrawl.tools.checkstyle.checks.annotation.AnnotationOnSameLineCheckExamplesTest
[INFO] Tests run: 2, Failures: 0, Errors: 0, Skipped: 0, Time elapsed: 0.030 s -- in com.puppycrawl.tools.checkstyle.checks.annotation.AnnotationOnSameLineCheckExamplesTest
[INFO] Running com.puppycrawl.tools.checkstyle.checks.annotation.AnnotationOnSameLineCheckTest
[INFO] Tests run: 10, Failures: 0, Errors: 0, Skipped: 0, Time elapsed: 0.137 s -- in com.puppycrawl.tools.checkstyle.checks.annotation.AnnotationOnSameLineCheckTest
[INFO] Running com.puppycrawl.tools.checkstyle.checks.annotation.AnnotationUseStyleCheckExamplesTest
[INFO] Tests run: 4, Failures: 0, Errors: 0, Skipped: 0, Time elapsed: 0.128 s -- in com.puppycrawl.tools.checkstyle.checks.annotation.AnnotationUseStyleCheckExamplesTest
[INFO] Running com.puppycrawl.tools.checkstyle.checks.annotation.AnnotationUseStyleCheckTest
[INFO] Tests run: 22, Failures: 0, Errors: 0, Skipped: 0, Time elapsed: 0.221 s -- in com.puppycrawl.tools.checkstyle.checks.annotation.AnnotationUseStyleCheckTest
[INFO] Running com.puppycrawl.tools.checkstyle.checks.annotation.MissingDeprecatedCheckExamplesTest
[INFO] Tests run: 2, Failures: 0, Errors: 0, Skipped: 0, Time elapsed: 0.036 s -- in com.puppycrawl.tools.checkstyle.checks.annotation.MissingDeprecatedCheckExamplesTest
[INFO] Running com.puppycrawl.tools.checkstyle.checks.annotation.MissingDeprecatedCheckTest
[INFO] Tests run: 11, Failures: 0, Errors: 0, Skipped: 0, Time elapsed: 0.106 s -- in com.puppycrawl.tools.checkstyle.checks.annotation.MissingDeprecatedCheckTest
[INFO] Running com.puppycrawl.tools.checkstyle.checks.annotation.MissingOverrideCheckExamplesTest
[INFO] Tests run: 2, Failures: 0, Errors: 0, Skipped: 0, Time elapsed: 0.027 s -- in com.puppycrawl.tools.checkstyle.checks.annotation.MissingOverrideCheckExamplesTest
[INFO] Running com.puppycrawl.tools.checkstyle.checks.annotation.MissingOverrideCheckTest
[INFO] Tests run: 14, Failures: 0, Errors: 0, Skipped: 0, Time elapsed: 0.112 s -- in com.puppycrawl.tools.checkstyle.checks.annotation.MissingOverrideCheckTest
[INFO] Running com.puppycrawl.tools.checkstyle.checks.annotation.MissingOverrideOnRecordAccessorCheckExamplesTest
[INFO] Tests run: 2, Failures: 0, Errors: 0, Skipped: 0, Time elapsed: 0.032 s -- in com.puppycrawl.tools.checkstyle.checks.annotation.MissingOverrideOnRecordAccessorCheckExamplesTest
[INFO] Running com.puppycrawl.tools.checkstyle.checks.annotation.MissingOverrideOnRecordAccessorCheckTest
[INFO] Tests run: 12, Failures: 0, Errors: 0, Skipped: 0, Time elapsed: 0.087 s -- in com.puppycrawl.tools.checkstyle.checks.annotation.MissingOverrideOnRecordAccessorCheckTest
[INFO] Running com.puppycrawl.tools.checkstyle.checks.annotation.PackageAnnotationCheckExamplesTest
[INFO] Tests run: 3, Failures: 0, Errors: 0, Skipped: 0, Time elapsed: 0.029 s -- in com.puppycrawl.tools.checkstyle.checks.annotation.PackageAnnotationCheckExamplesTest
[INFO] Running com.puppycrawl.tools.checkstyle.checks.annotation.PackageAnnotationCheckTest
[INFO] Tests run: 4, Failures: 0, Errors: 0, Skipped: 0, Time elapsed: 0.020 s -- in com.puppycrawl.tools.checkstyle.checks.annotation.PackageAnnotationCheckTest
[INFO] Running com.puppycrawl.tools.checkstyle.checks.annotation.SuppressWarningsCheckExamplesTest
[INFO] Tests run: 2, Failures: 0, Errors: 0, Skipped: 0, Time elapsed: 0.026 s -- in com.puppycrawl.tools.checkstyle.checks.annotation.SuppressWarningsCheckExamplesTest
[INFO] Running com.puppycrawl.tools.checkstyle.checks.annotation.SuppressWarningsCheckTest
[INFO] Tests run: 40, Failures: 0, Errors: 0, Skipped: 0, Time elapsed: 0.519 s -- in com.puppycrawl.tools.checkstyle.checks.annotation.SuppressWarningsCheckTest
[INFO] Running com.puppycrawl.tools.checkstyle.checks.annotation.SuppressWarningsHolderExamplesTest
[INFO] Tests run: 4, Failures: 0, Errors: 0, Skipped: 0, Time elapsed: 0.077 s -- in com.puppycrawl.tools.checkstyle.checks.annotation.SuppressWarningsHolderExamplesTest
[INFO] Running com.puppycrawl.tools.checkstyle.checks.ArrayTypeStyleCheckExamplesTest
[INFO] Tests run: 2, Failures: 0, Errors: 0, Skipped: 0, Time elapsed: 0.027 s -- in com.puppycrawl.tools.checkstyle.checks.ArrayTypeStyleCheckExamplesTest
[INFO] Running com.puppycrawl.tools.checkstyle.checks.ArrayTypeStyleCheckTest
[INFO] Tests run: 5, Failures: 0, Errors: 0, Skipped: 0, Time elapsed: 0.034 s -- in com.puppycrawl.tools.checkstyle.checks.ArrayTypeStyleCheckTest
[INFO] Running com.puppycrawl.tools.checkstyle.checks.AvoidEscapedUnicodeCharactersCheckExamplesTest
[INFO] Tests run: 5, Failures: 0, Errors: 0, Skipped: 0, Time elapsed: 0.085 s -- in com.puppycrawl.tools.checkstyle.checks.AvoidEscapedUnicodeCharactersCheckExamplesTest
[INFO] Running com.puppycrawl.tools.checkstyle.checks.AvoidEscapedUnicodeCharactersCheckTest
[INFO] Tests run: 17, Failures: 0, Errors: 0, Skipped: 0, Time elapsed: 6.164 s -- in com.puppycrawl.tools.checkstyle.checks.AvoidEscapedUnicodeCharactersCheckTest
[INFO] Running com.puppycrawl.tools.checkstyle.checks.blocks.AvoidNestedBlocksCheckExamplesTest
[INFO] Tests run: 2, Failures: 0, Errors: 0, Skipped: 0, Time elapsed: 0.038 s -- in com.puppycrawl.tools.checkstyle.checks.blocks.AvoidNestedBlocksCheckExamplesTest
[INFO] Running com.puppycrawl.tools.checkstyle.checks.blocks.AvoidNestedBlocksCheckTest
[INFO] Tests run: 4, Failures: 0, Errors: 0, Skipped: 0, Time elapsed: 0.019 s -- in com.puppycrawl.tools.checkstyle.checks.blocks.AvoidNestedBlocksCheckTest
[INFO] Running com.puppycrawl.tools.checkstyle.checks.blocks.EmptyBlockCheckExamplesTest
[INFO] Tests run: 3, Failures: 0, Errors: 0, Skipped: 0, Time elapsed: 0.046 s -- in com.puppycrawl.tools.checkstyle.checks.blocks.EmptyBlockCheckExamplesTest
[INFO] Running com.puppycrawl.tools.checkstyle.checks.blocks.EmptyBlockCheckTest
[INFO] Tests run: 17, Failures: 0, Errors: 0, Skipped: 0, Time elapsed: 0.197 s -- in com.puppycrawl.tools.checkstyle.checks.blocks.EmptyBlockCheckTest
[INFO] Running com.puppycrawl.tools.checkstyle.checks.blocks.EmptyCatchBlockCheckExamplesTest
[INFO] Tests run: 5, Failures: 0, Errors: 0, Skipped: 0, Time elapsed: 0.059 s -- in com.puppycrawl.tools.checkstyle.checks.blocks.EmptyCatchBlockCheckExamplesTest
[INFO] Running com.puppycrawl.tools.checkstyle.checks.blocks.EmptyCatchBlockCheckTest
[INFO] Tests run: 5, Failures: 0, Errors: 0, Skipped: 0, Time elapsed: 0.043 s -- in com.puppycrawl.tools.checkstyle.checks.blocks.EmptyCatchBlockCheckTest
[INFO] Running com.puppycrawl.tools.checkstyle.checks.blocks.LeftCurlyCheckExamplesTest
[INFO] Tests run: 4, Failures: 0, Errors: 0, Skipped: 0, Time elapsed: 0.052 s -- in com.puppycrawl.tools.checkstyle.checks.blocks.LeftCurlyCheckExamplesTest
[INFO] Running com.puppycrawl.tools.checkstyle.checks.blocks.LeftCurlyCheckTest
[INFO] Tests run: 47, Failures: 0, Errors: 0, Skipped: 0, Time elapsed: 0.431 s -- in com.puppycrawl.tools.checkstyle.checks.blocks.LeftCurlyCheckTest
[INFO] Running com.puppycrawl.tools.checkstyle.checks.blocks.NeedBracesCheckExamplesTest
[INFO] Tests run: 6, Failures: 0, Errors: 0, Skipped: 0, Time elapsed: 0.088 s -- in com.puppycrawl.tools.checkstyle.checks.blocks.NeedBracesCheckExamplesTest
[INFO] Running com.puppycrawl.tools.checkstyle.checks.blocks.NeedBracesCheckTest
[INFO] Tests run: 19, Failures: 0, Errors: 0, Skipped: 0, Time elapsed: 0.278 s -- in com.puppycrawl.tools.checkstyle.checks.blocks.NeedBracesCheckTest
[INFO] Running com.puppycrawl.tools.checkstyle.checks.blocks.RightCurlyCheckExamplesTest
[INFO] Tests run: 5, Failures: 0, Errors: 0, Skipped: 0, Time elapsed: 0.059 s -- in com.puppycrawl.tools.checkstyle.checks.blocks.RightCurlyCheckExamplesTest
[INFO] Running com.puppycrawl.tools.checkstyle.checks.blocks.RightCurlyCheckTest
[INFO] Tests run: 65, Failures: 0, Errors: 0, Skipped: 0, Time elapsed: 0.801 s -- in com.puppycrawl.tools.checkstyle.checks.blocks.RightCurlyCheckTest
[INFO] Running com.puppycrawl.tools.checkstyle.checks.coding.ArrayTrailingCommaCheckExamplesTest
[INFO] Tests run: 2, Failures: 0, Errors: 0, Skipped: 0, Time elapsed: 0.030 s -- in com.puppycrawl.tools.checkstyle.checks.coding.ArrayTrailingCommaCheckExamplesTest
[INFO] Running com.puppycrawl.tools.checkstyle.checks.coding.ArrayTrailingCommaCheckTest
[INFO] Tests run: 3, Failures: 0, Errors: 0, Skipped: 0, Time elapsed: 0.017 s -- in com.puppycrawl.tools.checkstyle.checks.coding.ArrayTrailingCommaCheckTest
[INFO] Running com.puppycrawl.tools.checkstyle.checks.coding.AvoidDoubleBraceInitializationCheckExamplesTest
[INFO] Tests run: 1, Failures: 0, Errors: 0, Skipped: 0, Time elapsed: 0.021 s -- in com.puppycrawl.tools.checkstyle.checks.coding.AvoidDoubleBraceInitializationCheckExamplesTest
[INFO] Running com.puppycrawl.tools.checkstyle.checks.coding.AvoidDoubleBraceInitializationCheckTest
[INFO] Tests run: 2, Failures: 0, Errors: 0, Skipped: 0, Time elapsed: 0.025 s -- in com.puppycrawl.tools.checkstyle.checks.coding.AvoidDoubleBraceInitializationCheckTest
[INFO] Running com.puppycrawl.tools.checkstyle.checks.coding.AvoidInlineConditionalsCheckExamplesTest
[INFO] Tests run: 1, Failures: 0, Errors: 0, Skipped: 0, Time elapsed: 0.014 s -- in com.puppycrawl.tools.checkstyle.checks.coding.AvoidInlineConditionalsCheckExamplesTest
[INFO] Running com.puppycrawl.tools.checkstyle.checks.coding.AvoidInlineConditionalsCheckTest
[INFO] Tests run: 2, Failures: 0, Errors: 0, Skipped: 0, Time elapsed: 0.012 s -- in com.puppycrawl.tools.checkstyle.checks.coding.AvoidInlineConditionalsCheckTest
[INFO] Running com.puppycrawl.tools.checkstyle.checks.coding.AvoidNoArgumentSuperConstructorCallCheckExamplesTest
[INFO] Tests run: 1, Failures: 0, Errors: 0, Skipped: 0, Time elapsed: 0.012 s -- in com.puppycrawl.tools.checkstyle.checks.coding.AvoidNoArgumentSuperConstructorCallCheckExamplesTest
[INFO] Running com.puppycrawl.tools.checkstyle.checks.coding.AvoidNoArgumentSuperConstructorCallCheckTest
[INFO] Tests run: 2, Failures: 0, Errors: 0, Skipped: 0, Time elapsed: 0.014 s -- in com.puppycrawl.tools.checkstyle.checks.coding.AvoidNoArgumentSuperConstructorCallCheckTest
[INFO] Running com.puppycrawl.tools.checkstyle.checks.coding.ConstructorsDeclarationGroupingCheckExamplesTest
[INFO] Tests run: 2, Failures: 0, Errors: 0, Skipped: 0, Time elapsed: 0.024 s -- in com.puppycrawl.tools.checkstyle.checks.coding.ConstructorsDeclarationGroupingCheckExamplesTest
[INFO] Running com.puppycrawl.tools.checkstyle.checks.coding.ConstructorsDeclarationGroupingCheckTest
[INFO] Tests run: 4, Failures: 0, Errors: 0, Skipped: 0, Time elapsed: 0.023 s -- in com.puppycrawl.tools.checkstyle.checks.coding.ConstructorsDeclarationGroupingCheckTest
[INFO] Running com.puppycrawl.tools.checkstyle.checks.coding.CovariantEqualsCheckExamplesTest
[INFO] Tests run: 2, Failures: 0, Errors: 0, Skipped: 0, Time elapsed: 0.018 s -- in com.puppycrawl.tools.checkstyle.checks.coding.CovariantEqualsCheckExamplesTest
[INFO] Running com.puppycrawl.tools.checkstyle.checks.coding.CovariantEqualsCheckTest
[INFO] Tests run: 4, Failures: 0, Errors: 0, Skipped: 0, Time elapsed: 0.021 s -- in com.puppycrawl.tools.checkstyle.checks.coding.CovariantEqualsCheckTest
[INFO] Running com.puppycrawl.tools.checkstyle.checks.coding.DeclarationOrderCheckExamplesTest
[INFO] Tests run: 3, Failures: 0, Errors: 0, Skipped: 0, Time elapsed: 0.030 s -- in com.puppycrawl.tools.checkstyle.checks.coding.DeclarationOrderCheckExamplesTest
[INFO] Running com.puppycrawl.tools.checkstyle.checks.coding.DeclarationOrderCheckTest
[INFO] Tests run: 15, Failures: 0, Errors: 0, Skipped: 0, Time elapsed: 0.110 s -- in com.puppycrawl.tools.checkstyle.checks.coding.DeclarationOrderCheckTest
[INFO] Running com.puppycrawl.tools.checkstyle.checks.coding.DefaultComesLastCheckExamplesTest
[INFO] Tests run: 2, Failures: 0, Errors: 0, Skipped: 0, Time elapsed: 0.020 s -- in com.puppycrawl.tools.checkstyle.checks.coding.DefaultComesLastCheckExamplesTest
[INFO] Running com.puppycrawl.tools.checkstyle.checks.coding.DefaultComesLastCheckTest
[INFO] Tests run: 9, Failures: 0, Errors: 0, Skipped: 0, Time elapsed: 0.051 s -- in com.puppycrawl.tools.checkstyle.checks.coding.DefaultComesLastCheckTest
[INFO] Running com.puppycrawl.tools.checkstyle.checks.coding.EmptyStatementCheckExamplesTest
[INFO] Tests run: 1, Failures: 0, Errors: 0, Skipped: 0, Time elapsed: 0.012 s -- in com.puppycrawl.tools.checkstyle.checks.coding.EmptyStatementCheckExamplesTest
[INFO] Running com.puppycrawl.tools.checkstyle.checks.coding.EmptyStatementCheckTest
[INFO] Tests run: 2, Failures: 0, Errors: 0, Skipped: 0, Time elapsed: 0.009 s -- in com.puppycrawl.tools.checkstyle.checks.coding.EmptyStatementCheckTest
[INFO] Running com.puppycrawl.tools.checkstyle.checks.coding.EqualsAvoidNullCheckExamplesTest
[INFO] Tests run: 2, Failures: 0, Errors: 0, Skipped: 0, Time elapsed: 0.021 s -- in com.puppycrawl.tools.checkstyle.checks.coding.EqualsAvoidNullCheckExamplesTest
[INFO] Running com.puppycrawl.tools.checkstyle.checks.coding.EqualsAvoidNullCheckTest
[INFO] Tests run: 12, Failures: 0, Errors: 0, Skipped: 0, Time elapsed: 0.259 s -- in com.puppycrawl.tools.checkstyle.checks.coding.EqualsAvoidNullCheckTest
[INFO] Running com.puppycrawl.tools.checkstyle.checks.coding.EqualsHashCodeCheckExamplesTest
[INFO] Tests run: 1, Failures: 0, Errors: 0, Skipped: 0, Time elapsed: 0.015 s -- in com.puppycrawl.tools.checkstyle.checks.coding.EqualsHashCodeCheckExamplesTest
[INFO] Running com.puppycrawl.tools.checkstyle.checks.coding.EqualsHashCodeCheckTest
[INFO] Tests run: 6, Failures: 0, Errors: 0, Skipped: 0, Time elapsed: 0.042 s -- in com.puppycrawl.tools.checkstyle.checks.coding.EqualsHashCodeCheckTest
[INFO] Running com.puppycrawl.tools.checkstyle.checks.coding.ExplicitInitializationCheckExamplesTest
[INFO] Tests run: 2, Failures: 0, Errors: 0, Skipped: 0, Time elapsed: 0.019 s -- in com.puppycrawl.tools.checkstyle.checks.coding.ExplicitInitializationCheckExamplesTest
[INFO] Running com.puppycrawl.tools.checkstyle.checks.coding.ExplicitInitializationCheckTest
[INFO] Tests run: 3, Failures: 0, Errors: 0, Skipped: 0, Time elapsed: 0.021 s -- in com.puppycrawl.tools.checkstyle.checks.coding.ExplicitInitializationCheckTest
[INFO] Running com.puppycrawl.tools.checkstyle.checks.coding.FallThroughCheckExamplesTest
[INFO] Tests run: 3, Failures: 0, Errors: 0, Skipped: 0, Time elapsed: 0.027 s -- in com.puppycrawl.tools.checkstyle.checks.coding.FallThroughCheckExamplesTest
[INFO] Running com.puppycrawl.tools.checkstyle.checks.coding.FallThroughCheckTest
[INFO] Tests run: 29, Failures: 0, Errors: 0, Skipped: 0, Time elapsed: 0.374 s -- in com.puppycrawl.tools.checkstyle.checks.coding.FallThroughCheckTest
[INFO] Running com.puppycrawl.tools.checkstyle.checks.coding.FinalLocalVariableCheckExamplesTest
[INFO] Tests run: 5, Failures: 0, Errors: 0, Skipped: 0, Time elapsed: 0.054 s -- in com.puppycrawl.tools.checkstyle.checks.coding.FinalLocalVariableCheckExamplesTest
[INFO] Running com.puppycrawl.tools.checkstyle.checks.coding.FinalLocalVariableCheckTest
[INFO] Tests run: 35, Failures: 0, Errors: 0, Skipped: 0, Time elapsed: 0.593 s -- in com.puppycrawl.tools.checkstyle.checks.coding.FinalLocalVariableCheckTest
[INFO] Running com.puppycrawl.tools.checkstyle.checks.coding.HiddenFieldCheckExamplesTest
[INFO] Tests run: 7, Failures: 0, Errors: 0, Skipped: 0, Time elapsed: 0.063 s -- in com.puppycrawl.tools.checkstyle.checks.coding.HiddenFieldCheckExamplesTest
[INFO] Running com.puppycrawl.tools.checkstyle.checks.coding.HiddenFieldCheckTest
[INFO] Tests run: 40, Failures: 0, Errors: 0, Skipped: 0, Time elapsed: 0.493 s -- in com.puppycrawl.tools.checkstyle.checks.coding.HiddenFieldCheckTest
[INFO] Running com.puppycrawl.tools.checkstyle.checks.coding.IllegalCatchCheckExamplesTest
[INFO] Tests run: 2, Failures: 0, Errors: 0, Skipped: 0, Time elapsed: 0.026 s -- in com.puppycrawl.tools.checkstyle.checks.coding.IllegalCatchCheckExamplesTest
[INFO] Running com.puppycrawl.tools.checkstyle.checks.coding.IllegalCatchCheckTest
[INFO] Tests run: 5, Failures: 0, Errors: 0, Skipped: 0, Time elapsed: 0.034 s -- in com.puppycrawl.tools.checkstyle.checks.coding.IllegalCatchCheckTest
[INFO] Running com.puppycrawl.tools.checkstyle.checks.coding.IllegalInstantiationCheckExamplesTest
[INFO] Tests run: 3, Failures: 0, Errors: 0, Skipped: 0, Time elapsed: 0.039 s -- in com.puppycrawl.tools.checkstyle.checks.coding.IllegalInstantiationCheckExamplesTest
[INFO] Running com.puppycrawl.tools.checkstyle.checks.coding.IllegalInstantiationCheckTest
[INFO] Tests run: 15, Failures: 0, Errors: 0, Skipped: 0, Time elapsed: 0.085 s -- in com.puppycrawl.tools.checkstyle.checks.coding.IllegalInstantiationCheckTest
[INFO] Running com.puppycrawl.tools.checkstyle.checks.coding.IllegalSymbolCheckExamplesTest
[INFO] Tests run: 6, Failures: 0, Errors: 0, Skipped: 0, Time elapsed: 0.050 s -- in com.puppycrawl.tools.checkstyle.checks.coding.IllegalSymbolCheckExamplesTest
[INFO] Running com.puppycrawl.tools.checkstyle.checks.coding.IllegalSymbolCheckTest
[INFO] Tests run: 45, Failures: 0, Errors: 0, Skipped: 0, Time elapsed: 0.262 s -- in com.puppycrawl.tools.checkstyle.checks.coding.IllegalSymbolCheckTest
[INFO] Running com.puppycrawl.tools.checkstyle.checks.coding.IllegalThrowsCheckExamplesTest
[INFO] Tests run: 4, Failures: 0, Errors: 0, Skipped: 0, Time elapsed: 0.038 s -- in com.puppycrawl.tools.checkstyle.checks.coding.IllegalThrowsCheckExamplesTest
[INFO] Running com.puppycrawl.tools.checkstyle.checks.coding.IllegalThrowsCheckTest
[INFO] Tests run: 7, Failures: 0, Errors: 0, Skipped: 0, Time elapsed: 0.033 s -- in com.puppycrawl.tools.checkstyle.checks.coding.IllegalThrowsCheckTest
[INFO] Running com.puppycrawl.tools.checkstyle.checks.coding.IllegalTokenCheckExamplesTest
[INFO] Tests run: 2, Failures: 0, Errors: 0, Skipped: 0, Time elapsed: 0.019 s -- in com.puppycrawl.tools.checkstyle.checks.coding.IllegalTokenCheckExamplesTest
[INFO] Running com.puppycrawl.tools.checkstyle.checks.coding.IllegalTokenCheckTest
[INFO] Tests run: 7, Failures: 0, Errors: 0, Skipped: 0, Time elapsed: 0.047 s -- in com.puppycrawl.tools.checkstyle.checks.coding.IllegalTokenCheckTest
[INFO] Running com.puppycrawl.tools.checkstyle.checks.coding.IllegalTokenTextCheckExamplesTest
[INFO] Tests run: 5, Failures: 0, Errors: 0, Skipped: 0, Time elapsed: 0.043 s -- in com.puppycrawl.tools.checkstyle.checks.coding.IllegalTokenTextCheckExamplesTest
[INFO] Running com.puppycrawl.tools.checkstyle.checks.coding.IllegalTokenTextCheckTest
[INFO] Tests run: 11, Failures: 0, Errors: 0, Skipped: 0, Time elapsed: 0.061 s -- in com.puppycrawl.tools.checkstyle.checks.coding.IllegalTokenTextCheckTest
[INFO] Running com.puppycrawl.tools.checkstyle.checks.coding.IllegalTypeCheckExamplesTest
[INFO] Tests run: 9, Failures: 0, Errors: 0, Skipped: 0, Time elapsed: 0.961 s -- in com.puppycrawl.tools.checkstyle.checks.coding.IllegalTypeCheckExamplesTest
[INFO] Running com.puppycrawl.tools.checkstyle.checks.coding.IllegalTypeCheckTest
[INFO] Tests run: 32, Failures: 0, Errors: 0, Skipped: 0, Time elapsed: 0.332 s -- in com.puppycrawl.tools.checkstyle.checks.coding.IllegalTypeCheckTest
[INFO] Running com.puppycrawl.tools.checkstyle.checks.coding.InnerAssignmentCheckExamplesTest
[INFO] Tests run: 2, Failures: 0, Errors: 0, Skipped: 0, Time elapsed: 0.042 s -- in com.puppycrawl.tools.checkstyle.checks.coding.InnerAssignmentCheckExamplesTest
[INFO] Running com.puppycrawl.tools.checkstyle.checks.coding.InnerAssignmentCheckTest
[INFO] Tests run: 7, Failures: 0, Errors: 0, Skipped: 0, Time elapsed: 0.085 s -- in com.puppycrawl.tools.checkstyle.checks.coding.InnerAssignmentCheckTest
[INFO] Running com.puppycrawl.tools.checkstyle.checks.coding.MagicNumberCheckExamplesTest
[INFO] Tests run: 6, Failures: 0, Errors: 0, Skipped: 0, Time elapsed: 0.058 s -- in com.puppycrawl.tools.checkstyle.checks.coding.MagicNumberCheckExamplesTest
[INFO] Running com.puppycrawl.tools.checkstyle.checks.coding.MagicNumberCheckTest
[INFO] Tests run: 40, Failures: 0, Errors: 0, Skipped: 0, Time elapsed: 0.395 s -- in com.puppycrawl.tools.checkstyle.checks.coding.MagicNumberCheckTest
[INFO] Running com.puppycrawl.tools.checkstyle.checks.coding.MatchXpathCheckExamplesTest
[INFO] Tests run: 6, Failures: 0, Errors: 0, Skipped: 0, Time elapsed: 0.181 s -- in com.puppycrawl.tools.checkstyle.checks.coding.MatchXpathCheckExamplesTest
[INFO] Running com.puppycrawl.tools.checkstyle.checks.coding.MatchXpathCheckTest
[INFO] Tests run: 20, Failures: 0, Errors: 0, Skipped: 0, Time elapsed: 0.217 s -- in com.puppycrawl.tools.checkstyle.checks.coding.MatchXpathCheckTest
[INFO] Running com.puppycrawl.tools.checkstyle.checks.coding.MissingCtorCheckExamplesTest
[INFO] Tests run: 1, Failures: 0, Errors: 0, Skipped: 0, Time elapsed: 0.011 s -- in com.puppycrawl.tools.checkstyle.checks.coding.MissingCtorCheckExamplesTest
[INFO] Running com.puppycrawl.tools.checkstyle.checks.coding.MissingCtorCheckTest
[INFO] Tests run: 3, Failures: 0, Errors: 0, Skipped: 0, Time elapsed: 0.010 s -- in com.puppycrawl.tools.checkstyle.checks.coding.MissingCtorCheckTest
[INFO] Running com.puppycrawl.tools.checkstyle.checks.coding.MissingNullCaseInSwitchCheckExamplesTest
[INFO] Tests run: 1, Failures: 0, Errors: 0, Skipped: 0, Time elapsed: 0.016 s -- in com.puppycrawl.tools.checkstyle.checks.coding.MissingNullCaseInSwitchCheckExamplesTest
[INFO] Running com.puppycrawl.tools.checkstyle.checks.coding.MissingNullCaseInSwitchCheckTest
[INFO] Tests run: 6, Failures: 0, Errors: 0, Skipped: 0, Time elapsed: 0.090 s -- in com.puppycrawl.tools.checkstyle.checks.coding.MissingNullCaseInSwitchCheckTest
[INFO] Running com.puppycrawl.tools.checkstyle.checks.coding.MissingSwitchDefaultCheckExamplesTest
[INFO] Tests run: 3, Failures: 0, Errors: 0, Skipped: 0, Time elapsed: 0.047 s -- in com.puppycrawl.tools.checkstyle.checks.coding.MissingSwitchDefaultCheckExamplesTest
[INFO] Running com.puppycrawl.tools.checkstyle.checks.coding.MissingSwitchDefaultCheckTest
[INFO] Tests run: 9, Failures: 0, Errors: 0, Skipped: 0, Time elapsed: 0.209 s -- in com.puppycrawl.tools.checkstyle.checks.coding.MissingSwitchDefaultCheckTest
[INFO] Running com.puppycrawl.tools.checkstyle.checks.coding.ModifiedControlVariableCheckExamplesTest
[INFO] Tests run: 2, Failures: 0, Errors: 0, Skipped: 0, Time elapsed: 0.028 s -- in com.puppycrawl.tools.checkstyle.checks.coding.ModifiedControlVariableCheckExamplesTest
[INFO] Running com.puppycrawl.tools.checkstyle.checks.coding.ModifiedControlVariableCheckTest
[INFO] Tests run: 9, Failures: 0, Errors: 0, Skipped: 0, Time elapsed: 0.100 s -- in com.puppycrawl.tools.checkstyle.checks.coding.ModifiedControlVariableCheckTest
[INFO] Running com.puppycrawl.tools.checkstyle.checks.coding.MultipleStringLiteralsCheckExamplesTest
[INFO] Tests run: 4, Failures: 0, Errors: 0, Skipped: 0, Time elapsed: 0.046 s -- in com.puppycrawl.tools.checkstyle.checks.coding.MultipleStringLiteralsCheckExamplesTest
[INFO] Running com.puppycrawl.tools.checkstyle.checks.coding.MultipleStringLiteralsCheckTest
[INFO] Tests run: 9, Failures: 0, Errors: 0, Skipped: 0, Time elapsed: 0.074 s -- in com.puppycrawl.tools.checkstyle.checks.coding.MultipleStringLiteralsCheckTest
[INFO] Running com.puppycrawl.tools.checkstyle.checks.coding.MultipleVariableDeclarationsCheckExamplesTest
[INFO] Tests run: 1, Failures: 0, Errors: 0, Skipped: 0, Time elapsed: 0.013 s -- in com.puppycrawl.tools.checkstyle.checks.coding.MultipleVariableDeclarationsCheckExamplesTest
[INFO] Running com.puppycrawl.tools.checkstyle.checks.coding.MultipleVariableDeclarationsCheckTest
[INFO] Tests run: 4, Failures: 0, Errors: 0, Skipped: 0, Time elapsed: 0.027 s -- in com.puppycrawl.tools.checkstyle.checks.coding.MultipleVariableDeclarationsCheckTest
[INFO] Running com.puppycrawl.tools.checkstyle.checks.coding.NestedForDepthCheckExamplesTest
[INFO] Tests run: 2, Failures: 0, Errors: 0, Skipped: 0, Time elapsed: 0.021 s -- in com.puppycrawl.tools.checkstyle.checks.coding.NestedForDepthCheckExamplesTest
[INFO] Running com.puppycrawl.tools.checkstyle.checks.coding.NestedForDepthCheckTest
[INFO] Tests run: 4, Failures: 0, Errors: 0, Skipped: 0, Time elapsed: 0.021 s -- in com.puppycrawl.tools.checkstyle.checks.coding.NestedForDepthCheckTest
[INFO] Running com.puppycrawl.tools.checkstyle.checks.coding.NestedIfDepthCheckExamplesTest
[INFO] Tests run: 2, Failures: 0, Errors: 0, Skipped: 0, Time elapsed: 0.019 s -- in com.puppycrawl.tools.checkstyle.checks.coding.NestedIfDepthCheckExamplesTest
[INFO] Running com.puppycrawl.tools.checkstyle.checks.coding.NestedIfDepthCheckTest
[INFO] Tests run: 4, Failures: 0, Errors: 0, Skipped: 0, Time elapsed: 0.023 s -- in com.puppycrawl.tools.checkstyle.checks.coding.NestedIfDepthCheckTest
[INFO] Running com.puppycrawl.tools.checkstyle.checks.coding.NestedTryDepthCheckExamplesTest
[INFO] Tests run: 2, Failures: 0, Errors: 0, Skipped: 0, Time elapsed: 0.017 s -- in com.puppycrawl.tools.checkstyle.checks.coding.NestedTryDepthCheckExamplesTest
[INFO] Running com.puppycrawl.tools.checkstyle.checks.coding.NestedTryDepthCheckTest
[INFO] Tests run: 3, Failures: 0, Errors: 0, Skipped: 0, Time elapsed: 0.012 s -- in com.puppycrawl.tools.checkstyle.checks.coding.NestedTryDepthCheckTest
[INFO] Running com.puppycrawl.tools.checkstyle.checks.coding.NoArrayTrailingCommaCheckExamplesTest
[INFO] Tests run: 1, Failures: 0, Errors: 0, Skipped: 0, Time elapsed: 0.009 s -- in com.puppycrawl.tools.checkstyle.checks.coding.NoArrayTrailingCommaCheckExamplesTest
[INFO] Running com.puppycrawl.tools.checkstyle.checks.coding.NoArrayTrailingCommaCheckTest
[INFO] Tests run: 2, Failures: 0, Errors: 0, Skipped: 0, Time elapsed: 0.008 s -- in com.puppycrawl.tools.checkstyle.checks.coding.NoArrayTrailingCommaCheckTest
[INFO] Running com.puppycrawl.tools.checkstyle.checks.coding.NoCloneCheckExamplesTest
[INFO] Tests run: 1, Failures: 0, Errors: 0, Skipped: 0, Time elapsed: 0.009 s -- in com.puppycrawl.tools.checkstyle.checks.coding.NoCloneCheckExamplesTest
[INFO] Running com.puppycrawl.tools.checkstyle.checks.coding.NoCloneCheckTest
[INFO] Tests run: 2, Failures: 0, Errors: 0, Skipped: 0, Time elapsed: 0.012 s -- in com.puppycrawl.tools.checkstyle.checks.coding.NoCloneCheckTest
[INFO] Running com.puppycrawl.tools.checkstyle.checks.coding.NoEnumTrailingCommaCheckExamplesTest
[INFO] Tests run: 1, Failures: 0, Errors: 0, Skipped: 0, Time elapsed: 0.012 s -- in com.puppycrawl.tools.checkstyle.checks.coding.NoEnumTrailingCommaCheckExamplesTest
[INFO] Running com.puppycrawl.tools.checkstyle.checks.coding.NoEnumTrailingCommaCheckTest
[INFO] Tests run: 4, Failures: 0, Errors: 0, Skipped: 0, Time elapsed: 0.018 s -- in com.puppycrawl.tools.checkstyle.checks.coding.NoEnumTrailingCommaCheckTest
[INFO] Running com.puppycrawl.tools.checkstyle.checks.coding.NoFinalizerCheckExamplesTest
[INFO] Tests run: 1, Failures: 0, Errors: 0, Skipped: 0, Time elapsed: 0.009 s -- in com.puppycrawl.tools.checkstyle.checks.coding.NoFinalizerCheckExamplesTest
[INFO] Running com.puppycrawl.tools.checkstyle.checks.coding.NoFinalizerCheckTest
[INFO] Tests run: 4, Failures: 0, Errors: 0, Skipped: 0, Time elapsed: 0.032 s -- in com.puppycrawl.tools.checkstyle.checks.coding.NoFinalizerCheckTest
[INFO] Running com.puppycrawl.tools.checkstyle.checks.coding.OneStatementPerLineCheckExamplesTest
[INFO] Tests run: 2, Failures: 0, Errors: 0, Skipped: 0, Time elapsed: 0.021 s -- in com.puppycrawl.tools.checkstyle.checks.coding.OneStatementPerLineCheckExamplesTest
[INFO] Running com.puppycrawl.tools.checkstyle.checks.coding.OneStatementPerLineCheckTest
[INFO] Tests run: 12, Failures: 0, Errors: 0, Skipped: 0, Time elapsed: 0.160 s -- in com.puppycrawl.tools.checkstyle.checks.coding.OneStatementPerLineCheckTest
[INFO] Running com.puppycrawl.tools.checkstyle.checks.coding.OverloadMethodsDeclarationOrderCheckExamplesTest
[INFO] Tests run: 1, Failures: 0, Errors: 0, Skipped: 0, Time elapsed: 0.015 s -- in com.puppycrawl.tools.checkstyle.checks.coding.OverloadMethodsDeclarationOrderCheckExamplesTest
[INFO] Running com.puppycrawl.tools.checkstyle.checks.coding.OverloadMethodsDeclarationOrderCheckTest
[INFO] Tests run: 4, Failures: 0, Errors: 0, Skipped: 0, Time elapsed: 0.021 s -- in com.puppycrawl.tools.checkstyle.checks.coding.OverloadMethodsDeclarationOrderCheckTest
[INFO] Running com.puppycrawl.tools.checkstyle.checks.coding.PackageDeclarationCheckExamplesTest
[INFO] Tests run: 2, Failures: 0, Errors: 0, Skipped: 0, Time elapsed: 0.019 s -- in com.puppycrawl.tools.checkstyle.checks.coding.PackageDeclarationCheckExamplesTest
[INFO] Running com.puppycrawl.tools.checkstyle.checks.coding.PackageDeclarationCheckTest
[INFO] Tests run: 13, Failures: 0, Errors: 0, Skipped: 0, Time elapsed: 0.059 s -- in com.puppycrawl.tools.checkstyle.checks.coding.PackageDeclarationCheckTest
[INFO] Running com.puppycrawl.tools.checkstyle.checks.coding.ParameterAssignmentCheckExamplesTest
[INFO] Tests run: 1, Failures: 0, Errors: 0, Skipped: 0, Time elapsed: 0.017 s -- in com.puppycrawl.tools.checkstyle.checks.coding.ParameterAssignmentCheckExamplesTest
[INFO] Running com.puppycrawl.tools.checkstyle.checks.coding.ParameterAssignmentCheckTest
[INFO] Tests run: 5, Failures: 0, Errors: 0, Skipped: 0, Time elapsed: 0.032 s -- in com.puppycrawl.tools.checkstyle.checks.coding.ParameterAssignmentCheckTest
[INFO] Running com.puppycrawl.tools.checkstyle.checks.coding.PatternVariableAssignmentCheckExamplesTest
[INFO] Tests run: 1, Failures: 0, Errors: 0, Skipped: 0, Time elapsed: 0.016 s -- in com.puppycrawl.tools.checkstyle.checks.coding.PatternVariableAssignmentCheckExamplesTest
[INFO] Running com.puppycrawl.tools.checkstyle.checks.coding.PatternVariableAssignmentCheckTest
[INFO] Tests run: 3, Failures: 0, Errors: 0, Skipped: 0, Time elapsed: 0.060 s -- in com.puppycrawl.tools.checkstyle.checks.coding.PatternVariableAssignmentCheckTest
[INFO] Running com.puppycrawl.tools.checkstyle.checks.coding.RequireThisCheckExamplesTest
[INFO] Tests run: 6, Failures: 0, Errors: 0, Skipped: 0, Time elapsed: 0.061 s -- in com.puppycrawl.tools.checkstyle.checks.coding.RequireThisCheckExamplesTest
[INFO] Running com.puppycrawl.tools.checkstyle.checks.coding.RequireThisCheckTest
[INFO] Tests run: 38, Failures: 0, Errors: 0, Skipped: 0, Time elapsed: 0.468 s -- in com.puppycrawl.tools.checkstyle.checks.coding.RequireThisCheckTest
[INFO] Running com.puppycrawl.tools.checkstyle.checks.coding.ReturnCountCheckExamplesTest
[INFO] Tests run: 5, Failures: 0, Errors: 0, Skipped: 0, Time elapsed: 0.051 s -- in com.puppycrawl.tools.checkstyle.checks.coding.ReturnCountCheckExamplesTest
[INFO] Running com.puppycrawl.tools.checkstyle.checks.coding.ReturnCountCheckTest
[INFO] Tests run: 11, Failures: 0, Errors: 0, Skipped: 0, Time elapsed: 0.069 s -- in com.puppycrawl.tools.checkstyle.checks.coding.ReturnCountCheckTest
[INFO] Running com.puppycrawl.tools.checkstyle.checks.coding.SimplifyBooleanExpressionCheckExamplesTest
[INFO] Tests run: 1, Failures: 0, Errors: 0, Skipped: 0, Time elapsed: 0.015 s -- in com.puppycrawl.tools.checkstyle.checks.coding.SimplifyBooleanExpressionCheckExamplesTest
[INFO] Running com.puppycrawl.tools.checkstyle.checks.coding.SimplifyBooleanExpressionCheckTest
[INFO] Tests run: 3, Failures: 0, Errors: 0, Skipped: 0, Time elapsed: 0.029 s -- in com.puppycrawl.tools.checkstyle.checks.coding.SimplifyBooleanExpressionCheckTest
[INFO] Running com.puppycrawl.tools.checkstyle.checks.coding.SimplifyBooleanReturnCheckExamplesTest
[INFO] Tests run: 1, Failures: 0, Errors: 0, Skipped: 0, Time elapsed: 0.013 s -- in com.puppycrawl.tools.checkstyle.checks.coding.SimplifyBooleanReturnCheckExamplesTest
[INFO] Running com.puppycrawl.tools.checkstyle.checks.coding.SimplifyBooleanReturnCheckTest
[INFO] Tests run: 3, Failures: 0, Errors: 0, Skipped: 0, Time elapsed: 0.018 s -- in com.puppycrawl.tools.checkstyle.checks.coding.SimplifyBooleanReturnCheckTest
[INFO] Running com.puppycrawl.tools.checkstyle.checks.coding.StringLiteralEqualityCheckExamplesTest
[INFO] Tests run: 1, Failures: 0, Errors: 0, Skipped: 0, Time elapsed: 0.013 s -- in com.puppycrawl.tools.checkstyle.checks.coding.StringLiteralEqualityCheckExamplesTest
[INFO] Running com.puppycrawl.tools.checkstyle.checks.coding.StringLiteralEqualityCheckTest
[INFO] Tests run: 6, Failures: 0, Errors: 0, Skipped: 0, Time elapsed: 0.067 s -- in com.puppycrawl.tools.checkstyle.checks.coding.StringLiteralEqualityCheckTest
[INFO] Running com.puppycrawl.tools.checkstyle.checks.coding.SuperCloneCheckExamplesTest
[INFO] Tests run: 1, Failures: 0, Errors: 0, Skipped: 0, Time elapsed: 0.013 s -- in com.puppycrawl.tools.checkstyle.checks.coding.SuperCloneCheckExamplesTest
[INFO] Running com.puppycrawl.tools.checkstyle.checks.coding.SuperCloneCheckTest
[INFO] Tests run: 5, Failures: 0, Errors: 0, Skipped: 0, Time elapsed: 0.030 s -- in com.puppycrawl.tools.checkstyle.checks.coding.SuperCloneCheckTest
[INFO] Running com.puppycrawl.tools.checkstyle.checks.coding.SuperFinalizeCheckExamplesTest
[INFO] Tests run: 1, Failures: 0, Errors: 0, Skipped: 0, Time elapsed: 0.009 s -- in com.puppycrawl.tools.checkstyle.checks.coding.SuperFinalizeCheckExamplesTest
[INFO] Running com.puppycrawl.tools.checkstyle.checks.coding.SuperFinalizeCheckTest
[INFO] Tests run: 2, Failures: 0, Errors: 0, Skipped: 0, Time elapsed: 0.018 s -- in com.puppycrawl.tools.checkstyle.checks.coding.SuperFinalizeCheckTest
[INFO] Running com.puppycrawl.tools.checkstyle.checks.coding.TextBlockGoogleStyleFormattingCheckTest
[INFO] Tests run: 15, Failures: 0, Errors: 0, Skipped: 0, Time elapsed: 0.144 s -- in com.puppycrawl.tools.checkstyle.checks.coding.TextBlockGoogleStyleFormattingCheckTest
[INFO] Running com.puppycrawl.tools.checkstyle.checks.coding.UnnecessaryNullCheckWithInstanceOfCheckExamplesTest
[INFO] Tests run: 1, Failures: 0, Errors: 0, Skipped: 0, Time elapsed: 0.021 s -- in com.puppycrawl.tools.checkstyle.checks.coding.UnnecessaryNullCheckWithInstanceOfCheckExamplesTest
[INFO] Running com.puppycrawl.tools.checkstyle.checks.coding.UnnecessaryNullCheckWithInstanceOfCheckTest
[INFO] Tests run: 15, Failures: 0, Errors: 0, Skipped: 0, Time elapsed: 0.183 s -- in com.puppycrawl.tools.checkstyle.checks.coding.UnnecessaryNullCheckWithInstanceOfCheckTest
[INFO] Running com.puppycrawl.tools.checkstyle.checks.coding.UnnecessaryParenthesesCheckExamplesTest
[INFO] Tests run: 3, Failures: 0, Errors: 0, Skipped: 0, Time elapsed: 0.046 s -- in com.puppycrawl.tools.checkstyle.checks.coding.UnnecessaryParenthesesCheckExamplesTest
[INFO] Running com.puppycrawl.tools.checkstyle.checks.coding.UnnecessaryParenthesesCheckTest
[INFO] Tests run: 16, Failures: 0, Errors: 0, Skipped: 0, Time elapsed: 0.246 s -- in com.puppycrawl.tools.checkstyle.checks.coding.UnnecessaryParenthesesCheckTest
[INFO] Running com.puppycrawl.tools.checkstyle.checks.coding.UnnecessarySemicolonAfterOuterTypeDeclarationCheckExamplesTest
[INFO] Tests run: 2, Failures: 0, Errors: 0, Skipped: 0, Time elapsed: 0.020 s -- in com.puppycrawl.tools.checkstyle.checks.coding.UnnecessarySemicolonAfterOuterTypeDeclarationCheckExamplesTest
[INFO] Running com.puppycrawl.tools.checkstyle.checks.coding.UnnecessarySemicolonAfterOuterTypeDeclarationCheckTest
[INFO] Tests run: 3, Failures: 0, Errors: 0, Skipped: 0, Time elapsed: 0.014 s -- in com.puppycrawl.tools.checkstyle.checks.coding.UnnecessarySemicolonAfterOuterTypeDeclarationCheckTest
[INFO] Running com.puppycrawl.tools.checkstyle.checks.coding.UnnecessarySemicolonAfterTypeMemberDeclarationCheckExamplesTest
[INFO] Tests run: 1, Failures: 0, Errors: 0, Skipped: 0, Time elapsed: 0.012 s -- in com.puppycrawl.tools.checkstyle.checks.coding.UnnecessarySemicolonAfterTypeMemberDeclarationCheckExamplesTest
[INFO] Running com.puppycrawl.tools.checkstyle.checks.coding.UnnecessarySemicolonAfterTypeMemberDeclarationCheckTest
[INFO] Tests run: 4, Failures: 0, Errors: 0, Skipped: 0, Time elapsed: 0.022 s -- in com.puppycrawl.tools.checkstyle.checks.coding.UnnecessarySemicolonAfterTypeMemberDeclarationCheckTest
[INFO] Running com.puppycrawl.tools.checkstyle.checks.coding.UnnecessarySemicolonInEnumerationCheckExamplesTest
[INFO] Tests run: 2, Failures: 0, Errors: 0, Skipped: 0, Time elapsed: 0.015 s -- in com.puppycrawl.tools.checkstyle.checks.coding.UnnecessarySemicolonInEnumerationCheckExamplesTest
[INFO] Running com.puppycrawl.tools.checkstyle.checks.coding.UnnecessarySemicolonInEnumerationCheckTest
[INFO] Tests run: 2, Failures: 0, Errors: 0, Skipped: 0, Time elapsed: 0.008 s -- in com.puppycrawl.tools.checkstyle.checks.coding.UnnecessarySemicolonInEnumerationCheckTest
[INFO] Running com.puppycrawl.tools.checkstyle.checks.coding.UnnecessarySemicolonInTryWithResourcesCheckExamplesTest
[INFO] Tests run: 2, Failures: 0, Errors: 0, Skipped: 0, Time elapsed: 0.018 s -- in com.puppycrawl.tools.checkstyle.checks.coding.UnnecessarySemicolonInTryWithResourcesCheckExamplesTest
[INFO] Running com.puppycrawl.tools.checkstyle.checks.coding.UnnecessarySemicolonInTryWithResourcesCheckTest
[INFO] Tests run: 3, Failures: 0, Errors: 0, Skipped: 0, Time elapsed: 0.011 s -- in com.puppycrawl.tools.checkstyle.checks.coding.UnnecessarySemicolonInTryWithResourcesCheckTest
[INFO] Running com.puppycrawl.tools.checkstyle.checks.coding.UnusedCatchParameterShouldBeUnnamedCheckExamplesTest
[INFO] Tests run: 1, Failures: 0, Errors: 0, Skipped: 0, Time elapsed: 0.013 s -- in com.puppycrawl.tools.checkstyle.checks.coding.UnusedCatchParameterShouldBeUnnamedCheckExamplesTest
[INFO] Running com.puppycrawl.tools.checkstyle.checks.coding.UnusedCatchParameterShouldBeUnnamedCheckTest
[INFO] Tests run: 6, Failures: 0, Errors: 0, Skipped: 0, Time elapsed: 0.043 s -- in com.puppycrawl.tools.checkstyle.checks.coding.UnusedCatchParameterShouldBeUnnamedCheckTest
[INFO] Running com.puppycrawl.tools.checkstyle.checks.coding.UnusedLambdaParameterShouldBeUnnamedCheckExamplesTest
[INFO] Tests run: 1, Failures: 0, Errors: 0, Skipped: 0, Time elapsed: 0.022 s -- in com.puppycrawl.tools.checkstyle.checks.coding.UnusedLambdaParameterShouldBeUnnamedCheckExamplesTest
[INFO] Running com.puppycrawl.tools.checkstyle.checks.coding.UnusedLambdaParameterShouldBeUnnamedCheckTest
[INFO] Tests run: 5, Failures: 0, Errors: 0, Skipped: 0, Time elapsed: 0.116 s -- in com.puppycrawl.tools.checkstyle.checks.coding.UnusedLambdaParameterShouldBeUnnamedCheckTest
[INFO] Running com.puppycrawl.tools.checkstyle.checks.coding.UnusedLocalVariableCheckExamplesTest
[INFO] Tests run: 2, Failures: 0, Errors: 0, Skipped: 0, Time elapsed: 0.023 s -- in com.puppycrawl.tools.checkstyle.checks.coding.UnusedLocalVariableCheckExamplesTest
[INFO] Running com.puppycrawl.tools.checkstyle.checks.coding.UnusedLocalVariableCheckTest
[INFO] Tests run: 34, Failures: 0, Errors: 0, Skipped: 0, Time elapsed: 0.546 s -- in com.puppycrawl.tools.checkstyle.checks.coding.UnusedLocalVariableCheckTest
[INFO] Running com.puppycrawl.tools.checkstyle.checks.coding.UseEnhancedSwitchCheckExamplesTest
[INFO] Tests run: 2, Failures: 0, Errors: 0, Skipped: 0, Time elapsed: 0.024 s -- in com.puppycrawl.tools.checkstyle.checks.coding.UseEnhancedSwitchCheckExamplesTest
[INFO] Running com.puppycrawl.tools.checkstyle.checks.coding.UseEnhancedSwitchCheckTest
[INFO] Tests run: 5, Failures: 0, Errors: 0, Skipped: 0, Time elapsed: 0.039 s -- in com.puppycrawl.tools.checkstyle.checks.coding.UseEnhancedSwitchCheckTest
[INFO] Running com.puppycrawl.tools.checkstyle.checks.coding.VariableDeclarationUsageDistanceCheckExamplesTest
[INFO] Tests run: 6, Failures: 0, Errors: 0, Skipped: 0, Time elapsed: 0.057 s -- in com.puppycrawl.tools.checkstyle.checks.coding.VariableDeclarationUsageDistanceCheckExamplesTest
[INFO] Running com.puppycrawl.tools.checkstyle.checks.coding.VariableDeclarationUsageDistanceCheckTest
[INFO] Tests run: 23, Failures: 0, Errors: 0, Skipped: 0, Time elapsed: 0.467 s -- in com.puppycrawl.tools.checkstyle.checks.coding.VariableDeclarationUsageDistanceCheckTest
[INFO] Running com.puppycrawl.tools.checkstyle.checks.coding.WhenShouldBeUsedCheckExamplesTest
[INFO] Tests run: 1, Failures: 0, Errors: 0, Skipped: 0, Time elapsed: 0.018 s -- in com.puppycrawl.tools.checkstyle.checks.coding.WhenShouldBeUsedCheckExamplesTest
[INFO] Running com.puppycrawl.tools.checkstyle.checks.coding.WhenShouldBeUsedCheckTest
[INFO] Tests run: 5, Failures: 0, Errors: 0, Skipped: 0, Time elapsed: 0.118 s -- in com.puppycrawl.tools.checkstyle.checks.coding.WhenShouldBeUsedCheckTest
[INFO] Running com.puppycrawl.tools.checkstyle.checks.DescendantTokenCheckExamplesTest
[INFO] Tests run: 17, Failures: 0, Errors: 0, Skipped: 0, Time elapsed: 0.180 s -- in com.puppycrawl.tools.checkstyle.checks.DescendantTokenCheckExamplesTest
[INFO] Running com.puppycrawl.tools.checkstyle.checks.DescendantTokenCheckTest
[INFO] Tests run: 21, Failures: 0, Errors: 0, Skipped: 0, Time elapsed: 0.135 s -- in com.puppycrawl.tools.checkstyle.checks.DescendantTokenCheckTest
[INFO] Running com.puppycrawl.tools.checkstyle.checks.design.DesignForExtensionCheckExamplesTest
[INFO] Tests run: 4, Failures: 0, Errors: 0, Skipped: 0, Time elapsed: 0.048 s -- in com.puppycrawl.tools.checkstyle.checks.design.DesignForExtensionCheckExamplesTest
[INFO] Running com.puppycrawl.tools.checkstyle.checks.design.DesignForExtensionCheckTest
[INFO] Tests run: 11, Failures: 0, Errors: 0, Skipped: 0, Time elapsed: 0.083 s -- in com.puppycrawl.tools.checkstyle.checks.design.DesignForExtensionCheckTest
[INFO] Running com.puppycrawl.tools.checkstyle.checks.design.FinalClassCheckExamplesTest
[INFO] Tests run: 1, Failures: 0, Errors: 0, Skipped: 0, Time elapsed: 0.014 s -- in com.puppycrawl.tools.checkstyle.checks.design.FinalClassCheckExamplesTest
[INFO] Running com.puppycrawl.tools.checkstyle.checks.design.FinalClassCheckTest
[INFO] Tests run: 21, Failures: 0, Errors: 0, Skipped: 0, Time elapsed: 0.151 s -- in com.puppycrawl.tools.checkstyle.checks.design.FinalClassCheckTest
[INFO] Running com.puppycrawl.tools.checkstyle.checks.design.HideUtilityClassConstructorCheckExamplesTest
[INFO] Tests run: 2, Failures: 0, Errors: 0, Skipped: 0, Time elapsed: 0.022 s -- in com.puppycrawl.tools.checkstyle.checks.design.HideUtilityClassConstructorCheckExamplesTest
[INFO] Running com.puppycrawl.tools.checkstyle.checks.design.HideUtilityClassConstructorCheckTest
[ERROR] Tests run: 15, Failures: 0, Errors: 2, Skipped: 0, Time elapsed: 0.066 s <<< FAILURE! -- in com.puppycrawl.tools.checkstyle.checks.design.HideUtilityClassConstructorCheckTest
[ERROR] com.puppycrawl.tools.checkstyle.checks.design.HideUtilityClassConstructorCheckTest.testUtilClassPublicCtor -- Time elapsed: 0.003 s <<< ERROR!
com.puppycrawl.tools.checkstyle.api.CheckstyleException: Failed to set violations in C:\Users\kshra\wayang\checkstyle\src\test\resources\com\puppycrawl\tools\checkstyle\checks\design\hideutilityclassconstructor\InputHideUtilityClassConstructorPublic.java
	at com.puppycrawl.tools.checkstyle.bdd.InlineConfigParser.parse(InlineConfigParser.java:450)
	at com.puppycrawl.tools.checkstyle.bdd.InlineConfigParser.parse(InlineConfigParser.java:423)
	at com.puppycrawl.tools.checkstyle.AbstractModuleTestSupport.verifyWithInlineConfigParser(AbstractModuleTestSupport.java:293)
	at com.puppycrawl.tools.checkstyle.checks.design.HideUtilityClassConstructorCheckTest.testUtilClassPublicCtor(HideUtilityClassConstructorCheckTest.java:64)
Caused by: com.puppycrawl.tools.checkstyle.api.CheckstyleException: Violation message should be specified on line 9
	at com.puppycrawl.tools.checkstyle.bdd.InlineConfigParser.checkWhetherViolationSpecified(InlineConfigParser.java:1332)
	at com.puppycrawl.tools.checkstyle.bdd.InlineConfigParser.setViolations(InlineConfigParser.java:1135)
	at com.puppycrawl.tools.checkstyle.bdd.InlineConfigParser.setViolations(InlineConfigParser.java:1071)
	at com.puppycrawl.tools.checkstyle.bdd.InlineConfigParser.parse(InlineConfigParser.java:447)
	... 3 more

[ERROR] com.puppycrawl.tools.checkstyle.checks.design.HideUtilityClassConstructorCheckTest.testUtilClass -- Time elapsed: 0.001 s <<< ERROR!
com.puppycrawl.tools.checkstyle.api.CheckstyleException: Failed to set violations in C:\Users\kshra\wayang\checkstyle\src\test\resources\com\puppycrawl\tools\checkstyle\checks\design\hideutilityclassconstructor\InputHideUtilityClassConstructorInnerStaticClasses.java
	at com.puppycrawl.tools.checkstyle.bdd.InlineConfigParser.parse(InlineConfigParser.java:450)
	at com.puppycrawl.tools.checkstyle.bdd.InlineConfigParser.parse(InlineConfigParser.java:423)
	at com.puppycrawl.tools.checkstyle.AbstractModuleTestSupport.verifyWithInlineConfigParser(AbstractModuleTestSupport.java:293)
	at com.puppycrawl.tools.checkstyle.checks.design.HideUtilityClassConstructorCheckTest.testUtilClass(HideUtilityClassConstructorCheckTest.java:54)
Caused by: com.puppycrawl.tools.checkstyle.api.CheckstyleException: Violation message should be specified on line 9
	at com.puppycrawl.tools.checkstyle.bdd.InlineConfigParser.checkWhetherViolationSpecified(InlineConfigParser.java:1332)
	at com.puppycrawl.tools.checkstyle.bdd.InlineConfigParser.setViolations(InlineConfigParser.java:1135)
	at com.puppycrawl.tools.checkstyle.bdd.InlineConfigParser.setViolations(InlineConfigParser.java:1071)
	at com.puppycrawl.tools.checkstyle.bdd.InlineConfigParser.parse(InlineConfigParser.java:447)
	... 3 more

[INFO] Running com.puppycrawl.tools.checkstyle.checks.design.InnerTypeLastCheckExamplesTest
[INFO] Tests run: 1, Failures: 0, Errors: 0, Skipped: 0, Time elapsed: 0.013 s -- in com.puppycrawl.tools.checkstyle.checks.design.InnerTypeLastCheckExamplesTest
[INFO] Running com.puppycrawl.tools.checkstyle.checks.design.InnerTypeLastCheckTest
[INFO] Tests run: 9, Failures: 0, Errors: 0, Skipped: 0, Time elapsed: 0.045 s -- in com.puppycrawl.tools.checkstyle.checks.design.InnerTypeLastCheckTest
[INFO] Running com.puppycrawl.tools.checkstyle.checks.design.InterfaceIsTypeCheckExamplesTest
[INFO] Tests run: 2, Failures: 0, Errors: 0, Skipped: 0, Time elapsed: 0.018 s -- in com.puppycrawl.tools.checkstyle.checks.design.InterfaceIsTypeCheckExamplesTest
[INFO] Running com.puppycrawl.tools.checkstyle.checks.design.InterfaceIsTypeCheckTest
[INFO] Tests run: 4, Failures: 0, Errors: 0, Skipped: 0, Time elapsed: 0.013 s -- in com.puppycrawl.tools.checkstyle.checks.design.InterfaceIsTypeCheckTest
[INFO] Running com.puppycrawl.tools.checkstyle.checks.design.MutableExceptionCheckExamplesTest
[INFO] Tests run: 3, Failures: 0, Errors: 0, Skipped: 0, Time elapsed: 0.026 s -- in com.puppycrawl.tools.checkstyle.checks.design.MutableExceptionCheckExamplesTest
[INFO] Running com.puppycrawl.tools.checkstyle.checks.design.MutableExceptionCheckTest
[INFO] Tests run: 8, Failures: 0, Errors: 0, Skipped: 0, Time elapsed: 0.037 s -- in com.puppycrawl.tools.checkstyle.checks.design.MutableExceptionCheckTest
[INFO] Running com.puppycrawl.tools.checkstyle.checks.design.OneTopLevelClassCheckExamplesTest
[INFO] Tests run: 3, Failures: 0, Errors: 0, Skipped: 0, Time elapsed: 0.023 s -- in com.puppycrawl.tools.checkstyle.checks.design.OneTopLevelClassCheckExamplesTest
[INFO] Running com.puppycrawl.tools.checkstyle.checks.design.OneTopLevelClassCheckTest
[INFO] Tests run: 18, Failures: 0, Errors: 0, Skipped: 0, Time elapsed: 0.085 s -- in com.puppycrawl.tools.checkstyle.checks.design.OneTopLevelClassCheckTest
[INFO] Running com.puppycrawl.tools.checkstyle.checks.design.SealedShouldHavePermitsListCheckExamplesTest
[INFO] Tests run: 1, Failures: 0, Errors: 0, Skipped: 0, Time elapsed: 0.009 s -- in com.puppycrawl.tools.checkstyle.checks.design.SealedShouldHavePermitsListCheckExamplesTest
[INFO] Running com.puppycrawl.tools.checkstyle.checks.design.SealedShouldHavePermitsListCheckTest
[INFO] Tests run: 6, Failures: 0, Errors: 0, Skipped: 0, Time elapsed: 0.030 s -- in com.puppycrawl.tools.checkstyle.checks.design.SealedShouldHavePermitsListCheckTest
[INFO] Running com.puppycrawl.tools.checkstyle.checks.design.ThrowsCountCheckExamplesTest
[INFO] Tests run: 3, Failures: 0, Errors: 0, Skipped: 0, Time elapsed: 0.026 s -- in com.puppycrawl.tools.checkstyle.checks.design.ThrowsCountCheckExamplesTest
[INFO] Running com.puppycrawl.tools.checkstyle.checks.design.ThrowsCountCheckTest
[INFO] Tests run: 8, Failures: 0, Errors: 0, Skipped: 0, Time elapsed: 0.033 s -- in com.puppycrawl.tools.checkstyle.checks.design.ThrowsCountCheckTest
[INFO] Running com.puppycrawl.tools.checkstyle.checks.design.VisibilityModifierCheckExamplesTest
[INFO] Tests run: 12, Failures: 0, Errors: 0, Skipped: 0, Time elapsed: 0.155 s -- in com.puppycrawl.tools.checkstyle.checks.design.VisibilityModifierCheckExamplesTest
[INFO] Running com.puppycrawl.tools.checkstyle.checks.design.VisibilityModifierCheckTest
[INFO] Tests run: 29, Failures: 0, Errors: 0, Skipped: 0, Time elapsed: 0.333 s -- in com.puppycrawl.tools.checkstyle.checks.design.VisibilityModifierCheckTest
[INFO] Running com.puppycrawl.tools.checkstyle.checks.FinalParametersCheckExamplesTest
[INFO] Tests run: 4, Failures: 0, Errors: 0, Skipped: 0, Time elapsed: 0.037 s -- in com.puppycrawl.tools.checkstyle.checks.FinalParametersCheckExamplesTest
[INFO] Running com.puppycrawl.tools.checkstyle.checks.FinalParametersCheckTest
[INFO] Tests run: 13, Failures: 0, Errors: 0, Skipped: 0, Time elapsed: 0.138 s -- in com.puppycrawl.tools.checkstyle.checks.FinalParametersCheckTest
[INFO] Running com.puppycrawl.tools.checkstyle.checks.header.HeaderCheckExamplesTest
[INFO] Tests run: 4, Failures: 0, Errors: 0, Skipped: 0, Time elapsed: 0.042 s -- in com.puppycrawl.tools.checkstyle.checks.header.HeaderCheckExamplesTest
[INFO] Running com.puppycrawl.tools.checkstyle.checks.header.HeaderCheckTest
[ERROR] Tests run: 19, Failures: 0, Errors: 1, Skipped: 0, Time elapsed: 0.433 s <<< FAILURE! -- in com.puppycrawl.tools.checkstyle.checks.header.HeaderCheckTest
[ERROR] com.puppycrawl.tools.checkstyle.checks.header.HeaderCheckTest.testIoExceptionWhenLoadingHeader -- Time elapsed: 0.194 s <<< ERROR!
org.mockito.exceptions.base.MockitoException: Could not modify all classes [class java.io.Reader, interface java.lang.AutoCloseable, class java.lang.Object, class java.io.LineNumberReader, class java.io.BufferedReader, interface java.lang.Readable, interface java.io.Closeable]
	at com.puppycrawl.tools.checkstyle.checks.header.HeaderCheckTest.testIoExceptionWhenLoadingHeader(HeaderCheckTest.java:318)
Caused by: java.lang.IllegalStateException: 
Byte Buddy could not instrument all classes within the mock's type hierarchy

This problem should never occur for javac-compiled classes. This problem has been observed for classes that are:
 - Compiled by older versions of scalac
 - Classes that are part of the Android distribution
	at org.mockito.internal.creation.bytebuddy.InlineBytecodeGenerator.triggerRetransformation(InlineBytecodeGenerator.java:285)
	at org.mockito.internal.creation.bytebuddy.InlineBytecodeGenerator.mockClassConstruction(InlineBytecodeGenerator.java:231)
	at org.mockito.internal.creation.bytebuddy.TypeCachingBytecodeGenerator.mockClassConstruction(TypeCachingBytecodeGenerator.java:68)
	at org.mockito.internal.creation.bytebuddy.InlineDelegateByteBuddyMockMaker.createConstructionMock(InlineDelegateByteBuddyMockMaker.java:594)
	at org.mockito.internal.creation.bytebuddy.InlineByteBuddyMockMaker.createConstructionMock(InlineByteBuddyMockMaker.java:92)
	at org.mockito.internal.util.MockUtil.createConstructionMock(MockUtil.java:211)
	at org.mockito.internal.MockitoCore.mockConstruction(MockitoCore.java:166)
	at org.mockito.Mockito.mockConstruction(Mockito.java:2439)
	at org.mockito.Mockito.mockConstruction(Mockito.java:2420)
	at org.mockito.Mockito.mockConstruction(Mockito.java:2368)
	... 1 more
Caused by: java.lang.IllegalArgumentException: Java 25 (69) is not supported by the current version of Byte Buddy which officially supports Java 22 (66) - update Byte Buddy or set net.bytebuddy.experimental as a VM property
	at net.bytebuddy.utility.OpenedClassReader.of(OpenedClassReader.java:100)
	at net.bytebuddy.dynamic.scaffold.TypeWriter$Default$ForInlining.create(TypeWriter.java:4011)
	at net.bytebuddy.dynamic.scaffold.TypeWriter$Default.make(TypeWriter.java:2224)
	at net.bytebuddy.dynamic.DynamicType$Builder$AbstractBase$UsingTypeWriter.make(DynamicType.java:4055)
	at net.bytebuddy.dynamic.DynamicType$Builder$AbstractBase.make(DynamicType.java:3739)
	at org.mockito.internal.creation.bytebuddy.InlineBytecodeGenerator.transform(InlineBytecodeGenerator.java:402)
	at java.instrument/java.lang.instrument.ClassFileTransformer.transform(ClassFileTransformer.java:257)
	at java.instrument/sun.instrument.TransformerManager.transform(TransformerManager.java:188)
	at java.instrument/sun.instrument.InstrumentationImpl.transform(InstrumentationImpl.java:594)
	at java.instrument/sun.instrument.InstrumentationImpl.retransformClasses0(Native Method)
	at java.instrument/sun.instrument.InstrumentationImpl.retransformClasses(InstrumentationImpl.java:221)
	at org.mockito.internal.creation.bytebuddy.InlineBytecodeGenerator.triggerRetransformation(InlineBytecodeGenerator.java:281)
	... 10 more

[INFO] Running com.puppycrawl.tools.checkstyle.checks.header.MultiFileRegexpHeaderCheckExamplesTest
[INFO] Tests run: 4, Failures: 0, Errors: 0, Skipped: 0, Time elapsed: 0.090 s -- in com.puppycrawl.tools.checkstyle.checks.header.MultiFileRegexpHeaderCheckExamplesTest
[INFO] Running com.puppycrawl.tools.checkstyle.checks.header.MultiFileRegexpHeaderCheckTest
[INFO] Tests run: 43, Failures: 0, Errors: 0, Skipped: 0, Time elapsed: 0.442 s -- in com.puppycrawl.tools.checkstyle.checks.header.MultiFileRegexpHeaderCheckTest
[INFO] Running com.puppycrawl.tools.checkstyle.checks.header.RegexpHeaderCheckExamplesTest
[INFO] Tests run: 4, Failures: 0, Errors: 0, Skipped: 0, Time elapsed: 0.055 s -- in com.puppycrawl.tools.checkstyle.checks.header.RegexpHeaderCheckExamplesTest
[INFO] Running com.puppycrawl.tools.checkstyle.checks.header.RegexpHeaderCheckTest
[INFO] Tests run: 30, Failures: 0, Errors: 0, Skipped: 0, Time elapsed: 0.181 s -- in com.puppycrawl.tools.checkstyle.checks.header.RegexpHeaderCheckTest
[INFO] Running com.puppycrawl.tools.checkstyle.checks.HexLiteralCaseCheckExamplesTest
[INFO] Tests run: 1, Failures: 0, Errors: 0, Skipped: 0, Time elapsed: 0.034 s -- in com.puppycrawl.tools.checkstyle.checks.HexLiteralCaseCheckExamplesTest
[INFO] Running com.puppycrawl.tools.checkstyle.checks.HexLiteralCaseCheckTest
[INFO] Tests run: 4, Failures: 0, Errors: 0, Skipped: 0, Time elapsed: 0.025 s -- in com.puppycrawl.tools.checkstyle.checks.HexLiteralCaseCheckTest
[INFO] Running com.puppycrawl.tools.checkstyle.checks.imports.AccessResultTest
[INFO] Tests run: 2, Failures: 0, Errors: 0, Skipped: 0, Time elapsed: 0.006 s -- in com.puppycrawl.tools.checkstyle.checks.imports.AccessResultTest
[INFO] Running com.puppycrawl.tools.checkstyle.checks.imports.AvoidStarImportCheckExamplesTest
[INFO] Tests run: 6, Failures: 0, Errors: 0, Skipped: 0, Time elapsed: 0.070 s -- in com.puppycrawl.tools.checkstyle.checks.imports.AvoidStarImportCheckExamplesTest
[INFO] Running com.puppycrawl.tools.checkstyle.checks.imports.AvoidStarImportCheckTest
[INFO] Tests run: 6, Failures: 0, Errors: 0, Skipped: 0, Time elapsed: 0.055 s -- in com.puppycrawl.tools.checkstyle.checks.imports.AvoidStarImportCheckTest
[INFO] Running com.puppycrawl.tools.checkstyle.checks.imports.AvoidStaticImportCheckExamplesTest
[INFO] Tests run: 2, Failures: 0, Errors: 0, Skipped: 0, Time elapsed: 0.028 s -- in com.puppycrawl.tools.checkstyle.checks.imports.AvoidStaticImportCheckExamplesTest
[INFO] Running com.puppycrawl.tools.checkstyle.checks.imports.AvoidStaticImportCheckTest
[INFO] Tests run: 7, Failures: 0, Errors: 0, Skipped: 0, Time elapsed: 0.055 s -- in com.puppycrawl.tools.checkstyle.checks.imports.AvoidStaticImportCheckTest
[INFO] Running com.puppycrawl.tools.checkstyle.checks.imports.ClassImportRuleTest
[INFO] Tests run: 3, Failures: 0, Errors: 0, Skipped: 0, Time elapsed: 0.012 s -- in com.puppycrawl.tools.checkstyle.checks.imports.ClassImportRuleTest
[INFO] Running com.puppycrawl.tools.checkstyle.checks.imports.CustomImportOrderCheckExamplesTest
[INFO] Tests run: 15, Failures: 0, Errors: 0, Skipped: 0, Time elapsed: 0.186 s -- in com.puppycrawl.tools.checkstyle.checks.imports.CustomImportOrderCheckExamplesTest
[INFO] Running com.puppycrawl.tools.checkstyle.checks.imports.CustomImportOrderCheckTest
[INFO] Tests run: 48, Failures: 0, Errors: 0, Skipped: 0, Time elapsed: 0.372 s -- in com.puppycrawl.tools.checkstyle.checks.imports.CustomImportOrderCheckTest
[INFO] Running com.puppycrawl.tools.checkstyle.checks.imports.FileImportControlTest
[INFO] Tests run: 1, Failures: 0, Errors: 0, Skipped: 0, Time elapsed: 0.003 s -- in com.puppycrawl.tools.checkstyle.checks.imports.FileImportControlTest
[INFO] Running com.puppycrawl.tools.checkstyle.checks.imports.IllegalImportCheckExamplesTest
[INFO] Tests run: 6, Failures: 0, Errors: 0, Skipped: 0, Time elapsed: 0.070 s -- in com.puppycrawl.tools.checkstyle.checks.imports.IllegalImportCheckExamplesTest
[INFO] Running com.puppycrawl.tools.checkstyle.checks.imports.IllegalImportCheckTest
[INFO] Tests run: 12, Failures: 0, Errors: 0, Skipped: 0, Time elapsed: 0.087 s -- in com.puppycrawl.tools.checkstyle.checks.imports.IllegalImportCheckTest
[INFO] Running com.puppycrawl.tools.checkstyle.checks.imports.ImportControlCheckExamplesTest
[INFO] Tests run: 14, Failures: 0, Errors: 0, Skipped: 0, Time elapsed: 0.371 s -- in com.puppycrawl.tools.checkstyle.checks.imports.ImportControlCheckExamplesTest
[INFO] Running com.puppycrawl.tools.checkstyle.checks.imports.ImportControlCheckTest
[INFO] Tests run: 42, Failures: 0, Errors: 0, Skipped: 0, Time elapsed: 1.928 s -- in com.puppycrawl.tools.checkstyle.checks.imports.ImportControlCheckTest
[INFO] Running com.puppycrawl.tools.checkstyle.checks.imports.ImportControlLoaderTest
[ERROR] Tests run: 6, Failures: 0, Errors: 1, Skipped: 0, Time elapsed: 0.160 s <<< FAILURE! -- in com.puppycrawl.tools.checkstyle.checks.imports.ImportControlLoaderTest
[ERROR] com.puppycrawl.tools.checkstyle.checks.imports.ImportControlLoaderTest.testInputStreamFailsOnRead -- Time elapsed: 0.106 s <<< ERROR!
org.mockito.exceptions.base.MockitoException: 

Mockito cannot mock this class: class java.io.InputStream.

If you're not sure why you're getting this error, please open an issue on GitHub.


Java               : 25
JVM vendor name    : Eclipse Adoptium
JVM vendor version : 25.0.2+10-LTS
JVM name           : OpenJDK 64-Bit Server VM
JVM version        : 25.0.2+10-LTS
JVM info           : mixed mode
OS name            : Windows 11
OS version         : 10.0


You are seeing this disclaimer because Mockito is configured to create inlined mocks.
You can learn about inline mocks and their limitations under item #39 of the Mockito class javadoc.

Underlying exception : org.mockito.exceptions.base.MockitoException: Could not modify all classes [interface java.lang.AutoCloseable, class java.lang.Object, interface java.io.Closeable, class java.io.InputStream]
	at com.puppycrawl.tools.checkstyle.checks.imports.ImportControlLoaderTest.testInputStreamFailsOnRead(ImportControlLoaderTest.java:146)
Caused by: org.mockito.exceptions.base.MockitoException: Could not modify all classes [interface java.lang.AutoCloseable, class java.lang.Object, interface java.io.Closeable, class java.io.InputStream]
	at net.bytebuddy.TypeCache.findOrInsert(TypeCache.java:168)
	at net.bytebuddy.TypeCache$WithInlineExpunction.findOrInsert(TypeCache.java:399)
	at net.bytebuddy.TypeCache.findOrInsert(TypeCache.java:190)
	at net.bytebuddy.TypeCache$WithInlineExpunction.findOrInsert(TypeCache.java:410)
	... 1 more
Caused by: java.lang.IllegalStateException: 
Byte Buddy could not instrument all classes within the mock's type hierarchy

This problem should never occur for javac-compiled classes. This problem has been observed for classes that are:
 - Compiled by older versions of scalac
 - Classes that are part of the Android distribution
	at org.mockito.internal.creation.bytebuddy.InlineBytecodeGenerator.triggerRetransformation(InlineBytecodeGenerator.java:285)
	at org.mockito.internal.creation.bytebuddy.InlineBytecodeGenerator.mockClass(InlineBytecodeGenerator.java:218)
	at org.mockito.internal.creation.bytebuddy.TypeCachingBytecodeGenerator.lambda$mockClass$0(TypeCachingBytecodeGenerator.java:47)
	at net.bytebuddy.TypeCache.findOrInsert(TypeCache.java:168)
	at net.bytebuddy.TypeCache$WithInlineExpunction.findOrInsert(TypeCache.java:399)
	at net.bytebuddy.TypeCache.findOrInsert(TypeCache.java:190)
	at net.bytebuddy.TypeCache$WithInlineExpunction.findOrInsert(TypeCache.java:410)
	at org.mockito.internal.creation.bytebuddy.TypeCachingBytecodeGenerator.mockClass(TypeCachingBytecodeGenerator.java:40)
	at org.mockito.internal.creation.bytebuddy.InlineDelegateByteBuddyMockMaker.createMockType(InlineDelegateByteBuddyMockMaker.java:396)
	at org.mockito.internal.creation.bytebuddy.InlineDelegateByteBuddyMockMaker.doCreateMock(InlineDelegateByteBuddyMockMaker.java:355)
	at org.mockito.internal.creation.bytebuddy.InlineDelegateByteBuddyMockMaker.createMock(InlineDelegateByteBuddyMockMaker.java:334)
	at org.mockito.internal.creation.bytebuddy.InlineByteBuddyMockMaker.createMock(InlineByteBuddyMockMaker.java:56)
	at org.mockito.internal.util.MockUtil.createMock(MockUtil.java:99)
	at org.mockito.internal.MockitoCore.mock(MockitoCore.java:88)
	at org.mockito.Mockito.mock(Mockito.java:2087)
	at org.mockito.Mockito.mock(Mockito.java:1990)
	at org.mockito.Mockito.mock(Mockito.java:1940)
	... 1 more
Caused by: java.lang.IllegalArgumentException: Java 25 (69) is not supported by the current version of Byte Buddy which officially supports Java 22 (66) - update Byte Buddy or set net.bytebuddy.experimental as a VM property
	at net.bytebuddy.utility.OpenedClassReader.of(OpenedClassReader.java:100)
	at net.bytebuddy.dynamic.scaffold.TypeWriter$Default$ForInlining.create(TypeWriter.java:4011)
	at net.bytebuddy.dynamic.scaffold.TypeWriter$Default.make(TypeWriter.java:2224)
	at net.bytebuddy.dynamic.DynamicType$Builder$AbstractBase$UsingTypeWriter.make(DynamicType.java:4055)
	at net.bytebuddy.dynamic.DynamicType$Builder$AbstractBase.make(DynamicType.java:3739)
	at org.mockito.internal.creation.bytebuddy.InlineBytecodeGenerator.transform(InlineBytecodeGenerator.java:402)
	at java.instrument/java.lang.instrument.ClassFileTransformer.transform(ClassFileTransformer.java:257)
	at java.instrument/sun.instrument.TransformerManager.transform(TransformerManager.java:188)
	at java.instrument/sun.instrument.InstrumentationImpl.transform(InstrumentationImpl.java:594)
	at java.instrument/sun.instrument.InstrumentationImpl.retransformClasses0(Native Method)
	at java.instrument/sun.instrument.InstrumentationImpl.retransformClasses(InstrumentationImpl.java:221)
	at org.mockito.internal.creation.bytebuddy.InlineBytecodeGenerator.triggerRetransformation(InlineBytecodeGenerator.java:281)
	... 17 more

[INFO] Running com.puppycrawl.tools.checkstyle.checks.imports.ImportOrderCheckExamplesTest
[INFO] Tests run: 12, Failures: 0, Errors: 0, Skipped: 0, Time elapsed: 0.262 s -- in com.puppycrawl.tools.checkstyle.checks.imports.ImportOrderCheckExamplesTest
[INFO] Running com.puppycrawl.tools.checkstyle.checks.imports.ImportOrderCheckTest
[INFO] Tests run: 65, Failures: 0, Errors: 0, Skipped: 0, Time elapsed: 0.605 s -- in com.puppycrawl.tools.checkstyle.checks.imports.ImportOrderCheckTest
[INFO] Running com.puppycrawl.tools.checkstyle.checks.imports.PkgImportControlTest
[INFO] Tests run: 15, Failures: 0, Errors: 0, Skipped: 0, Time elapsed: 0.024 s -- in com.puppycrawl.tools.checkstyle.checks.imports.PkgImportControlTest
[INFO] Running com.puppycrawl.tools.checkstyle.checks.imports.PkgImportRuleTest
[INFO] Tests run: 7, Failures: 0, Errors: 0, Skipped: 0, Time elapsed: 0.009 s -- in com.puppycrawl.tools.checkstyle.checks.imports.PkgImportRuleTest
[INFO] Running com.puppycrawl.tools.checkstyle.checks.imports.RedundantImportCheckExamplesTest
[INFO] Tests run: 2, Failures: 0, Errors: 0, Skipped: 0, Time elapsed: 0.036 s -- in com.puppycrawl.tools.checkstyle.checks.imports.RedundantImportCheckExamplesTest
[INFO] Running com.puppycrawl.tools.checkstyle.checks.imports.RedundantImportCheckTest
[INFO] Tests run: 8, Failures: 0, Errors: 0, Skipped: 0, Time elapsed: 0.107 s -- in com.puppycrawl.tools.checkstyle.checks.imports.RedundantImportCheckTest
[INFO] Running com.puppycrawl.tools.checkstyle.checks.imports.UnusedImportsCheckExamplesTest
[INFO] Tests run: 2, Failures: 0, Errors: 0, Skipped: 0, Time elapsed: 0.043 s -- in com.puppycrawl.tools.checkstyle.checks.imports.UnusedImportsCheckExamplesTest
[INFO] Running com.puppycrawl.tools.checkstyle.checks.imports.UnusedImportsCheckTest
[INFO] Tests run: 29, Failures: 0, Errors: 0, Skipped: 0, Time elapsed: 0.398 s -- in com.puppycrawl.tools.checkstyle.checks.imports.UnusedImportsCheckTest
[INFO] Running com.puppycrawl.tools.checkstyle.checks.indentation.CommentsIndentationCheckExamplesTest
[INFO] Tests run: 8, Failures: 0, Errors: 0, Skipped: 0, Time elapsed: 0.100 s -- in com.puppycrawl.tools.checkstyle.checks.indentation.CommentsIndentationCheckExamplesTest
[INFO] Running com.puppycrawl.tools.checkstyle.checks.indentation.CommentsIndentationCheckTest
[INFO] Tests run: 28, Failures: 0, Errors: 0, Skipped: 0, Time elapsed: 0.311 s -- in com.puppycrawl.tools.checkstyle.checks.indentation.CommentsIndentationCheckTest
[INFO] Running com.puppycrawl.tools.checkstyle.checks.indentation.IndentationCheckExamplesTest
[INFO] Tests run: 4, Failures: 0, Errors: 0, Skipped: 0, Time elapsed: 0.139 s -- in com.puppycrawl.tools.checkstyle.checks.indentation.IndentationCheckExamplesTest
[INFO] Running com.puppycrawl.tools.checkstyle.checks.indentation.IndentationCheckTest
[INFO] Tests run: 196, Failures: 0, Errors: 0, Skipped: 0, Time elapsed: 3.287 s -- in com.puppycrawl.tools.checkstyle.checks.indentation.IndentationCheckTest
[INFO] Running com.puppycrawl.tools.checkstyle.checks.javadoc.AbstractJavadocCheckTest
[INFO] Tests run: 37, Failures: 0, Errors: 0, Skipped: 0, Time elapsed: 0.636 s -- in com.puppycrawl.tools.checkstyle.checks.javadoc.AbstractJavadocCheckTest
[INFO] Running com.puppycrawl.tools.checkstyle.checks.javadoc.AtclauseOrderCheckExamplesTest
[INFO] Tests run: 3, Failures: 0, Errors: 0, Skipped: 0, Time elapsed: 0.046 s -- in com.puppycrawl.tools.checkstyle.checks.javadoc.AtclauseOrderCheckExamplesTest
[INFO] Running com.puppycrawl.tools.checkstyle.checks.javadoc.AtclauseOrderCheckTest
[INFO] Tests run: 24, Failures: 0, Errors: 0, Skipped: 0, Time elapsed: 0.282 s -- in com.puppycrawl.tools.checkstyle.checks.javadoc.AtclauseOrderCheckTest
[INFO] Running com.puppycrawl.tools.checkstyle.checks.javadoc.InvalidJavadocPositionCheckExamplesTest
[INFO] Tests run: 1, Failures: 0, Errors: 0, Skipped: 0, Time elapsed: 0.012 s -- in com.puppycrawl.tools.checkstyle.checks.javadoc.InvalidJavadocPositionCheckExamplesTest
[INFO] Running com.puppycrawl.tools.checkstyle.checks.javadoc.InvalidJavadocPositionCheckTest
[INFO] Tests run: 7, Failures: 0, Errors: 0, Skipped: 0, Time elapsed: 0.051 s -- in com.puppycrawl.tools.checkstyle.checks.javadoc.InvalidJavadocPositionCheckTest
[INFO] Running com.puppycrawl.tools.checkstyle.checks.javadoc.JavadocBlockTagLocationCheckExamplesTest
[INFO] Tests run: 3, Failures: 0, Errors: 0, Skipped: 0, Time elapsed: 0.032 s -- in com.puppycrawl.tools.checkstyle.checks.javadoc.JavadocBlockTagLocationCheckExamplesTest
[INFO] Running com.puppycrawl.tools.checkstyle.checks.javadoc.JavadocBlockTagLocationCheckTest
[INFO] Tests run: 5, Failures: 0, Errors: 0, Skipped: 0, Time elapsed: 0.039 s -- in com.puppycrawl.tools.checkstyle.checks.javadoc.JavadocBlockTagLocationCheckTest
[INFO] Running com.puppycrawl.tools.checkstyle.checks.javadoc.JavadocContentLocationCheckExamplesTest
[INFO] Tests run: 2, Failures: 0, Errors: 0, Skipped: 0, Time elapsed: 0.026 s -- in com.puppycrawl.tools.checkstyle.checks.javadoc.JavadocContentLocationCheckExamplesTest
[INFO] Running com.puppycrawl.tools.checkstyle.checks.javadoc.JavadocContentLocationCheckTest
[INFO] Tests run: 9, Failures: 0, Errors: 0, Skipped: 0, Time elapsed: 0.051 s -- in com.puppycrawl.tools.checkstyle.checks.javadoc.JavadocContentLocationCheckTest
[INFO] Running com.puppycrawl.tools.checkstyle.checks.javadoc.JavadocLeadingAsteriskAlignCheckTest
[INFO] Tests run: 3, Failures: 0, Errors: 0, Skipped: 0, Time elapsed: 0.046 s -- in com.puppycrawl.tools.checkstyle.checks.javadoc.JavadocLeadingAsteriskAlignCheckTest
[INFO] Running com.puppycrawl.tools.checkstyle.checks.javadoc.JavadocMethodCheckExamplesTest
[INFO] Tests run: 8, Failures: 0, Errors: 0, Skipped: 0, Time elapsed: 0.110 s -- in com.puppycrawl.tools.checkstyle.checks.javadoc.JavadocMethodCheckExamplesTest
[INFO] Running com.puppycrawl.tools.checkstyle.checks.javadoc.JavadocMethodCheckTest
[INFO] Tests run: 54, Failures: 0, Errors: 0, Skipped: 0, Time elapsed: 0.454 s -- in com.puppycrawl.tools.checkstyle.checks.javadoc.JavadocMethodCheckTest
[INFO] Running com.puppycrawl.tools.checkstyle.checks.javadoc.JavadocMissingLeadingAsteriskCheckExamplesTest
[INFO] Tests run: 1, Failures: 0, Errors: 0, Skipped: 0, Time elapsed: 0.016 s -- in com.puppycrawl.tools.checkstyle.checks.javadoc.JavadocMissingLeadingAsteriskCheckExamplesTest
[INFO] Running com.puppycrawl.tools.checkstyle.checks.javadoc.JavadocMissingLeadingAsteriskCheckTest
[INFO] Tests run: 3, Failures: 0, Errors: 0, Skipped: 0, Time elapsed: 0.021 s -- in com.puppycrawl.tools.checkstyle.checks.javadoc.JavadocMissingLeadingAsteriskCheckTest
[INFO] Running com.puppycrawl.tools.checkstyle.checks.javadoc.JavadocMissingWhitespaceAfterAsteriskCheckExamplesTest
[INFO] Tests run: 1, Failures: 0, Errors: 0, Skipped: 0, Time elapsed: 0.014 s -- in com.puppycrawl.tools.checkstyle.checks.javadoc.JavadocMissingWhitespaceAfterAsteriskCheckExamplesTest
[INFO] Running com.puppycrawl.tools.checkstyle.checks.javadoc.JavadocMissingWhitespaceAfterAsteriskCheckTest
[INFO] Tests run: 5, Failures: 0, Errors: 0, Skipped: 0, Time elapsed: 0.032 s -- in com.puppycrawl.tools.checkstyle.checks.javadoc.JavadocMissingWhitespaceAfterAsteriskCheckTest
[INFO] Running com.puppycrawl.tools.checkstyle.checks.javadoc.JavadocNodeImplTest
[INFO] Tests run: 3, Failures: 0, Errors: 0, Skipped: 0, Time elapsed: 0.003 s -- in com.puppycrawl.tools.checkstyle.checks.javadoc.JavadocNodeImplTest
[INFO] Running com.puppycrawl.tools.checkstyle.checks.javadoc.JavadocPackageCheckExamplesTest
[INFO] Tests run: 3, Failures: 0, Errors: 0, Skipped: 0, Time elapsed: 0.035 s -- in com.puppycrawl.tools.checkstyle.checks.javadoc.JavadocPackageCheckExamplesTest
[INFO] Running com.puppycrawl.tools.checkstyle.checks.javadoc.JavadocPackageCheckTest
[INFO] Tests run: 10, Failures: 0, Errors: 0, Skipped: 0, Time elapsed: 0.105 s -- in com.puppycrawl.tools.checkstyle.checks.javadoc.JavadocPackageCheckTest
[INFO] Running com.puppycrawl.tools.checkstyle.checks.javadoc.JavadocParagraphCheckExamplesTest
[INFO] Tests run: 2, Failures: 0, Errors: 0, Skipped: 0, Time elapsed: 0.022 s -- in com.puppycrawl.tools.checkstyle.checks.javadoc.JavadocParagraphCheckExamplesTest
[INFO] Running com.puppycrawl.tools.checkstyle.checks.javadoc.JavadocParagraphCheckTest
[INFO] Tests run: 14, Failures: 0, Errors: 0, Skipped: 0, Time elapsed: 0.137 s -- in com.puppycrawl.tools.checkstyle.checks.javadoc.JavadocParagraphCheckTest
[INFO] Running com.puppycrawl.tools.checkstyle.checks.javadoc.JavadocStyleCheckExamplesTest
[INFO] Tests run: 8, Failures: 0, Errors: 0, Skipped: 0, Time elapsed: 0.100 s -- in com.puppycrawl.tools.checkstyle.checks.javadoc.JavadocStyleCheckExamplesTest
[INFO] Running com.puppycrawl.tools.checkstyle.checks.javadoc.JavadocStyleCheckTest
[INFO] Tests run: 66, Failures: 0, Errors: 0, Skipped: 0, Time elapsed: 0.718 s -- in com.puppycrawl.tools.checkstyle.checks.javadoc.JavadocStyleCheckTest
[INFO] Running com.puppycrawl.tools.checkstyle.checks.javadoc.JavadocTagContinuationIndentationCheckExamplesTest
[INFO] Tests run: 3, Failures: 0, Errors: 0, Skipped: 0, Time elapsed: 0.041 s -- in com.puppycrawl.tools.checkstyle.checks.javadoc.JavadocTagContinuationIndentationCheckExamplesTest
[INFO] Running com.puppycrawl.tools.checkstyle.checks.javadoc.JavadocTagContinuationIndentationCheckTest
[INFO] Tests run: 12, Failures: 0, Errors: 0, Skipped: 0, Time elapsed: 0.135 s -- in com.puppycrawl.tools.checkstyle.checks.javadoc.JavadocTagContinuationIndentationCheckTest
[INFO] Running com.puppycrawl.tools.checkstyle.checks.javadoc.JavadocTagInfoTest
[INFO] Tests run: 15, Failures: 0, Errors: 0, Skipped: 0, Time elapsed: 0.017 s -- in com.puppycrawl.tools.checkstyle.checks.javadoc.JavadocTagInfoTest
[INFO] Running com.puppycrawl.tools.checkstyle.checks.javadoc.JavadocTagTest
[INFO] Tests run: 6, Failures: 0, Errors: 0, Skipped: 0, Time elapsed: 0.009 s -- in com.puppycrawl.tools.checkstyle.checks.javadoc.JavadocTagTest
[INFO] Running com.puppycrawl.tools.checkstyle.checks.javadoc.JavadocTypeCheckExamplesTest
[INFO] Tests run: 8, Failures: 0, Errors: 0, Skipped: 0, Time elapsed: 0.090 s -- in com.puppycrawl.tools.checkstyle.checks.javadoc.JavadocTypeCheckExamplesTest
[INFO] Running com.puppycrawl.tools.checkstyle.checks.javadoc.JavadocTypeCheckTest
[INFO] Tests run: 48, Failures: 0, Errors: 0, Skipped: 0, Time elapsed: 0.385 s -- in com.puppycrawl.tools.checkstyle.checks.javadoc.JavadocTypeCheckTest
[INFO] Running com.puppycrawl.tools.checkstyle.checks.javadoc.JavadocVariableCheckExamplesTest
[INFO] Tests run: 5, Failures: 0, Errors: 0, Skipped: 0, Time elapsed: 0.068 s -- in com.puppycrawl.tools.checkstyle.checks.javadoc.JavadocVariableCheckExamplesTest
[INFO] Running com.puppycrawl.tools.checkstyle.checks.javadoc.JavadocVariableCheckTest
[INFO] Tests run: 24, Failures: 0, Errors: 0, Skipped: 0, Time elapsed: 0.167 s -- in com.puppycrawl.tools.checkstyle.checks.javadoc.JavadocVariableCheckTest
[INFO] Running com.puppycrawl.tools.checkstyle.checks.javadoc.MissingJavadocMethodCheckExamplesTest
[INFO] Tests run: 7, Failures: 0, Errors: 0, Skipped: 0, Time elapsed: 0.076 s -- in com.puppycrawl.tools.checkstyle.checks.javadoc.MissingJavadocMethodCheckExamplesTest
[INFO] Running com.puppycrawl.tools.checkstyle.checks.javadoc.MissingJavadocMethodCheckTest
[INFO] Tests run: 46, Failures: 0, Errors: 0, Skipped: 0, Time elapsed: 0.375 s -- in com.puppycrawl.tools.checkstyle.checks.javadoc.MissingJavadocMethodCheckTest
[INFO] Running com.puppycrawl.tools.checkstyle.checks.javadoc.MissingJavadocPackageCheckExamplesTest
[INFO] Tests run: 2, Failures: 0, Errors: 0, Skipped: 0, Time elapsed: 0.021 s -- in com.puppycrawl.tools.checkstyle.checks.javadoc.MissingJavadocPackageCheckExamplesTest
[INFO] Running com.puppycrawl.tools.checkstyle.checks.javadoc.MissingJavadocPackageCheckTest
[INFO] Tests run: 15, Failures: 0, Errors: 0, Skipped: 0, Time elapsed: 0.082 s -- in com.puppycrawl.tools.checkstyle.checks.javadoc.MissingJavadocPackageCheckTest
[INFO] Running com.puppycrawl.tools.checkstyle.checks.javadoc.MissingJavadocTypeCheckExamplesTest
[INFO] Tests run: 5, Failures: 0, Errors: 0, Skipped: 0, Time elapsed: 0.066 s -- in com.puppycrawl.tools.checkstyle.checks.javadoc.MissingJavadocTypeCheckExamplesTest
[INFO] Running com.puppycrawl.tools.checkstyle.checks.javadoc.MissingJavadocTypeCheckTest
[INFO] Tests run: 37, Failures: 0, Errors: 0, Skipped: 0, Time elapsed: 0.217 s -- in com.puppycrawl.tools.checkstyle.checks.javadoc.MissingJavadocTypeCheckTest
[INFO] Running com.puppycrawl.tools.checkstyle.checks.javadoc.NonEmptyAtclauseDescriptionCheckExamplesTest
[INFO] Tests run: 2, Failures: 0, Errors: 0, Skipped: 0, Time elapsed: 0.020 s -- in com.puppycrawl.tools.checkstyle.checks.javadoc.NonEmptyAtclauseDescriptionCheckExamplesTest
[INFO] Running com.puppycrawl.tools.checkstyle.checks.javadoc.NonEmptyAtclauseDescriptionCheckTest
[INFO] Tests run: 6, Failures: 0, Errors: 0, Skipped: 0, Time elapsed: 0.033 s -- in com.puppycrawl.tools.checkstyle.checks.javadoc.NonEmptyAtclauseDescriptionCheckTest
[INFO] Running com.puppycrawl.tools.checkstyle.checks.javadoc.RequireEmptyLineBeforeBlockTagGroupCheckExamplesTest
[INFO] Tests run: 1, Failures: 0, Errors: 0, Skipped: 0, Time elapsed: 0.013 s -- in com.puppycrawl.tools.checkstyle.checks.javadoc.RequireEmptyLineBeforeBlockTagGroupCheckExamplesTest
[INFO] Running com.puppycrawl.tools.checkstyle.checks.javadoc.RequireEmptyLineBeforeBlockTagGroupCheckTest
[INFO] Tests run: 3, Failures: 0, Errors: 0, Skipped: 0, Time elapsed: 0.020 s -- in com.puppycrawl.tools.checkstyle.checks.javadoc.RequireEmptyLineBeforeBlockTagGroupCheckTest
[INFO] Running com.puppycrawl.tools.checkstyle.checks.javadoc.SingleLineJavadocCheckExamplesTest
[INFO] Tests run: 4, Failures: 0, Errors: 0, Skipped: 0, Time elapsed: 0.037 s -- in com.puppycrawl.tools.checkstyle.checks.javadoc.SingleLineJavadocCheckExamplesTest
[INFO] Running com.puppycrawl.tools.checkstyle.checks.javadoc.SingleLineJavadocCheckTest
[INFO] Tests run: 5, Failures: 0, Errors: 0, Skipped: 0, Time elapsed: 0.023 s -- in com.puppycrawl.tools.checkstyle.checks.javadoc.SingleLineJavadocCheckTest
[INFO] Running com.puppycrawl.tools.checkstyle.checks.javadoc.SummaryJavadocCheckExamplesTest
[INFO] Tests run: 3, Failures: 0, Errors: 0, Skipped: 0, Time elapsed: 0.031 s -- in com.puppycrawl.tools.checkstyle.checks.javadoc.SummaryJavadocCheckExamplesTest
[INFO] Running com.puppycrawl.tools.checkstyle.checks.javadoc.SummaryJavadocCheckTest
[INFO] Tests run: 34, Failures: 0, Errors: 0, Skipped: 0, Time elapsed: 0.276 s -- in com.puppycrawl.tools.checkstyle.checks.javadoc.SummaryJavadocCheckTest
[INFO] Running com.puppycrawl.tools.checkstyle.checks.javadoc.utils.BlockTagUtilTest
[INFO] Tests run: 5, Failures: 0, Errors: 0, Skipped: 0, Time elapsed: 0.006 s -- in com.puppycrawl.tools.checkstyle.checks.javadoc.utils.BlockTagUtilTest
[INFO] Running com.puppycrawl.tools.checkstyle.checks.javadoc.utils.InlineTagUtilTest
[INFO] Tests run: 7, Failures: 0, Errors: 0, Skipped: 0, Time elapsed: 0.007 s -- in com.puppycrawl.tools.checkstyle.checks.javadoc.utils.InlineTagUtilTest
[INFO] Running com.puppycrawl.tools.checkstyle.checks.javadoc.WriteTagCheckExamplesTest
[INFO] Tests run: 5, Failures: 0, Errors: 0, Skipped: 0, Time elapsed: 0.042 s -- in com.puppycrawl.tools.checkstyle.checks.javadoc.WriteTagCheckExamplesTest
[INFO] Running com.puppycrawl.tools.checkstyle.checks.javadoc.WriteTagCheckTest
[INFO] Tests run: 18, Failures: 0, Errors: 0, Skipped: 0, Time elapsed: 0.168 s -- in com.puppycrawl.tools.checkstyle.checks.javadoc.WriteTagCheckTest
[INFO] Running com.puppycrawl.tools.checkstyle.checks.LineEndingCheckExampleTest
[INFO] Tests run: 3, Failures: 0, Errors: 0, Skipped: 0, Time elapsed: 0.025 s -- in com.puppycrawl.tools.checkstyle.checks.LineEndingCheckExampleTest
[INFO] Running com.puppycrawl.tools.checkstyle.checks.LineEndingCheckTest
[INFO] Tests run: 20, Failures: 0, Errors: 0, Skipped: 0, Time elapsed: 0.083 s -- in com.puppycrawl.tools.checkstyle.checks.LineEndingCheckTest
[INFO] Running com.puppycrawl.tools.checkstyle.checks.metrics.BooleanExpressionComplexityCheckExamplesTest
[INFO] Tests run: 3, Failures: 0, Errors: 0, Skipped: 0, Time elapsed: 0.034 s -- in com.puppycrawl.tools.checkstyle.checks.metrics.BooleanExpressionComplexityCheckExamplesTest
[INFO] Running com.puppycrawl.tools.checkstyle.checks.metrics.BooleanExpressionComplexityCheckTest
[INFO] Tests run: 9, Failures: 0, Errors: 0, Skipped: 0, Time elapsed: 0.096 s -- in com.puppycrawl.tools.checkstyle.checks.metrics.BooleanExpressionComplexityCheckTest
[INFO] Running com.puppycrawl.tools.checkstyle.checks.metrics.ClassDataAbstractionCouplingCheckExamplesTest
[INFO] Tests run: 11, Failures: 0, Errors: 0, Skipped: 0, Time elapsed: 0.099 s -- in com.puppycrawl.tools.checkstyle.checks.metrics.ClassDataAbstractionCouplingCheckExamplesTest
[INFO] Running com.puppycrawl.tools.checkstyle.checks.metrics.ClassDataAbstractionCouplingCheckTest
[INFO] Tests run: 12, Failures: 0, Errors: 0, Skipped: 0, Time elapsed: 0.076 s -- in com.puppycrawl.tools.checkstyle.checks.metrics.ClassDataAbstractionCouplingCheckTest
[INFO] Running com.puppycrawl.tools.checkstyle.checks.metrics.ClassFanOutComplexityCheckExamplesTest
[INFO] Tests run: 6, Failures: 0, Errors: 0, Skipped: 0, Time elapsed: 0.048 s -- in com.puppycrawl.tools.checkstyle.checks.metrics.ClassFanOutComplexityCheckExamplesTest
[INFO] Running com.puppycrawl.tools.checkstyle.checks.metrics.ClassFanOutComplexityCheckTest
[INFO] Tests run: 27, Failures: 0, Errors: 0, Skipped: 0, Time elapsed: 0.406 s -- in com.puppycrawl.tools.checkstyle.checks.metrics.ClassFanOutComplexityCheckTest
[INFO] Running com.puppycrawl.tools.checkstyle.checks.metrics.CyclomaticComplexityCheckExamplesTest
[INFO] Tests run: 3, Failures: 0, Errors: 0, Skipped: 0, Time elapsed: 0.038 s -- in com.puppycrawl.tools.checkstyle.checks.metrics.CyclomaticComplexityCheckExamplesTest
[INFO] Running com.puppycrawl.tools.checkstyle.checks.metrics.CyclomaticComplexityCheckTest
[INFO] Tests run: 12, Failures: 0, Errors: 0, Skipped: 0, Time elapsed: 0.134 s -- in com.puppycrawl.tools.checkstyle.checks.metrics.CyclomaticComplexityCheckTest
[INFO] Running com.puppycrawl.tools.checkstyle.checks.metrics.JavaNCSSCheckExamplesTest
[INFO] Tests run: 5, Failures: 0, Errors: 0, Skipped: 0, Time elapsed: 0.051 s -- in com.puppycrawl.tools.checkstyle.checks.metrics.JavaNCSSCheckExamplesTest
[INFO] Running com.puppycrawl.tools.checkstyle.checks.metrics.JavaNCSSCheckTest
[INFO] Tests run: 8, Failures: 0, Errors: 0, Skipped: 0, Time elapsed: 0.079 s -- in com.puppycrawl.tools.checkstyle.checks.metrics.JavaNCSSCheckTest
[INFO] Running com.puppycrawl.tools.checkstyle.checks.metrics.NPathComplexityCheckExamplesTest
[INFO] Tests run: 2, Failures: 0, Errors: 0, Skipped: 0, Time elapsed: 0.032 s -- in com.puppycrawl.tools.checkstyle.checks.metrics.NPathComplexityCheckExamplesTest
[INFO] Running com.puppycrawl.tools.checkstyle.checks.metrics.NPathComplexityCheckTest
[INFO] Tests run: 19, Failures: 0, Errors: 0, Skipped: 0, Time elapsed: 0.200 s -- in com.puppycrawl.tools.checkstyle.checks.metrics.NPathComplexityCheckTest
[INFO] Running com.puppycrawl.tools.checkstyle.checks.modifier.ClassMemberImpliedModifierCheckExamplesTest
[INFO] Tests run: 4, Failures: 0, Errors: 0, Skipped: 0, Time elapsed: 0.045 s -- in com.puppycrawl.tools.checkstyle.checks.modifier.ClassMemberImpliedModifierCheckExamplesTest
[INFO] Running com.puppycrawl.tools.checkstyle.checks.modifier.ClassMemberImpliedModifierCheckTest
[INFO] Tests run: 9, Failures: 0, Errors: 0, Skipped: 0, Time elapsed: 0.057 s -- in com.puppycrawl.tools.checkstyle.checks.modifier.ClassMemberImpliedModifierCheckTest
[INFO] Running com.puppycrawl.tools.checkstyle.checks.modifier.InterfaceMemberImpliedModifierCheckExamplesTest
[INFO] Tests run: 4, Failures: 0, Errors: 0, Skipped: 0, Time elapsed: 0.033 s -- in com.puppycrawl.tools.checkstyle.checks.modifier.InterfaceMemberImpliedModifierCheckExamplesTest
[INFO] Running com.puppycrawl.tools.checkstyle.checks.modifier.InterfaceMemberImpliedModifierCheckTest
[INFO] Tests run: 25, Failures: 0, Errors: 0, Skipped: 0, Time elapsed: 0.175 s -- in com.puppycrawl.tools.checkstyle.checks.modifier.InterfaceMemberImpliedModifierCheckTest
[INFO] Running com.puppycrawl.tools.checkstyle.checks.modifier.ModifierOrderCheckExamplesTest
[INFO] Tests run: 1, Failures: 0, Errors: 0, Skipped: 0, Time elapsed: 0.015 s -- in com.puppycrawl.tools.checkstyle.checks.modifier.ModifierOrderCheckExamplesTest
[INFO] Running com.puppycrawl.tools.checkstyle.checks.modifier.ModifierOrderCheckTest
[INFO] Tests run: 11, Failures: 0, Errors: 0, Skipped: 0, Time elapsed: 0.116 s -- in com.puppycrawl.tools.checkstyle.checks.modifier.ModifierOrderCheckTest
[INFO] Running com.puppycrawl.tools.checkstyle.checks.modifier.RedundantModifierCheckExamplesTest
[INFO] Tests run: 3, Failures: 0, Errors: 0, Skipped: 0, Time elapsed: 0.029 s -- in com.puppycrawl.tools.checkstyle.checks.modifier.RedundantModifierCheckExamplesTest
[INFO] Running com.puppycrawl.tools.checkstyle.checks.modifier.RedundantModifierCheckTest
[INFO] Tests run: 30, Failures: 0, Errors: 0, Skipped: 0, Time elapsed: 0.199 s -- in com.puppycrawl.tools.checkstyle.checks.modifier.RedundantModifierCheckTest
[INFO] Running com.puppycrawl.tools.checkstyle.checks.naming.AbbreviationAsWordInNameCheckTest
[INFO] Tests run: 28, Failures: 0, Errors: 0, Skipped: 0, Time elapsed: 0.234 s -- in com.puppycrawl.tools.checkstyle.checks.naming.AbbreviationAsWordInNameCheckTest
[INFO] Running com.puppycrawl.tools.checkstyle.checks.naming.AbbreviationAsWordInNameExamplesTest
[INFO] Tests run: 7, Failures: 0, Errors: 0, Skipped: 0, Time elapsed: 0.077 s -- in com.puppycrawl.tools.checkstyle.checks.naming.AbbreviationAsWordInNameExamplesTest
[INFO] Running com.puppycrawl.tools.checkstyle.checks.naming.AbstractClassNameCheckExamplesTest
[INFO] Tests run: 4, Failures: 0, Errors: 0, Skipped: 0, Time elapsed: 0.029 s -- in com.puppycrawl.tools.checkstyle.checks.naming.AbstractClassNameCheckExamplesTest
[INFO] Running com.puppycrawl.tools.checkstyle.checks.naming.AbstractClassNameCheckTest
[INFO] Tests run: 7, Failures: 0, Errors: 0, Skipped: 0, Time elapsed: 0.027 s -- in com.puppycrawl.tools.checkstyle.checks.naming.AbstractClassNameCheckTest
[INFO] Running com.puppycrawl.tools.checkstyle.checks.naming.AccessModifierOptionTest
[INFO] Tests run: 2, Failures: 0, Errors: 0, Skipped: 0, Time elapsed: 0.002 s -- in com.puppycrawl.tools.checkstyle.checks.naming.AccessModifierOptionTest
[INFO] Running com.puppycrawl.tools.checkstyle.checks.naming.CatchParameterNameCheckExamplesTest
[INFO] Tests run: 2, Failures: 0, Errors: 0, Skipped: 0, Time elapsed: 0.020 s -- in com.puppycrawl.tools.checkstyle.checks.naming.CatchParameterNameCheckExamplesTest
[INFO] Running com.puppycrawl.tools.checkstyle.checks.naming.CatchParameterNameCheckTest
[INFO] Tests run: 7, Failures: 0, Errors: 0, Skipped: 0, Time elapsed: 0.035 s -- in com.puppycrawl.tools.checkstyle.checks.naming.CatchParameterNameCheckTest
[INFO] Running com.puppycrawl.tools.checkstyle.checks.naming.ClassTypeParameterNameCheckExamplesTest
[INFO] Tests run: 3, Failures: 0, Errors: 0, Skipped: 0, Time elapsed: 0.023 s -- in com.puppycrawl.tools.checkstyle.checks.naming.ClassTypeParameterNameCheckExamplesTest
[INFO] Running com.puppycrawl.tools.checkstyle.checks.naming.ClassTypeParameterNameCheckTest
[INFO] Tests run: 4, Failures: 0, Errors: 0, Skipped: 0, Time elapsed: 0.015 s -- in com.puppycrawl.tools.checkstyle.checks.naming.ClassTypeParameterNameCheckTest
[INFO] Running com.puppycrawl.tools.checkstyle.checks.naming.ConstantNameCheckExamplesTest
[INFO] Tests run: 5, Failures: 0, Errors: 0, Skipped: 0, Time elapsed: 0.038 s -- in com.puppycrawl.tools.checkstyle.checks.naming.ConstantNameCheckExamplesTest
[INFO] Running com.puppycrawl.tools.checkstyle.checks.naming.ConstantNameCheckTest
[INFO] Tests run: 15, Failures: 0, Errors: 0, Skipped: 0, Time elapsed: 0.086 s -- in com.puppycrawl.tools.checkstyle.checks.naming.ConstantNameCheckTest
[INFO] Running com.puppycrawl.tools.checkstyle.checks.naming.GoogleNonConstantFieldNameCheckExamplesTest
[INFO] Tests run: 1, Failures: 0, Errors: 0, Skipped: 0, Time elapsed: 0.011 s -- in com.puppycrawl.tools.checkstyle.checks.naming.GoogleNonConstantFieldNameCheckExamplesTest
[INFO] Running com.puppycrawl.tools.checkstyle.checks.naming.GoogleNonConstantFieldNameCheckTest
[INFO] Tests run: 9, Failures: 0, Errors: 0, Skipped: 0, Time elapsed: 0.057 s -- in com.puppycrawl.tools.checkstyle.checks.naming.GoogleNonConstantFieldNameCheckTest
[INFO] Running com.puppycrawl.tools.checkstyle.checks.naming.IllegalIdentifierNameCheckExamplesTest
[INFO] Tests run: 2, Failures: 0, Errors: 0, Skipped: 0, Time elapsed: 0.019 s -- in com.puppycrawl.tools.checkstyle.checks.naming.IllegalIdentifierNameCheckExamplesTest
[INFO] Running com.puppycrawl.tools.checkstyle.checks.naming.IllegalIdentifierNameCheckTest
[INFO] Tests run: 9, Failures: 0, Errors: 0, Skipped: 0, Time elapsed: 0.065 s -- in com.puppycrawl.tools.checkstyle.checks.naming.IllegalIdentifierNameCheckTest
[INFO] Running com.puppycrawl.tools.checkstyle.checks.naming.InterfaceTypeParameterNameCheckExamplesTest
[INFO] Tests run: 2, Failures: 0, Errors: 0, Skipped: 0, Time elapsed: 0.017 s -- in com.puppycrawl.tools.checkstyle.checks.naming.InterfaceTypeParameterNameCheckExamplesTest
[INFO] Running com.puppycrawl.tools.checkstyle.checks.naming.InterfaceTypeParameterNameCheckTest
[INFO] Tests run: 4, Failures: 0, Errors: 0, Skipped: 0, Time elapsed: 0.014 s -- in com.puppycrawl.tools.checkstyle.checks.naming.InterfaceTypeParameterNameCheckTest
[INFO] Running com.puppycrawl.tools.checkstyle.checks.naming.LambdaParameterNameCheckExamplesTest
[INFO] Tests run: 2, Failures: 0, Errors: 0, Skipped: 0, Time elapsed: 0.022 s -- in com.puppycrawl.tools.checkstyle.checks.naming.LambdaParameterNameCheckExamplesTest
[INFO] Running com.puppycrawl.tools.checkstyle.checks.naming.LambdaParameterNameCheckTest
[INFO] Tests run: 5, Failures: 0, Errors: 0, Skipped: 0, Time elapsed: 0.093 s -- in com.puppycrawl.tools.checkstyle.checks.naming.LambdaParameterNameCheckTest
[INFO] Running com.puppycrawl.tools.checkstyle.checks.naming.LocalFinalVariableNameCheckExamplesTest
[INFO] Tests run: 3, Failures: 0, Errors: 0, Skipped: 0, Time elapsed: 0.036 s -- in com.puppycrawl.tools.checkstyle.checks.naming.LocalFinalVariableNameCheckExamplesTest
[INFO] Running com.puppycrawl.tools.checkstyle.checks.naming.LocalFinalVariableNameCheckTest
[INFO] Tests run: 8, Failures: 0, Errors: 0, Skipped: 0, Time elapsed: 0.051 s -- in com.puppycrawl.tools.checkstyle.checks.naming.LocalFinalVariableNameCheckTest
[INFO] Running com.puppycrawl.tools.checkstyle.checks.naming.LocalVariableNameCheckExamplesTest
[INFO] Tests run: 5, Failures: 0, Errors: 0, Skipped: 0, Time elapsed: 0.045 s -- in com.puppycrawl.tools.checkstyle.checks.naming.LocalVariableNameCheckExamplesTest
[INFO] Running com.puppycrawl.tools.checkstyle.checks.naming.LocalVariableNameCheckTest
[INFO] Tests run: 6, Failures: 0, Errors: 0, Skipped: 0, Time elapsed: 0.053 s -- in com.puppycrawl.tools.checkstyle.checks.naming.LocalVariableNameCheckTest
[INFO] Running com.puppycrawl.tools.checkstyle.checks.naming.MemberNameCheckExamplesTest
[INFO] Tests run: 3, Failures: 0, Errors: 0, Skipped: 0, Time elapsed: 0.030 s -- in com.puppycrawl.tools.checkstyle.checks.naming.MemberNameCheckExamplesTest
[INFO] Running com.puppycrawl.tools.checkstyle.checks.naming.MemberNameCheckTest
[INFO] Tests run: 14, Failures: 0, Errors: 0, Skipped: 0, Time elapsed: 0.104 s -- in com.puppycrawl.tools.checkstyle.checks.naming.MemberNameCheckTest
[INFO] Running com.puppycrawl.tools.checkstyle.checks.naming.MethodNameCheckExamplesTest
[INFO] Tests run: 7, Failures: 0, Errors: 0, Skipped: 0, Time elapsed: 0.055 s -- in com.puppycrawl.tools.checkstyle.checks.naming.MethodNameCheckExamplesTest
[INFO] Running com.puppycrawl.tools.checkstyle.checks.naming.MethodNameCheckTest
[INFO] Tests run: 14, Failures: 0, Errors: 0, Skipped: 0, Time elapsed: 0.077 s -- in com.puppycrawl.tools.checkstyle.checks.naming.MethodNameCheckTest
[INFO] Running com.puppycrawl.tools.checkstyle.checks.naming.MethodTypeParameterNameCheckExamplesTest
[INFO] Tests run: 2, Failures: 0, Errors: 0, Skipped: 0, Time elapsed: 0.022 s -- in com.puppycrawl.tools.checkstyle.checks.naming.MethodTypeParameterNameCheckExamplesTest
[INFO] Running com.puppycrawl.tools.checkstyle.checks.naming.MethodTypeParameterNameCheckTest
[INFO] Tests run: 4, Failures: 0, Errors: 0, Skipped: 0, Time elapsed: 0.017 s -- in com.puppycrawl.tools.checkstyle.checks.naming.MethodTypeParameterNameCheckTest
[INFO] Running com.puppycrawl.tools.checkstyle.checks.naming.PackageNameCheckExamplesTest
[INFO] Tests run: 2, Failures: 0, Errors: 0, Skipped: 0, Time elapsed: 0.017 s -- in com.puppycrawl.tools.checkstyle.checks.naming.PackageNameCheckExamplesTest
[INFO] Running com.puppycrawl.tools.checkstyle.checks.naming.PackageNameCheckTest
[INFO] Tests run: 4, Failures: 0, Errors: 0, Skipped: 0, Time elapsed: 0.018 s -- in com.puppycrawl.tools.checkstyle.checks.naming.PackageNameCheckTest
[INFO] Running com.puppycrawl.tools.checkstyle.checks.naming.ParameterNameCheckExamplesTest
[INFO] Tests run: 5, Failures: 0, Errors: 0, Skipped: 0, Time elapsed: 0.037 s -- in com.puppycrawl.tools.checkstyle.checks.naming.ParameterNameCheckExamplesTest
[INFO] Running com.puppycrawl.tools.checkstyle.checks.naming.ParameterNameCheckTest
[INFO] Tests run: 22, Failures: 0, Errors: 0, Skipped: 0, Time elapsed: 0.118 s -- in com.puppycrawl.tools.checkstyle.checks.naming.ParameterNameCheckTest
[INFO] Running com.puppycrawl.tools.checkstyle.checks.naming.PatternVariableNameCheckExamplesTest
[INFO] Tests run: 4, Failures: 0, Errors: 0, Skipped: 0, Time elapsed: 0.048 s -- in com.puppycrawl.tools.checkstyle.checks.naming.PatternVariableNameCheckExamplesTest
[INFO] Running com.puppycrawl.tools.checkstyle.checks.naming.PatternVariableNameCheckTest
[INFO] Tests run: 5, Failures: 0, Errors: 0, Skipped: 0, Time elapsed: 0.060 s -- in com.puppycrawl.tools.checkstyle.checks.naming.PatternVariableNameCheckTest
[INFO] Running com.puppycrawl.tools.checkstyle.checks.naming.RecordComponentNameCheckExamplesTest
[INFO] Tests run: 2, Failures: 0, Errors: 0, Skipped: 0, Time elapsed: 0.017 s -- in com.puppycrawl.tools.checkstyle.checks.naming.RecordComponentNameCheckExamplesTest
[INFO] Running com.puppycrawl.tools.checkstyle.checks.naming.RecordComponentNameCheckTest
[INFO] Tests run: 4, Failures: 0, Errors: 0, Skipped: 0, Time elapsed: 0.011 s -- in com.puppycrawl.tools.checkstyle.checks.naming.RecordComponentNameCheckTest
[INFO] Running com.puppycrawl.tools.checkstyle.checks.naming.RecordTypeParameterNameCheckExamplesTest
[INFO] Tests run: 2, Failures: 0, Errors: 0, Skipped: 0, Time elapsed: 0.014 s -- in com.puppycrawl.tools.checkstyle.checks.naming.RecordTypeParameterNameCheckExamplesTest
[INFO] Running com.puppycrawl.tools.checkstyle.checks.naming.RecordTypeParameterNameCheckTest
[INFO] Tests run: 4, Failures: 0, Errors: 0, Skipped: 0, Time elapsed: 0.018 s -- in com.puppycrawl.tools.checkstyle.checks.naming.RecordTypeParameterNameCheckTest
[INFO] Running com.puppycrawl.tools.checkstyle.checks.naming.StaticVariableNameCheckExamplesTest
[INFO] Tests run: 3, Failures: 0, Errors: 0, Skipped: 0, Time elapsed: 0.023 s -- in com.puppycrawl.tools.checkstyle.checks.naming.StaticVariableNameCheckExamplesTest
[INFO] Running com.puppycrawl.tools.checkstyle.checks.naming.StaticVariableNameCheckTest
[INFO] Tests run: 5, Failures: 0, Errors: 0, Skipped: 0, Time elapsed: 0.023 s -- in com.puppycrawl.tools.checkstyle.checks.naming.StaticVariableNameCheckTest
[INFO] Running com.puppycrawl.tools.checkstyle.checks.naming.TypeNameCheckExamplesTest
[INFO] Tests run: 4, Failures: 0, Errors: 0, Skipped: 0, Time elapsed: 0.030 s -- in com.puppycrawl.tools.checkstyle.checks.naming.TypeNameCheckExamplesTest
[INFO] Running com.puppycrawl.tools.checkstyle.checks.naming.TypeNameCheckTest
[INFO] Tests run: 8, Failures: 0, Errors: 0, Skipped: 0, Time elapsed: 0.040 s -- in com.puppycrawl.tools.checkstyle.checks.naming.TypeNameCheckTest
[INFO] Running com.puppycrawl.tools.checkstyle.checks.NewlineAtEndOfFileCheckExamplesTest
[INFO] Tests run: 6, Failures: 0, Errors: 0, Skipped: 0, Time elapsed: 0.041 s -- in com.puppycrawl.tools.checkstyle.checks.NewlineAtEndOfFileCheckExamplesTest
[INFO] Running com.puppycrawl.tools.checkstyle.checks.NewlineAtEndOfFileCheckTest
[INFO] Tests run: 14, Failures: 0, Errors: 0, Skipped: 0, Time elapsed: 0.088 s -- in com.puppycrawl.tools.checkstyle.checks.NewlineAtEndOfFileCheckTest
[INFO] Running com.puppycrawl.tools.checkstyle.checks.NoCodeInFileCheckExamplesTest
[INFO] Tests run: 2, Failures: 0, Errors: 0, Skipped: 0, Time elapsed: 0.020 s -- in com.puppycrawl.tools.checkstyle.checks.NoCodeInFileCheckExamplesTest
[INFO] Running com.puppycrawl.tools.checkstyle.checks.NoCodeInFileCheckTest
[INFO] Tests run: 7, Failures: 0, Errors: 0, Skipped: 0, Time elapsed: 0.025 s -- in com.puppycrawl.tools.checkstyle.checks.NoCodeInFileCheckTest
[INFO] Running com.puppycrawl.tools.checkstyle.checks.NumericalPrefixesInfixesSuffixesCharacterCaseCheckExamplesTest
[INFO] Tests run: 1, Failures: 0, Errors: 0, Skipped: 0, Time elapsed: 0.011 s -- in com.puppycrawl.tools.checkstyle.checks.NumericalPrefixesInfixesSuffixesCharacterCaseCheckExamplesTest
[INFO] Running com.puppycrawl.tools.checkstyle.checks.NumericalPrefixesInfixesSuffixesCharacterCaseCheckTest
[INFO] Tests run: 3, Failures: 0, Errors: 0, Skipped: 0, Time elapsed: 0.008 s -- in com.puppycrawl.tools.checkstyle.checks.NumericalPrefixesInfixesSuffixesCharacterCaseCheckTest
[INFO] Running com.puppycrawl.tools.checkstyle.checks.OrderedPropertiesCheckExamplesTest
[INFO] Tests run: 1, Failures: 0, Errors: 0, Skipped: 0, Time elapsed: 0.011 s -- in com.puppycrawl.tools.checkstyle.checks.OrderedPropertiesCheckExamplesTest
[INFO] Running com.puppycrawl.tools.checkstyle.checks.OrderedPropertiesCheckTest
[INFO] Tests run: 11, Failures: 0, Errors: 0, Skipped: 0, Time elapsed: 0.032 s -- in com.puppycrawl.tools.checkstyle.checks.OrderedPropertiesCheckTest
[INFO] Running com.puppycrawl.tools.checkstyle.checks.OuterTypeFilenameCheckExamplesTest
[INFO] Tests run: 5, Failures: 0, Errors: 0, Skipped: 0, Time elapsed: 0.033 s -- in com.puppycrawl.tools.checkstyle.checks.OuterTypeFilenameCheckExamplesTest
[INFO] Running com.puppycrawl.tools.checkstyle.checks.OuterTypeFilenameCheckTest
[INFO] Tests run: 16, Failures: 0, Errors: 0, Skipped: 0, Time elapsed: 0.079 s -- in com.puppycrawl.tools.checkstyle.checks.OuterTypeFilenameCheckTest
[INFO] Running com.puppycrawl.tools.checkstyle.checks.regexp.RegexpCheckExamplesTest
[INFO] Tests run: 12, Failures: 0, Errors: 0, Skipped: 0, Time elapsed: 0.135 s -- in com.puppycrawl.tools.checkstyle.checks.regexp.RegexpCheckExamplesTest
[INFO] Running com.puppycrawl.tools.checkstyle.checks.regexp.RegexpCheckTest
[INFO] Tests run: 32, Failures: 0, Errors: 0, Skipped: 0, Time elapsed: 0.453 s -- in com.puppycrawl.tools.checkstyle.checks.regexp.RegexpCheckTest
[INFO] Running com.puppycrawl.tools.checkstyle.checks.regexp.RegexpMultilineCheckExamplesTest
[INFO] Tests run: 5, Failures: 0, Errors: 0, Skipped: 0, Time elapsed: 0.045 s -- in com.puppycrawl.tools.checkstyle.checks.regexp.RegexpMultilineCheckExamplesTest
[INFO] Running com.puppycrawl.tools.checkstyle.checks.regexp.RegexpMultilineCheckTest
[INFO] Tests run: 17, Failures: 0, Errors: 0, Skipped: 0, Time elapsed: 0.168 s -- in com.puppycrawl.tools.checkstyle.checks.regexp.RegexpMultilineCheckTest
[INFO] Running com.puppycrawl.tools.checkstyle.checks.regexp.RegexpOnFilenameCheckExamplesTest
[INFO] Tests run: 5, Failures: 0, Errors: 0, Skipped: 0, Time elapsed: 0.142 s -- in com.puppycrawl.tools.checkstyle.checks.regexp.RegexpOnFilenameCheckExamplesTest
[INFO] Running com.puppycrawl.tools.checkstyle.checks.regexp.RegexpOnFilenameCheckTest
[INFO] Tests run: 21, Failures: 0, Errors: 0, Skipped: 0, Time elapsed: 0.102 s -- in com.puppycrawl.tools.checkstyle.checks.regexp.RegexpOnFilenameCheckTest
[INFO] Running com.puppycrawl.tools.checkstyle.checks.regexp.RegexpSinglelineCheckExamplesTest
[INFO] Tests run: 7, Failures: 0, Errors: 0, Skipped: 0, Time elapsed: 0.058 s -- in com.puppycrawl.tools.checkstyle.checks.regexp.RegexpSinglelineCheckExamplesTest
[INFO] Running com.puppycrawl.tools.checkstyle.checks.regexp.RegexpSinglelineCheckTest
[INFO] Tests run: 10, Failures: 0, Errors: 0, Skipped: 0, Time elapsed: 0.067 s -- in com.puppycrawl.tools.checkstyle.checks.regexp.RegexpSinglelineCheckTest
[INFO] Running com.puppycrawl.tools.checkstyle.checks.regexp.RegexpSinglelineJavaCheckExamplesTest
[INFO] Tests run: 7, Failures: 0, Errors: 0, Skipped: 0, Time elapsed: 0.067 s -- in com.puppycrawl.tools.checkstyle.checks.regexp.RegexpSinglelineJavaCheckExamplesTest
[INFO] Running com.puppycrawl.tools.checkstyle.checks.regexp.RegexpSinglelineJavaCheckTest
[INFO] Tests run: 21, Failures: 0, Errors: 0, Skipped: 0, Time elapsed: 0.138 s -- in com.puppycrawl.tools.checkstyle.checks.regexp.RegexpSinglelineJavaCheckTest
[INFO] Running com.puppycrawl.tools.checkstyle.checks.sizes.AnonInnerLengthCheckExamplesTest
[INFO] Tests run: 2, Failures: 0, Errors: 0, Skipped: 0, Time elapsed: 0.023 s -- in com.puppycrawl.tools.checkstyle.checks.sizes.AnonInnerLengthCheckExamplesTest
[INFO] Running com.puppycrawl.tools.checkstyle.checks.sizes.AnonInnerLengthCheckTest
[INFO] Tests run: 6, Failures: 0, Errors: 0, Skipped: 0, Time elapsed: 0.050 s -- in com.puppycrawl.tools.checkstyle.checks.sizes.AnonInnerLengthCheckTest
[INFO] Running com.puppycrawl.tools.checkstyle.checks.sizes.ExecutableStatementCountCheckExamplesTest
[INFO] Tests run: 3, Failures: 0, Errors: 0, Skipped: 0, Time elapsed: 0.030 s -- in com.puppycrawl.tools.checkstyle.checks.sizes.ExecutableStatementCountCheckExamplesTest
[INFO] Running com.puppycrawl.tools.checkstyle.checks.sizes.ExecutableStatementCountCheckTest
[INFO] Tests run: 11, Failures: 0, Errors: 0, Skipped: 0, Time elapsed: 0.088 s -- in com.puppycrawl.tools.checkstyle.checks.sizes.ExecutableStatementCountCheckTest
[INFO] Running com.puppycrawl.tools.checkstyle.checks.sizes.FileLengthCheckExamplesTest
[INFO] Tests run: 3, Failures: 0, Errors: 0, Skipped: 0, Time elapsed: 0.032 s -- in com.puppycrawl.tools.checkstyle.checks.sizes.FileLengthCheckExamplesTest
[INFO] Running com.puppycrawl.tools.checkstyle.checks.sizes.FileLengthCheckTest
[INFO] Tests run: 7, Failures: 0, Errors: 0, Skipped: 0, Time elapsed: 0.043 s -- in com.puppycrawl.tools.checkstyle.checks.sizes.FileLengthCheckTest
[INFO] Running com.puppycrawl.tools.checkstyle.checks.sizes.LambdaBodyLengthCheckTest
[INFO] Tests run: 5, Failures: 0, Errors: 0, Skipped: 0, Time elapsed: 0.056 s -- in com.puppycrawl.tools.checkstyle.checks.sizes.LambdaBodyLengthCheckTest
[INFO] Running com.puppycrawl.tools.checkstyle.checks.sizes.LambdaBodyLengthExamplesTest
[INFO] Tests run: 2, Failures: 0, Errors: 0, Skipped: 0, Time elapsed: 0.024 s -- in com.puppycrawl.tools.checkstyle.checks.sizes.LambdaBodyLengthExamplesTest
[INFO] Running com.puppycrawl.tools.checkstyle.checks.sizes.LineLengthCheckExamplesTest
[INFO] Tests run: 6, Failures: 0, Errors: 0, Skipped: 0, Time elapsed: 0.083 s -- in com.puppycrawl.tools.checkstyle.checks.sizes.LineLengthCheckExamplesTest
[INFO] Running com.puppycrawl.tools.checkstyle.checks.sizes.LineLengthCheckTest
[INFO] Tests run: 11, Failures: 0, Errors: 0, Skipped: 0, Time elapsed: 0.057 s -- in com.puppycrawl.tools.checkstyle.checks.sizes.LineLengthCheckTest
[INFO] Running com.puppycrawl.tools.checkstyle.checks.sizes.MethodCountCheckExamplesTest
[INFO] Tests run: 6, Failures: 0, Errors: 0, Skipped: 0, Time elapsed: 0.052 s -- in com.puppycrawl.tools.checkstyle.checks.sizes.MethodCountCheckExamplesTest
[INFO] Running com.puppycrawl.tools.checkstyle.checks.sizes.MethodCountCheckTest
[INFO] Tests run: 15, Failures: 0, Errors: 0, Skipped: 0, Time elapsed: 0.073 s -- in com.puppycrawl.tools.checkstyle.checks.sizes.MethodCountCheckTest
[INFO] Running com.puppycrawl.tools.checkstyle.checks.sizes.MethodLengthCheckExamplesTest
[INFO] Tests run: 3, Failures: 0, Errors: 0, Skipped: 0, Time elapsed: 0.031 s -- in com.puppycrawl.tools.checkstyle.checks.sizes.MethodLengthCheckExamplesTest
[INFO] Running com.puppycrawl.tools.checkstyle.checks.sizes.MethodLengthCheckTest
[INFO] Tests run: 14, Failures: 0, Errors: 0, Skipped: 0, Time elapsed: 0.080 s -- in com.puppycrawl.tools.checkstyle.checks.sizes.MethodLengthCheckTest
[INFO] Running com.puppycrawl.tools.checkstyle.checks.sizes.OuterTypeNumberCheckExamplesTest
[INFO] Tests run: 2, Failures: 0, Errors: 0, Skipped: 0, Time elapsed: 0.015 s -- in com.puppycrawl.tools.checkstyle.checks.sizes.OuterTypeNumberCheckExamplesTest
[INFO] Running com.puppycrawl.tools.checkstyle.checks.sizes.OuterTypeNumberCheckTest
[INFO] Tests run: 7, Failures: 0, Errors: 0, Skipped: 0, Time elapsed: 0.027 s -- in com.puppycrawl.tools.checkstyle.checks.sizes.OuterTypeNumberCheckTest
[INFO] Running com.puppycrawl.tools.checkstyle.checks.sizes.ParameterNumberCheckExamplesTest
[INFO] Tests run: 4, Failures: 0, Errors: 0, Skipped: 0, Time elapsed: 0.029 s -- in com.puppycrawl.tools.checkstyle.checks.sizes.ParameterNumberCheckExamplesTest
[INFO] Running com.puppycrawl.tools.checkstyle.checks.sizes.ParameterNumberCheckTest
[INFO] Tests run: 12, Failures: 0, Errors: 0, Skipped: 0, Time elapsed: 0.071 s -- in com.puppycrawl.tools.checkstyle.checks.sizes.ParameterNumberCheckTest
[INFO] Running com.puppycrawl.tools.checkstyle.checks.sizes.RecordComponentNumberCheckExamplesTest
[INFO] Tests run: 3, Failures: 0, Errors: 0, Skipped: 0, Time elapsed: 0.031 s -- in com.puppycrawl.tools.checkstyle.checks.sizes.RecordComponentNumberCheckExamplesTest
[INFO] Running com.puppycrawl.tools.checkstyle.checks.sizes.RecordComponentNumberCheckTest
[INFO] Tests run: 11, Failures: 0, Errors: 0, Skipped: 0, Time elapsed: 0.111 s -- in com.puppycrawl.tools.checkstyle.checks.sizes.RecordComponentNumberCheckTest
[INFO] Running com.puppycrawl.tools.checkstyle.checks.SuppressWarningsHolderTest
[INFO] Tests run: 38, Failures: 0, Errors: 0, Skipped: 0, Time elapsed: 0.225 s -- in com.puppycrawl.tools.checkstyle.checks.SuppressWarningsHolderTest
[INFO] Running com.puppycrawl.tools.checkstyle.checks.TodoCommentCheckExamplesTest
[INFO] Tests run: 2, Failures: 0, Errors: 0, Skipped: 0, Time elapsed: 0.020 s -- in com.puppycrawl.tools.checkstyle.checks.TodoCommentCheckExamplesTest
[INFO] Running com.puppycrawl.tools.checkstyle.checks.TodoCommentCheckTest
[INFO] Tests run: 5, Failures: 0, Errors: 0, Skipped: 0, Time elapsed: 0.029 s -- in com.puppycrawl.tools.checkstyle.checks.TodoCommentCheckTest
[INFO] Running com.puppycrawl.tools.checkstyle.checks.TrailingCommentCheckExamplesTest
[INFO] Tests run: 6, Failures: 0, Errors: 0, Skipped: 0, Time elapsed: 0.056 s -- in com.puppycrawl.tools.checkstyle.checks.TrailingCommentCheckExamplesTest
[INFO] Running com.puppycrawl.tools.checkstyle.checks.TrailingCommentCheckTest
[INFO] Tests run: 7, Failures: 0, Errors: 0, Skipped: 0, Time elapsed: 0.031 s -- in com.puppycrawl.tools.checkstyle.checks.TrailingCommentCheckTest
[INFO] Running com.puppycrawl.tools.checkstyle.checks.TranslationCheckExamplesTest
[INFO] Tests run: 3, Failures: 0, Errors: 0, Skipped: 0, Time elapsed: 0.095 s -- in com.puppycrawl.tools.checkstyle.checks.TranslationCheckExamplesTest
[INFO] Running com.puppycrawl.tools.checkstyle.checks.TranslationCheckTest
[INFO] Tests run: 24, Failures: 0, Errors: 0, Skipped: 0, Time elapsed: 0.215 s -- in com.puppycrawl.tools.checkstyle.checks.TranslationCheckTest
[INFO] Running com.puppycrawl.tools.checkstyle.checks.UncommentedMainCheckExamplesTest
[INFO] Tests run: 2, Failures: 0, Errors: 0, Skipped: 0, Time elapsed: 0.014 s -- in com.puppycrawl.tools.checkstyle.checks.UncommentedMainCheckExamplesTest
[INFO] Running com.puppycrawl.tools.checkstyle.checks.UncommentedMainCheckTest
[INFO] Tests run: 11, Failures: 0, Errors: 0, Skipped: 0, Time elapsed: 0.120 s -- in com.puppycrawl.tools.checkstyle.checks.UncommentedMainCheckTest
[INFO] Running com.puppycrawl.tools.checkstyle.checks.UniquePropertiesCheckExamplesTest
[INFO] Tests run: 3, Failures: 0, Errors: 0, Skipped: 0, Time elapsed: 0.037 s -- in com.puppycrawl.tools.checkstyle.checks.UniquePropertiesCheckExamplesTest
[INFO] Running com.puppycrawl.tools.checkstyle.checks.UniquePropertiesCheckTest
[INFO] Tests run: 7, Failures: 0, Errors: 0, Skipped: 0, Time elapsed: 0.016 s -- in com.puppycrawl.tools.checkstyle.checks.UniquePropertiesCheckTest
[INFO] Running com.puppycrawl.tools.checkstyle.checks.UpperEllCheckExamplesTest
[INFO] Tests run: 1, Failures: 0, Errors: 0, Skipped: 0, Time elapsed: 0.011 s -- in com.puppycrawl.tools.checkstyle.checks.UpperEllCheckExamplesTest
[INFO] Running com.puppycrawl.tools.checkstyle.checks.UpperEllCheckTest
[INFO] Tests run: 3, Failures: 0, Errors: 0, Skipped: 0, Time elapsed: 0.008 s -- in com.puppycrawl.tools.checkstyle.checks.UpperEllCheckTest
[INFO] Running com.puppycrawl.tools.checkstyle.checks.whitespace.EmptyForInitializerPadCheckTest
[INFO] Tests run: 9, Failures: 0, Errors: 0, Skipped: 0, Time elapsed: 0.032 s -- in com.puppycrawl.tools.checkstyle.checks.whitespace.EmptyForInitializerPadCheckTest
[INFO] Running com.puppycrawl.tools.checkstyle.checks.whitespace.EmptyForInitializerPadExamplesTest
[INFO] Tests run: 2, Failures: 0, Errors: 0, Skipped: 0, Time elapsed: 0.012 s -- in com.puppycrawl.tools.checkstyle.checks.whitespace.EmptyForInitializerPadExamplesTest
[INFO] Running com.puppycrawl.tools.checkstyle.checks.whitespace.EmptyForIteratorPadCheckTest
[INFO] Tests run: 8, Failures: 0, Errors: 0, Skipped: 0, Time elapsed: 0.038 s -- in com.puppycrawl.tools.checkstyle.checks.whitespace.EmptyForIteratorPadCheckTest
[INFO] Running com.puppycrawl.tools.checkstyle.checks.whitespace.EmptyForIteratorPadExamplesTest
[INFO] Tests run: 2, Failures: 0, Errors: 0, Skipped: 0, Time elapsed: 0.020 s -- in com.puppycrawl.tools.checkstyle.checks.whitespace.EmptyForIteratorPadExamplesTest
[INFO] Running com.puppycrawl.tools.checkstyle.checks.whitespace.EmptyLineSeparatorCheckTest
[INFO] Tests run: 57, Failures: 0, Errors: 0, Skipped: 0, Time elapsed: 0.484 s -- in com.puppycrawl.tools.checkstyle.checks.whitespace.EmptyLineSeparatorCheckTest
[INFO] Running com.puppycrawl.tools.checkstyle.checks.whitespace.EmptyLineSeparatorExamplesTest
[INFO] Tests run: 7, Failures: 0, Errors: 0, Skipped: 0, Time elapsed: 0.051 s -- in com.puppycrawl.tools.checkstyle.checks.whitespace.EmptyLineSeparatorExamplesTest
[INFO] Running com.puppycrawl.tools.checkstyle.checks.whitespace.FileTabCharacterCheckTest
[INFO] Tests run: 3, Failures: 0, Errors: 0, Skipped: 0, Time elapsed: 0.021 s -- in com.puppycrawl.tools.checkstyle.checks.whitespace.FileTabCharacterCheckTest
[INFO] Running com.puppycrawl.tools.checkstyle.checks.whitespace.FileTabCharacterExamplesTest
[INFO] Tests run: 5, Failures: 0, Errors: 0, Skipped: 0, Time elapsed: 0.033 s -- in com.puppycrawl.tools.checkstyle.checks.whitespace.FileTabCharacterExamplesTest
[INFO] Running com.puppycrawl.tools.checkstyle.checks.whitespace.GenericWhitespaceCheckExamplesTest
[INFO] Tests run: 2, Failures: 0, Errors: 0, Skipped: 0, Time elapsed: 0.018 s -- in com.puppycrawl.tools.checkstyle.checks.whitespace.GenericWhitespaceCheckExamplesTest
[INFO] Running com.puppycrawl.tools.checkstyle.checks.whitespace.GenericWhitespaceCheckTest
[INFO] Tests run: 17, Failures: 0, Errors: 0, Skipped: 0, Time elapsed: 0.198 s -- in com.puppycrawl.tools.checkstyle.checks.whitespace.GenericWhitespaceCheckTest
[INFO] Running com.puppycrawl.tools.checkstyle.checks.whitespace.MethodParamPadCheckTest
[INFO] Tests run: 13, Failures: 0, Errors: 0, Skipped: 0, Time elapsed: 0.106 s -- in com.puppycrawl.tools.checkstyle.checks.whitespace.MethodParamPadCheckTest
[INFO] Running com.puppycrawl.tools.checkstyle.checks.whitespace.MethodParamPadExamplesTest
[INFO] Tests run: 2, Failures: 0, Errors: 0, Skipped: 0, Time elapsed: 0.015 s -- in com.puppycrawl.tools.checkstyle.checks.whitespace.MethodParamPadExamplesTest
[INFO] Running com.puppycrawl.tools.checkstyle.checks.whitespace.NoLineWrapCheckTest
[INFO] Tests run: 4, Failures: 0, Errors: 0, Skipped: 0, Time elapsed: 0.025 s -- in com.puppycrawl.tools.checkstyle.checks.whitespace.NoLineWrapCheckTest
[INFO] Running com.puppycrawl.tools.checkstyle.checks.whitespace.NoLineWrapExamplesTest
[INFO] Tests run: 5, Failures: 0, Errors: 0, Skipped: 0, Time elapsed: 0.032 s -- in com.puppycrawl.tools.checkstyle.checks.whitespace.NoLineWrapExamplesTest
[INFO] Running com.puppycrawl.tools.checkstyle.checks.whitespace.NoWhitespaceAfterCheckTest
[INFO] Tests run: 20, Failures: 0, Errors: 0, Skipped: 0, Time elapsed: 0.223 s -- in com.puppycrawl.tools.checkstyle.checks.whitespace.NoWhitespaceAfterCheckTest
[INFO] Running com.puppycrawl.tools.checkstyle.checks.whitespace.NoWhitespaceAfterExamplesTest
[INFO] Tests run: 2, Failures: 0, Errors: 0, Skipped: 0, Time elapsed: 0.017 s -- in com.puppycrawl.tools.checkstyle.checks.whitespace.NoWhitespaceAfterExamplesTest
[INFO] Running com.puppycrawl.tools.checkstyle.checks.whitespace.NoWhitespaceBeforeCaseDefaultColonCheckTest
[INFO] Tests run: 4, Failures: 0, Errors: 0, Skipped: 0, Time elapsed: 0.107 s -- in com.puppycrawl.tools.checkstyle.checks.whitespace.NoWhitespaceBeforeCaseDefaultColonCheckTest
[INFO] Running com.puppycrawl.tools.checkstyle.checks.whitespace.NoWhitespaceBeforeCaseDefaultColonExamplesTest
[INFO] Tests run: 1, Failures: 0, Errors: 0, Skipped: 0, Time elapsed: 0.021 s -- in com.puppycrawl.tools.checkstyle.checks.whitespace.NoWhitespaceBeforeCaseDefaultColonExamplesTest
[INFO] Running com.puppycrawl.tools.checkstyle.checks.whitespace.NoWhitespaceBeforeCheckTest
[INFO] Tests run: 10, Failures: 0, Errors: 0, Skipped: 0, Time elapsed: 0.125 s -- in com.puppycrawl.tools.checkstyle.checks.whitespace.NoWhitespaceBeforeCheckTest
[INFO] Running com.puppycrawl.tools.checkstyle.checks.whitespace.NoWhitespaceBeforeExamplesTest
[INFO] Tests run: 4, Failures: 0, Errors: 0, Skipped: 0, Time elapsed: 0.042 s -- in com.puppycrawl.tools.checkstyle.checks.whitespace.NoWhitespaceBeforeExamplesTest
[INFO] Running com.puppycrawl.tools.checkstyle.checks.whitespace.OperatorWrapCheckTest
[INFO] Tests run: 14, Failures: 0, Errors: 0, Skipped: 0, Time elapsed: 0.118 s -- in com.puppycrawl.tools.checkstyle.checks.whitespace.OperatorWrapCheckTest
[INFO] Running com.puppycrawl.tools.checkstyle.checks.whitespace.OperatorWrapExamplesTest
[INFO] Tests run: 2, Failures: 0, Errors: 0, Skipped: 0, Time elapsed: 0.018 s -- in com.puppycrawl.tools.checkstyle.checks.whitespace.OperatorWrapExamplesTest
[INFO] Running com.puppycrawl.tools.checkstyle.checks.whitespace.ParenPadCheckTest
[INFO] Tests run: 28, Failures: 0, Errors: 0, Skipped: 0, Time elapsed: 0.287 s -- in com.puppycrawl.tools.checkstyle.checks.whitespace.ParenPadCheckTest
[INFO] Running com.puppycrawl.tools.checkstyle.checks.whitespace.ParenPadExamplesTest
[INFO] Tests run: 2, Failures: 0, Errors: 0, Skipped: 0, Time elapsed: 0.029 s -- in com.puppycrawl.tools.checkstyle.checks.whitespace.ParenPadExamplesTest
[INFO] Running com.puppycrawl.tools.checkstyle.checks.whitespace.SeparatorWrapCheckTest
[INFO] Tests run: 10, Failures: 0, Errors: 0, Skipped: 0, Time elapsed: 0.057 s -- in com.puppycrawl.tools.checkstyle.checks.whitespace.SeparatorWrapCheckTest
[INFO] Running com.puppycrawl.tools.checkstyle.checks.whitespace.SeparatorWrapExamplesTest
[INFO] Tests run: 3, Failures: 0, Errors: 0, Skipped: 0, Time elapsed: 0.023 s -- in com.puppycrawl.tools.checkstyle.checks.whitespace.SeparatorWrapExamplesTest
[INFO] Running com.puppycrawl.tools.checkstyle.checks.whitespace.SingleSpaceSeparatorCheckTest
[INFO] Tests run: 12, Failures: 0, Errors: 0, Skipped: 0, Time elapsed: 0.090 s -- in com.puppycrawl.tools.checkstyle.checks.whitespace.SingleSpaceSeparatorCheckTest
[INFO] Running com.puppycrawl.tools.checkstyle.checks.whitespace.SingleSpaceSeparatorExamplesTest
[INFO] Tests run: 2, Failures: 0, Errors: 0, Skipped: 0, Time elapsed: 0.015 s -- in com.puppycrawl.tools.checkstyle.checks.whitespace.SingleSpaceSeparatorExamplesTest
[INFO] Running com.puppycrawl.tools.checkstyle.checks.whitespace.TypecastParenPadCheckTest
[INFO] Tests run: 4, Failures: 0, Errors: 0, Skipped: 0, Time elapsed: 0.032 s -- in com.puppycrawl.tools.checkstyle.checks.whitespace.TypecastParenPadCheckTest
[INFO] Running com.puppycrawl.tools.checkstyle.checks.whitespace.TypecastParenPadExamplesTest
[INFO] Tests run: 2, Failures: 0, Errors: 0, Skipped: 0, Time elapsed: 0.014 s -- in com.puppycrawl.tools.checkstyle.checks.whitespace.TypecastParenPadExamplesTest
[INFO] Running com.puppycrawl.tools.checkstyle.checks.whitespace.WhitespaceAfterCheckTest
[INFO] Tests run: 33, Failures: 0, Errors: 0, Skipped: 0, Time elapsed: 0.253 s -- in com.puppycrawl.tools.checkstyle.checks.whitespace.WhitespaceAfterCheckTest
[INFO] Running com.puppycrawl.tools.checkstyle.checks.whitespace.WhitespaceAfterExamplesTest
[INFO] Tests run: 2, Failures: 0, Errors: 0, Skipped: 0, Time elapsed: 0.020 s -- in com.puppycrawl.tools.checkstyle.checks.whitespace.WhitespaceAfterExamplesTest
[INFO] Running com.puppycrawl.tools.checkstyle.checks.whitespace.WhitespaceAroundCheckTest
[INFO] Tests run: 39, Failures: 0, Errors: 0, Skipped: 0, Time elapsed: 0.315 s -- in com.puppycrawl.tools.checkstyle.checks.whitespace.WhitespaceAroundCheckTest
[INFO] Running com.puppycrawl.tools.checkstyle.checks.whitespace.WhitespaceAroundExamplesTest
[INFO] Tests run: 11, Failures: 0, Errors: 0, Skipped: 0, Time elapsed: 0.075 s -- in com.puppycrawl.tools.checkstyle.checks.whitespace.WhitespaceAroundExamplesTest
[INFO] Running com.puppycrawl.tools.checkstyle.ChecksAndFilesSuppressionFileGeneratorAuditListenerTest
[INFO] Tests run: 10, Failures: 0, Errors: 0, Skipped: 0, Time elapsed: 0.012 s -- in com.puppycrawl.tools.checkstyle.ChecksAndFilesSuppressionFileGeneratorAuditListenerTest
[INFO] Running com.puppycrawl.tools.checkstyle.ConfigurationLoaderTest
[ERROR] Tests run: 35, Failures: 0, Errors: 1, Skipped: 0, Time elapsed: 0.393 s <<< FAILURE! -- in com.puppycrawl.tools.checkstyle.ConfigurationLoaderTest
[ERROR] com.puppycrawl.tools.checkstyle.ConfigurationLoaderTest.testConfigWithIgnoreExceptionalAttributes -- Time elapsed: 0.183 s <<< ERROR!
org.mockito.exceptions.base.MockitoException: Could not modify all classes [class java.lang.Object, class com.puppycrawl.tools.checkstyle.DefaultConfiguration, interface java.io.Serializable, interface com.puppycrawl.tools.checkstyle.api.Configuration]
	at com.puppycrawl.tools.checkstyle.ConfigurationLoaderTest.testConfigWithIgnoreExceptionalAttributes(ConfigurationLoaderTest.java:706)
Caused by: java.lang.IllegalStateException: 
Byte Buddy could not instrument all classes within the mock's type hierarchy

This problem should never occur for javac-compiled classes. This problem has been observed for classes that are:
 - Compiled by older versions of scalac
 - Classes that are part of the Android distribution
	at org.mockito.internal.creation.bytebuddy.InlineBytecodeGenerator.triggerRetransformation(InlineBytecodeGenerator.java:285)
	at org.mockito.internal.creation.bytebuddy.InlineBytecodeGenerator.mockClassConstruction(InlineBytecodeGenerator.java:231)
	at org.mockito.internal.creation.bytebuddy.TypeCachingBytecodeGenerator.mockClassConstruction(TypeCachingBytecodeGenerator.java:68)
	at org.mockito.internal.creation.bytebuddy.InlineDelegateByteBuddyMockMaker.createConstructionMock(InlineDelegateByteBuddyMockMaker.java:594)
	at org.mockito.internal.creation.bytebuddy.InlineByteBuddyMockMaker.createConstructionMock(InlineByteBuddyMockMaker.java:92)
	at org.mockito.internal.util.MockUtil.createConstructionMock(MockUtil.java:211)
	at org.mockito.internal.MockitoCore.mockConstruction(MockitoCore.java:166)
	at org.mockito.Mockito.mockConstruction(Mockito.java:2439)
	at org.mockito.Mockito.mockConstruction(Mockito.java:2420)
	at org.mockito.Mockito.mockConstruction(Mockito.java:2368)
	... 1 more
Caused by: java.lang.IllegalArgumentException: Java 25 (69) is not supported by the current version of Byte Buddy which officially supports Java 22 (66) - update Byte Buddy or set net.bytebuddy.experimental as a VM property
	at net.bytebuddy.utility.OpenedClassReader.of(OpenedClassReader.java:100)
	at net.bytebuddy.dynamic.scaffold.TypeWriter$Default$ForInlining.create(TypeWriter.java:4011)
	at net.bytebuddy.dynamic.scaffold.TypeWriter$Default.make(TypeWriter.java:2224)
	at net.bytebuddy.dynamic.DynamicType$Builder$AbstractBase$UsingTypeWriter.make(DynamicType.java:4055)
	at net.bytebuddy.dynamic.DynamicType$Builder$AbstractBase.make(DynamicType.java:3739)
	at org.mockito.internal.creation.bytebuddy.InlineBytecodeGenerator.transform(InlineBytecodeGenerator.java:402)
	at java.instrument/java.lang.instrument.ClassFileTransformer.transform(ClassFileTransformer.java:257)
	at java.instrument/sun.instrument.TransformerManager.transform(TransformerManager.java:188)
	at java.instrument/sun.instrument.InstrumentationImpl.transform(InstrumentationImpl.java:594)
	at java.instrument/sun.instrument.InstrumentationImpl.retransformClasses0(Native Method)
	at java.instrument/sun.instrument.InstrumentationImpl.retransformClasses(InstrumentationImpl.java:221)
	at org.mockito.internal.creation.bytebuddy.InlineBytecodeGenerator.triggerRetransformation(InlineBytecodeGenerator.java:281)
	... 10 more

[INFO] Running com.puppycrawl.tools.checkstyle.DefaultConfigurationTest
[INFO] Tests run: 9, Failures: 0, Errors: 0, Skipped: 0, Time elapsed: 0.037 s -- in com.puppycrawl.tools.checkstyle.DefaultConfigurationTest
[INFO] Running com.puppycrawl.tools.checkstyle.DefaultLoggerTest
[WARNING] Tests run: 17, Failures: 0, Errors: 0, Skipped: 1, Time elapsed: 0.286 s -- in com.puppycrawl.tools.checkstyle.DefaultLoggerTest
[INFO] Running com.puppycrawl.tools.checkstyle.DefinitionsTest
[INFO] Tests run: 1, Failures: 0, Errors: 0, Skipped: 0, Time elapsed: 0.004 s -- in com.puppycrawl.tools.checkstyle.DefinitionsTest
[INFO] Running com.puppycrawl.tools.checkstyle.DetailAstImplTest
[INFO] Tests run: 27, Failures: 0, Errors: 0, Skipped: 0, Time elapsed: 154.9 s -- in com.puppycrawl.tools.checkstyle.DetailAstImplTest
[INFO] Running com.puppycrawl.tools.checkstyle.DetailNodeTreeStringPrinterTest
[INFO] Tests run: 6, Failures: 0, Errors: 0, Skipped: 0, Time elapsed: 0.028 s -- in com.puppycrawl.tools.checkstyle.DetailNodeTreeStringPrinterTest
[INFO] Running com.puppycrawl.tools.checkstyle.filefilters.BeforeExecutionExclusionFileFilterExamplesTest
[INFO] Tests run: 4, Failures: 0, Errors: 0, Skipped: 0, Time elapsed: 0.145 s -- in com.puppycrawl.tools.checkstyle.filefilters.BeforeExecutionExclusionFileFilterExamplesTest
[INFO] Running com.puppycrawl.tools.checkstyle.filefilters.BeforeExecutionExclusionFileFilterTest
[INFO] Tests run: 4, Failures: 0, Errors: 0, Skipped: 0, Time elapsed: 0.027 s -- in com.puppycrawl.tools.checkstyle.filefilters.BeforeExecutionExclusionFileFilterTest
[INFO] Running com.puppycrawl.tools.checkstyle.filters.CsvFilterElementTest
[INFO] Tests run: 7, Failures: 0, Errors: 0, Skipped: 0, Time elapsed: 0.317 s -- in com.puppycrawl.tools.checkstyle.filters.CsvFilterElementTest
[INFO] Running com.puppycrawl.tools.checkstyle.filters.IntMatchFilterElementTest
[ERROR] Tests run: 3, Failures: 1, Errors: 0, Skipped: 0, Time elapsed: 0.014 s <<< FAILURE! -- in com.puppycrawl.tools.checkstyle.filters.IntMatchFilterElementTest
[ERROR] com.puppycrawl.tools.checkstyle.filters.IntMatchFilterElementTest.testEqualsAndHashCode -- Time elapsed: 0.010 s <<< FAILURE!
Error: EqualsVerifier found a problem in class com.puppycrawl.tools.checkstyle.filters.IntMatchFilterElement.
-> Java 25 (69) is not supported by the current version of Byte Buddy which officially supports Java 22 (66) - update Byte Buddy or set net.bytebuddy.experimental as a VM property

For more information, go to: https://www.jqno.nl/equalsverifier/errormessages
(EqualsVerifier 4.4.1, JDK 25.0.2 running on classpath, on Windows 11. Mockito: available.)
value of: isSuccessful()
expected to be true
	at com.puppycrawl.tools.checkstyle.filters.IntMatchFilterElementTest.testEqualsAndHashCode(IntMatchFilterElementTest.java:51)

[INFO] Running com.puppycrawl.tools.checkstyle.filters.IntRangeFilterElementTest
[ERROR] Tests run: 5, Failures: 1, Errors: 0, Skipped: 0, Time elapsed: 0.013 s <<< FAILURE! -- in com.puppycrawl.tools.checkstyle.filters.IntRangeFilterElementTest
[ERROR] com.puppycrawl.tools.checkstyle.filters.IntRangeFilterElementTest.testEqualsAndHashCode -- Time elapsed: 0.010 s <<< FAILURE!
Error: EqualsVerifier found a problem in class com.puppycrawl.tools.checkstyle.filters.IntRangeFilterElement.
-> Java 25 (69) is not supported by the current version of Byte Buddy which officially supports Java 22 (66) - update Byte Buddy or set net.bytebuddy.experimental as a VM property

For more information, go to: https://www.jqno.nl/equalsverifier/errormessages
(EqualsVerifier 4.4.1, JDK 25.0.2 running on classpath, on Windows 11. Mockito: available.)
value of: isSuccessful()
expected to be true
	at com.puppycrawl.tools.checkstyle.filters.IntRangeFilterElementTest.testEqualsAndHashCode(IntRangeFilterElementTest.java:91)

[INFO] Running com.puppycrawl.tools.checkstyle.filters.SeverityMatchFilterExamplesTest
[INFO] Tests run: 1, Failures: 0, Errors: 0, Skipped: 0, Time elapsed: 0.037 s -- in com.puppycrawl.tools.checkstyle.filters.SeverityMatchFilterExamplesTest
[INFO] Running com.puppycrawl.tools.checkstyle.filters.SeverityMatchFilterTest
[INFO] Tests run: 4, Failures: 0, Errors: 0, Skipped: 0, Time elapsed: 0.003 s -- in com.puppycrawl.tools.checkstyle.filters.SeverityMatchFilterTest
[INFO] Running com.puppycrawl.tools.checkstyle.filters.SuppressFilterElementTest
[ERROR] Tests run: 17, Failures: 1, Errors: 0, Skipped: 0, Time elapsed: 0.019 s <<< FAILURE! -- in com.puppycrawl.tools.checkstyle.filters.SuppressFilterElementTest
[ERROR] com.puppycrawl.tools.checkstyle.filters.SuppressFilterElementTest.testEqualsAndHashCode -- Time elapsed: 0.006 s <<< FAILURE!
Error: EqualsVerifier found a problem in class com.puppycrawl.tools.checkstyle.filters.SuppressFilterElement.
-> Java 25 (69) is not supported by the current version of Byte Buddy which officially supports Java 22 (66) - update Byte Buddy or set net.bytebuddy.experimental as a VM property

For more information, go to: https://www.jqno.nl/equalsverifier/errormessages
(EqualsVerifier 4.4.1, JDK 25.0.2 running on classpath, on Windows 11. Mockito: available.)
value of: isSuccessful()
expected to be true
	at com.puppycrawl.tools.checkstyle.filters.SuppressFilterElementTest.testEqualsAndHashCode(SuppressFilterElementTest.java:294)

[INFO] Running com.puppycrawl.tools.checkstyle.filters.SuppressionCommentFilterExamplesTest
[INFO] Tests run: 8, Failures: 0, Errors: 0, Skipped: 0, Time elapsed: 0.280 s -- in com.puppycrawl.tools.checkstyle.filters.SuppressionCommentFilterExamplesTest
[INFO] Running com.puppycrawl.tools.checkstyle.filters.SuppressionCommentFilterTest
[ERROR] Tests run: 26, Failures: 1, Errors: 1, Skipped: 0, Time elapsed: 0.790 s <<< FAILURE! -- in com.puppycrawl.tools.checkstyle.filters.SuppressionCommentFilterTest
[ERROR] com.puppycrawl.tools.checkstyle.filters.SuppressionCommentFilterTest.testEqualsAndHashCodeOfTagClass -- Time elapsed: 0.006 s <<< FAILURE!
Error: EqualsVerifier found a problem in class com.puppycrawl.tools.checkstyle.filters.SuppressionCommentFilter$Tag.
-> Java 25 (69) is not supported by the current version of Byte Buddy which officially supports Java 22 (66) - update Byte Buddy or set net.bytebuddy.experimental as a VM property

For more information, go to: https://www.jqno.nl/equalsverifier/errormessages
(EqualsVerifier 4.4.1, JDK 25.0.2 running on classpath, on Windows 11. Mockito: available.)
value of: isSuccessful()
expected to be true
	at com.puppycrawl.tools.checkstyle.filters.SuppressionCommentFilterTest.testEqualsAndHashCodeOfTagClass(SuppressionCommentFilterTest.java:301)

[ERROR] com.puppycrawl.tools.checkstyle.filters.SuppressionCommentFilterTest.testCachingByFileContentsInstance -- Time elapsed: 0.107 s <<< ERROR!
org.mockito.exceptions.base.MockitoException: 

Mockito cannot mock this class: class com.puppycrawl.tools.checkstyle.api.FileContents.
Can not mock final classes with the following settings :
 - explicit serialization (e.g. withSettings().serializable())
 - extra interfaces (e.g. withSettings().extraInterfaces(...))

You are seeing this disclaimer because Mockito is configured to create inlined mocks.
You can learn about inline mocks and their limitations under item #39 of the Mockito class javadoc.

Underlying exception : org.mockito.exceptions.base.MockitoException: Could not modify all classes [class java.lang.Object, interface com.puppycrawl.tools.checkstyle.grammar.CommentListener, class com.puppycrawl.tools.checkstyle.api.FileContents]
	at com.puppycrawl.tools.checkstyle.filters.SuppressionCommentFilterTest.testCachingByFileContentsInstance(SuppressionCommentFilterTest.java:689)
Caused by: org.mockito.exceptions.base.MockitoException: Could not modify all classes [class java.lang.Object, interface com.puppycrawl.tools.checkstyle.grammar.CommentListener, class com.puppycrawl.tools.checkstyle.api.FileContents]
	at net.bytebuddy.TypeCache.findOrInsert(TypeCache.java:168)
	at net.bytebuddy.TypeCache$WithInlineExpunction.findOrInsert(TypeCache.java:399)
	at net.bytebuddy.TypeCache.findOrInsert(TypeCache.java:190)
	at net.bytebuddy.TypeCache$WithInlineExpunction.findOrInsert(TypeCache.java:410)
	... 1 more
Caused by: java.lang.IllegalStateException: 
Byte Buddy could not instrument all classes within the mock's type hierarchy

This problem should never occur for javac-compiled classes. This problem has been observed for classes that are:
 - Compiled by older versions of scalac
 - Classes that are part of the Android distribution
	at org.mockito.internal.creation.bytebuddy.InlineBytecodeGenerator.triggerRetransformation(InlineBytecodeGenerator.java:285)
	at org.mockito.internal.creation.bytebuddy.InlineBytecodeGenerator.mockClass(InlineBytecodeGenerator.java:218)
	at org.mockito.internal.creation.bytebuddy.TypeCachingBytecodeGenerator.lambda$mockClass$0(TypeCachingBytecodeGenerator.java:47)
	at net.bytebuddy.TypeCache.findOrInsert(TypeCache.java:168)
	at net.bytebuddy.TypeCache$WithInlineExpunction.findOrInsert(TypeCache.java:399)
	at net.bytebuddy.TypeCache.findOrInsert(TypeCache.java:190)
	at net.bytebuddy.TypeCache$WithInlineExpunction.findOrInsert(TypeCache.java:410)
	at org.mockito.internal.creation.bytebuddy.TypeCachingBytecodeGenerator.mockClass(TypeCachingBytecodeGenerator.java:40)
	at org.mockito.internal.creation.bytebuddy.InlineDelegateByteBuddyMockMaker.createMockType(InlineDelegateByteBuddyMockMaker.java:396)
	at org.mockito.internal.creation.bytebuddy.InlineDelegateByteBuddyMockMaker.doCreateMock(InlineDelegateByteBuddyMockMaker.java:355)
	at org.mockito.internal.creation.bytebuddy.InlineDelegateByteBuddyMockMaker.createMock(InlineDelegateByteBuddyMockMaker.java:334)
	at org.mockito.internal.creation.bytebuddy.InlineByteBuddyMockMaker.createMock(InlineByteBuddyMockMaker.java:56)
	at org.mockito.internal.util.MockUtil.createMock(MockUtil.java:99)
	at org.mockito.internal.MockitoCore.mock(MockitoCore.java:88)
	at org.mockito.Mockito.mock(Mockito.java:2087)
	at org.mockito.Mockito.mock(Mockito.java:1990)
	at org.mockito.Mockito.mock(Mockito.java:1940)
	... 1 more
Caused by: java.lang.IllegalArgumentException: Java 25 (69) is not supported by the current version of Byte Buddy which officially supports Java 22 (66) - update Byte Buddy or set net.bytebuddy.experimental as a VM property
	at net.bytebuddy.utility.OpenedClassReader.of(OpenedClassReader.java:100)
	at net.bytebuddy.dynamic.scaffold.TypeWriter$Default$ForInlining.create(TypeWriter.java:4011)
	at net.bytebuddy.dynamic.scaffold.TypeWriter$Default.make(TypeWriter.java:2224)
	at net.bytebuddy.dynamic.DynamicType$Builder$AbstractBase$UsingTypeWriter.make(DynamicType.java:4055)
	at net.bytebuddy.dynamic.DynamicType$Builder$AbstractBase.make(DynamicType.java:3739)
	at org.mockito.internal.creation.bytebuddy.InlineBytecodeGenerator.transform(InlineBytecodeGenerator.java:402)
	at java.instrument/java.lang.instrument.ClassFileTransformer.transform(ClassFileTransformer.java:257)
	at java.instrument/sun.instrument.TransformerManager.transform(TransformerManager.java:188)
	at java.instrument/sun.instrument.InstrumentationImpl.transform(InstrumentationImpl.java:594)
	at java.instrument/sun.instrument.InstrumentationImpl.retransformClasses0(Native Method)
	at java.instrument/sun.instrument.InstrumentationImpl.retransformClasses(InstrumentationImpl.java:221)
	at org.mockito.internal.creation.bytebuddy.InlineBytecodeGenerator.triggerRetransformation(InlineBytecodeGenerator.java:281)
	... 17 more

[INFO] Running com.puppycrawl.tools.checkstyle.filters.SuppressionFilterExamplesTest
[INFO] Tests run: 4, Failures: 0, Errors: 0, Skipped: 0, Time elapsed: 0.331 s -- in com.puppycrawl.tools.checkstyle.filters.SuppressionFilterExamplesTest
[INFO] Running com.puppycrawl.tools.checkstyle.filters.SuppressionFilterTest
[INFO] Tests run: 13, Failures: 0, Errors: 0, Skipped: 0, Time elapsed: 1.413 s -- in com.puppycrawl.tools.checkstyle.filters.SuppressionFilterTest
[INFO] Running com.puppycrawl.tools.checkstyle.filters.SuppressionSingleFilterExamplesTest
[INFO] Tests run: 4, Failures: 0, Errors: 0, Skipped: 0, Time elapsed: 0.190 s -- in com.puppycrawl.tools.checkstyle.filters.SuppressionSingleFilterExamplesTest
[INFO] Running com.puppycrawl.tools.checkstyle.filters.SuppressionSingleFilterTest
[INFO] Tests run: 10, Failures: 0, Errors: 0, Skipped: 0, Time elapsed: 0.408 s -- in com.puppycrawl.tools.checkstyle.filters.SuppressionSingleFilterTest
[INFO] Running com.puppycrawl.tools.checkstyle.filters.SuppressionsLoaderTest
[INFO] Tests run: 23, Failures: 0, Errors: 0, Skipped: 0, Time elapsed: 0.549 s -- in com.puppycrawl.tools.checkstyle.filters.SuppressionsLoaderTest
[INFO] Running com.puppycrawl.tools.checkstyle.filters.SuppressionXpathFilterExamplesTest
[INFO] Tests run: 14, Failures: 0, Errors: 0, Skipped: 0, Time elapsed: 1.294 s -- in com.puppycrawl.tools.checkstyle.filters.SuppressionXpathFilterExamplesTest
[INFO] Running com.puppycrawl.tools.checkstyle.filters.SuppressionXpathFilterTest
[ERROR] Tests run: 16, Failures: 1, Errors: 0, Skipped: 0, Time elapsed: 0.587 s <<< FAILURE! -- in com.puppycrawl.tools.checkstyle.filters.SuppressionXpathFilterTest
[ERROR] com.puppycrawl.tools.checkstyle.filters.SuppressionXpathFilterTest.testEqualsAndHashCode -- Time elapsed: 0.009 s <<< FAILURE!
Error: EqualsVerifier found a problem in class com.puppycrawl.tools.checkstyle.filters.SuppressionXpathFilter.
-> Java 25 (69) is not supported by the current version of Byte Buddy which officially supports Java 22 (66) - update Byte Buddy or set net.bytebuddy.experimental as a VM property

For more information, go to: https://www.jqno.nl/equalsverifier/errormessages
(EqualsVerifier 4.4.1, JDK 25.0.2 running on classpath, on Windows 11. Mockito: available.)
value of: isSuccessful()
expected to be true
	at com.puppycrawl.tools.checkstyle.filters.SuppressionXpathFilterTest.testEqualsAndHashCode(SuppressionXpathFilterTest.java:146)

[INFO] Running com.puppycrawl.tools.checkstyle.filters.SuppressionXpathSingleFilterExamplesTest
[INFO] Tests run: 14, Failures: 0, Errors: 0, Skipped: 0, Time elapsed: 0.675 s -- in com.puppycrawl.tools.checkstyle.filters.SuppressionXpathSingleFilterExamplesTest
[INFO] Running com.puppycrawl.tools.checkstyle.filters.SuppressionXpathSingleFilterTest
[INFO] Tests run: 28, Failures: 0, Errors: 0, Skipped: 0, Time elapsed: 0.709 s -- in com.puppycrawl.tools.checkstyle.filters.SuppressionXpathSingleFilterTest
[INFO] Running com.puppycrawl.tools.checkstyle.filters.SuppressWarningsFilterExamplesTest
[INFO] Tests run: 2, Failures: 0, Errors: 0, Skipped: 0, Time elapsed: 0.060 s -- in com.puppycrawl.tools.checkstyle.filters.SuppressWarningsFilterExamplesTest
[INFO] Running com.puppycrawl.tools.checkstyle.filters.SuppressWarningsFilterTest
[INFO] Tests run: 3, Failures: 0, Errors: 0, Skipped: 0, Time elapsed: 0.199 s -- in com.puppycrawl.tools.checkstyle.filters.SuppressWarningsFilterTest
[INFO] Running com.puppycrawl.tools.checkstyle.filters.SuppressWithNearbyCommentFilterExamplesTest
[INFO] Tests run: 8, Failures: 0, Errors: 0, Skipped: 0, Time elapsed: 0.211 s -- in com.puppycrawl.tools.checkstyle.filters.SuppressWithNearbyCommentFilterExamplesTest
[INFO] Running com.puppycrawl.tools.checkstyle.filters.SuppressWithNearbyCommentFilterTest
[ERROR] Tests run: 26, Failures: 1, Errors: 0, Skipped: 0, Time elapsed: 0.611 s <<< FAILURE! -- in com.puppycrawl.tools.checkstyle.filters.SuppressWithNearbyCommentFilterTest
[ERROR] com.puppycrawl.tools.checkstyle.filters.SuppressWithNearbyCommentFilterTest.testEqualsAndHashCodeOfTagClass -- Time elapsed: 0.007 s <<< FAILURE!
Error: EqualsVerifier found a problem in class com.puppycrawl.tools.checkstyle.filters.SuppressWithNearbyCommentFilter$Tag.
-> Java 25 (69) is not supported by the current version of Byte Buddy which officially supports Java 22 (66) - update Byte Buddy or set net.bytebuddy.experimental as a VM property

For more information, go to: https://www.jqno.nl/equalsverifier/errormessages
(EqualsVerifier 4.4.1, JDK 25.0.2 running on classpath, on Windows 11. Mockito: available.)
value of: isSuccessful()
expected to be true
	at com.puppycrawl.tools.checkstyle.filters.SuppressWithNearbyCommentFilterTest.testEqualsAndHashCodeOfTagClass(SuppressWithNearbyCommentFilterTest.java:364)

[INFO] Running com.puppycrawl.tools.checkstyle.filters.SuppressWithNearbyTextFilterExamplesTest
[INFO] Tests run: 9, Failures: 0, Errors: 0, Skipped: 0, Time elapsed: 0.329 s -- in com.puppycrawl.tools.checkstyle.filters.SuppressWithNearbyTextFilterExamplesTest
[INFO] Running com.puppycrawl.tools.checkstyle.filters.SuppressWithNearbyTextFilterTest
[INFO] Tests run: 21, Failures: 0, Errors: 0, Skipped: 0, Time elapsed: 0.447 s -- in com.puppycrawl.tools.checkstyle.filters.SuppressWithNearbyTextFilterTest
[INFO] Running com.puppycrawl.tools.checkstyle.filters.SuppressWithPlainTextCommentFilterExamplesTest
[INFO] Tests run: 9, Failures: 0, Errors: 0, Skipped: 0, Time elapsed: 0.194 s -- in com.puppycrawl.tools.checkstyle.filters.SuppressWithPlainTextCommentFilterExamplesTest
[INFO] Running com.puppycrawl.tools.checkstyle.filters.SuppressWithPlainTextCommentFilterTest
[ERROR] Tests run: 25, Failures: 1, Errors: 0, Skipped: 0, Time elapsed: 0.361 s <<< FAILURE! -- in com.puppycrawl.tools.checkstyle.filters.SuppressWithPlainTextCommentFilterTest
[ERROR] com.puppycrawl.tools.checkstyle.filters.SuppressWithPlainTextCommentFilterTest.testEqualsAndHashCodeOfSuppressionClass -- Time elapsed: 0.007 s <<< FAILURE!
Error: EqualsVerifier found a problem in class com.puppycrawl.tools.checkstyle.filters.SuppressWithPlainTextCommentFilter$Suppression.
-> Java 25 (69) is not supported by the current version of Byte Buddy which officially supports Java 22 (66) - update Byte Buddy or set net.bytebuddy.experimental as a VM property

For more information, go to: https://www.jqno.nl/equalsverifier/errormessages
(EqualsVerifier 4.4.1, JDK 25.0.2 running on classpath, on Windows 11. Mockito: available.)
value of: isSuccessful()
expected to be true
	at com.puppycrawl.tools.checkstyle.filters.SuppressWithPlainTextCommentFilterTest.testEqualsAndHashCodeOfSuppressionClass(SuppressWithPlainTextCommentFilterTest.java:363)

[INFO] Running com.puppycrawl.tools.checkstyle.filters.XpathFilterElementTest
[ERROR] Tests run: 21, Failures: 1, Errors: 0, Skipped: 0, Time elapsed: 0.107 s <<< FAILURE! -- in com.puppycrawl.tools.checkstyle.filters.XpathFilterElementTest
[ERROR] com.puppycrawl.tools.checkstyle.filters.XpathFilterElementTest.testEqualsAndHashCode -- Time elapsed: 0.010 s <<< FAILURE!
Error: EqualsVerifier found a problem in class com.puppycrawl.tools.checkstyle.filters.XpathFilterElement.
-> Java 25 (69) is not supported by the current version of Byte Buddy which officially supports Java 22 (66) - update Byte Buddy or set net.bytebuddy.experimental as a VM property

For more information, go to: https://www.jqno.nl/equalsverifier/errormessages
(EqualsVerifier 4.4.1, JDK 25.0.2 running on classpath, on Windows 11. Mockito: available.)
value of: isSuccessful()
expected to be true
	at com.puppycrawl.tools.checkstyle.filters.XpathFilterElementTest.testEqualsAndHashCode(XpathFilterElementTest.java:346)

[INFO] Running com.puppycrawl.tools.checkstyle.grammar.antlr4.Antlr4AstRegressionTest
[INFO] Tests run: 47, Failures: 0, Errors: 0, Skipped: 0, Time elapsed: 0.858 s -- in com.puppycrawl.tools.checkstyle.grammar.antlr4.Antlr4AstRegressionTest
[INFO] Running com.puppycrawl.tools.checkstyle.grammar.antlr4.Java17AstRegressionTest
[INFO] Tests run: 7, Failures: 0, Errors: 0, Skipped: 0, Time elapsed: 0.096 s -- in com.puppycrawl.tools.checkstyle.grammar.antlr4.Java17AstRegressionTest
[INFO] Running com.puppycrawl.tools.checkstyle.grammar.AstRegressionTest
[INFO] Tests run: 39, Failures: 0, Errors: 0, Skipped: 0, Time elapsed: 0.712 s -- in com.puppycrawl.tools.checkstyle.grammar.AstRegressionTest
[INFO] Running com.puppycrawl.tools.checkstyle.grammar.comments.CommentsTest
[INFO] Tests run: 7, Failures: 0, Errors: 0, Skipped: 0, Time elapsed: 0.028 s -- in com.puppycrawl.tools.checkstyle.grammar.comments.CommentsTest
[INFO] Running com.puppycrawl.tools.checkstyle.grammar.CrAwareLexerTest
[INFO] Tests run: 4, Failures: 0, Errors: 0, Skipped: 0, Time elapsed: 0.003 s -- in com.puppycrawl.tools.checkstyle.grammar.CrAwareLexerTest
[INFO] Running com.puppycrawl.tools.checkstyle.grammar.EmbeddedNullCharTest
[INFO] Tests run: 1, Failures: 0, Errors: 0, Skipped: 0, Time elapsed: 0.009 s -- in com.puppycrawl.tools.checkstyle.grammar.EmbeddedNullCharTest
[INFO] Running com.puppycrawl.tools.checkstyle.grammar.GeneratedJava14LexerTest
[INFO] Tests run: 2, Failures: 0, Errors: 0, Skipped: 0, Time elapsed: 0.026 s -- in com.puppycrawl.tools.checkstyle.grammar.GeneratedJava14LexerTest
[INFO] Running com.puppycrawl.tools.checkstyle.grammar.GeneratedJavaTokenTypesTest
[INFO] Tests run: 2, Failures: 0, Errors: 0, Skipped: 0, Time elapsed: 0.008 s -- in com.puppycrawl.tools.checkstyle.grammar.GeneratedJavaTokenTypesTest
[INFO] Running com.puppycrawl.tools.checkstyle.grammar.HexFloatsTest
[INFO] Tests run: 1, Failures: 0, Errors: 0, Skipped: 0, Time elapsed: 0.015 s -- in com.puppycrawl.tools.checkstyle.grammar.HexFloatsTest
[INFO] Running com.puppycrawl.tools.checkstyle.grammar.Java14RecordsTest
[INFO] Tests run: 1, Failures: 0, Errors: 0, Skipped: 0, Time elapsed: 0.017 s -- in com.puppycrawl.tools.checkstyle.grammar.Java14RecordsTest
[INFO] Running com.puppycrawl.tools.checkstyle.grammar.java19.Java19AstRegressionTest
[INFO] Tests run: 7, Failures: 0, Errors: 0, Skipped: 0, Time elapsed: 0.474 s -- in com.puppycrawl.tools.checkstyle.grammar.java19.Java19AstRegressionTest
[INFO] Running com.puppycrawl.tools.checkstyle.grammar.java20.Java20AstRegressionTest
[INFO] Tests run: 2, Failures: 0, Errors: 0, Skipped: 0, Time elapsed: 0.069 s -- in com.puppycrawl.tools.checkstyle.grammar.java20.Java20AstRegressionTest
[INFO] Running com.puppycrawl.tools.checkstyle.grammar.java21.Java21AstRegressionTest
line 13:12 token recognition error at: '\{'
[INFO] Tests run: 4, Failures: 0, Errors: 0, Skipped: 0, Time elapsed: 0.067 s -- in com.puppycrawl.tools.checkstyle.grammar.java21.Java21AstRegressionTest
[INFO] Running com.puppycrawl.tools.checkstyle.grammar.java25.Java25AstRegressionTest
[INFO] Tests run: 2, Failures: 0, Errors: 0, Skipped: 0, Time elapsed: 0.009 s -- in com.puppycrawl.tools.checkstyle.grammar.java25.Java25AstRegressionTest
[INFO] Running com.puppycrawl.tools.checkstyle.grammar.Java7DiamondTest
[INFO] Tests run: 1, Failures: 0, Errors: 0, Skipped: 0, Time elapsed: 0.016 s -- in com.puppycrawl.tools.checkstyle.grammar.Java7DiamondTest
[INFO] Running com.puppycrawl.tools.checkstyle.grammar.Java7MultiCatchTest
[INFO] Tests run: 1, Failures: 0, Errors: 0, Skipped: 0, Time elapsed: 0.008 s -- in com.puppycrawl.tools.checkstyle.grammar.Java7MultiCatchTest
[INFO] Running com.puppycrawl.tools.checkstyle.grammar.Java7NumericalLiteralsTest
[INFO] Tests run: 1, Failures: 0, Errors: 0, Skipped: 0, Time elapsed: 0.010 s -- in com.puppycrawl.tools.checkstyle.grammar.Java7NumericalLiteralsTest
[INFO] Running com.puppycrawl.tools.checkstyle.grammar.Java7StringSwitchTest
[INFO] Tests run: 1, Failures: 0, Errors: 0, Skipped: 0, Time elapsed: 0.007 s -- in com.puppycrawl.tools.checkstyle.grammar.Java7StringSwitchTest
[INFO] Running com.puppycrawl.tools.checkstyle.grammar.Java7TryWithResourcesTest
[INFO] Tests run: 1, Failures: 0, Errors: 0, Skipped: 0, Time elapsed: 0.010 s -- in com.puppycrawl.tools.checkstyle.grammar.Java7TryWithResourcesTest
[INFO] Running com.puppycrawl.tools.checkstyle.grammar.java8.AnnotationsOnArrayTest
[INFO] Tests run: 1, Failures: 0, Errors: 0, Skipped: 0, Time elapsed: 0.010 s -- in com.puppycrawl.tools.checkstyle.grammar.java8.AnnotationsOnArrayTest
[INFO] Running com.puppycrawl.tools.checkstyle.grammar.java8.AnnotationTest
[INFO] Tests run: 12, Failures: 0, Errors: 0, Skipped: 0, Time elapsed: 0.107 s -- in com.puppycrawl.tools.checkstyle.grammar.java8.AnnotationTest
[INFO] Running com.puppycrawl.tools.checkstyle.grammar.java8.DefaultMethodsTest
[INFO] Tests run: 2, Failures: 0, Errors: 0, Skipped: 0, Time elapsed: 0.029 s -- in com.puppycrawl.tools.checkstyle.grammar.java8.DefaultMethodsTest
[INFO] Running com.puppycrawl.tools.checkstyle.grammar.java8.LambdaTest
[INFO] Tests run: 18, Failures: 0, Errors: 0, Skipped: 0, Time elapsed: 0.153 s -- in com.puppycrawl.tools.checkstyle.grammar.java8.LambdaTest
[INFO] Running com.puppycrawl.tools.checkstyle.grammar.java8.MethodReferencesTest
[INFO] Tests run: 7, Failures: 0, Errors: 0, Skipped: 0, Time elapsed: 0.069 s -- in com.puppycrawl.tools.checkstyle.grammar.java8.MethodReferencesTest
[INFO] Running com.puppycrawl.tools.checkstyle.grammar.java8.ReceiverParameterTest
[INFO] Tests run: 1, Failures: 0, Errors: 0, Skipped: 0, Time elapsed: 0.005 s -- in com.puppycrawl.tools.checkstyle.grammar.java8.ReceiverParameterTest
[INFO] Running com.puppycrawl.tools.checkstyle.grammar.java8.TypeUseAnnotationsOnQualifiedTypesTest
[INFO] Tests run: 1, Failures: 0, Errors: 0, Skipped: 0, Time elapsed: 0.008 s -- in com.puppycrawl.tools.checkstyle.grammar.java8.TypeUseAnnotationsOnQualifiedTypesTest
[INFO] Running com.puppycrawl.tools.checkstyle.grammar.Java9TryWithResourcesTest
[INFO] Tests run: 1, Failures: 0, Errors: 0, Skipped: 0, Time elapsed: 0.007 s -- in com.puppycrawl.tools.checkstyle.grammar.Java9TryWithResourcesTest
[INFO] Running com.puppycrawl.tools.checkstyle.grammar.javadoc.GeneratedJavadocCommentsTokenTypesTest
[INFO] Tests run: 1, Failures: 0, Errors: 0, Skipped: 0, Time elapsed: 0.003 s -- in com.puppycrawl.tools.checkstyle.grammar.javadoc.GeneratedJavadocCommentsTokenTypesTest
[INFO] Running com.puppycrawl.tools.checkstyle.grammar.javadoc.JavadocCommentsAstRegressionTest
[INFO] Tests run: 36, Failures: 0, Errors: 0, Skipped: 0, Time elapsed: 0.269 s -- in com.puppycrawl.tools.checkstyle.grammar.javadoc.JavadocCommentsAstRegressionTest
[INFO] Running com.puppycrawl.tools.checkstyle.grammar.LineCommentAtTheEndOfFileTest
[INFO] Tests run: 1, Failures: 0, Errors: 0, Skipped: 0, Time elapsed: 0.014 s -- in com.puppycrawl.tools.checkstyle.grammar.LineCommentAtTheEndOfFileTest
[INFO] Running com.puppycrawl.tools.checkstyle.grammar.MultiDimensionalArraysInGenericsTest
[INFO] Tests run: 1, Failures: 0, Errors: 0, Skipped: 0, Time elapsed: 0.019 s -- in com.puppycrawl.tools.checkstyle.grammar.MultiDimensionalArraysInGenericsTest
[INFO] Running com.puppycrawl.tools.checkstyle.grammar.UnicodeEscapeTest
[INFO] Tests run: 1, Failures: 0, Errors: 0, Skipped: 0, Time elapsed: 0.011 s -- in com.puppycrawl.tools.checkstyle.grammar.UnicodeEscapeTest
[INFO] Running com.puppycrawl.tools.checkstyle.grammar.VarargTest
[INFO] Tests run: 1, Failures: 0, Errors: 0, Skipped: 0, Time elapsed: 0.012 s -- in com.puppycrawl.tools.checkstyle.grammar.VarargTest
[INFO] Running com.puppycrawl.tools.checkstyle.gui.BaseCellEditorTest
[INFO] Tests run: 3, Failures: 0, Errors: 0, Skipped: 0, Time elapsed: 0.007 s -- in com.puppycrawl.tools.checkstyle.gui.BaseCellEditorTest
[INFO] Running com.puppycrawl.tools.checkstyle.gui.CodeSelectorPresentationTest
[INFO] Tests run: 5, Failures: 0, Errors: 0, Skipped: 0, Time elapsed: 0.023 s -- in com.puppycrawl.tools.checkstyle.gui.CodeSelectorPresentationTest
[INFO] Running com.puppycrawl.tools.checkstyle.gui.MainFrameModelTest
[ERROR] Tests run: 12, Failures: 0, Errors: 3, Skipped: 0, Time elapsed: 0.340 s <<< FAILURE! -- in com.puppycrawl.tools.checkstyle.gui.MainFrameModelTest
[ERROR] com.puppycrawl.tools.checkstyle.gui.MainFrameModelTest.testOpenFileForUnknownParseMode -- Time elapsed: 0.103 s <<< ERROR!
org.mockito.exceptions.base.MockitoException: 

Mockito cannot mock this class: class com.puppycrawl.tools.checkstyle.gui.MainFrameModel$ParseMode.
Can not mock final classes with the following settings :
 - explicit serialization (e.g. withSettings().serializable())
 - extra interfaces (e.g. withSettings().extraInterfaces(...))

You are seeing this disclaimer because Mockito is configured to create inlined mocks.
You can learn about inline mocks and their limitations under item #39 of the Mockito class javadoc.

Underlying exception : org.mockito.exceptions.base.MockitoException: Could not modify all classes [class java.lang.Object, interface java.lang.Comparable, interface java.io.Serializable, interface java.lang.constant.Constable, class com.puppycrawl.tools.checkstyle.gui.MainFrameModel$ParseMode, class java.lang.Enum]
	at com.puppycrawl.tools.checkstyle.gui.MainFrameModelTest.testOpenFileForUnknownParseMode(MainFrameModelTest.java:236)
Caused by: org.mockito.exceptions.base.MockitoException: Could not modify all classes [class java.lang.Object, interface java.lang.Comparable, interface java.io.Serializable, interface java.lang.constant.Constable, class com.puppycrawl.tools.checkstyle.gui.MainFrameModel$ParseMode, class java.lang.Enum]
	at net.bytebuddy.TypeCache.findOrInsert(TypeCache.java:168)
	at net.bytebuddy.TypeCache$WithInlineExpunction.findOrInsert(TypeCache.java:399)
	at net.bytebuddy.TypeCache.findOrInsert(TypeCache.java:190)
	at net.bytebuddy.TypeCache$WithInlineExpunction.findOrInsert(TypeCache.java:410)
	... 1 more
Caused by: java.lang.IllegalStateException: 
Byte Buddy could not instrument all classes within the mock's type hierarchy

This problem should never occur for javac-compiled classes. This problem has been observed for classes that are:
 - Compiled by older versions of scalac
 - Classes that are part of the Android distribution
	at org.mockito.internal.creation.bytebuddy.InlineBytecodeGenerator.triggerRetransformation(InlineBytecodeGenerator.java:285)
	at org.mockito.internal.creation.bytebuddy.InlineBytecodeGenerator.mockClass(InlineBytecodeGenerator.java:218)
	at org.mockito.internal.creation.bytebuddy.TypeCachingBytecodeGenerator.lambda$mockClass$0(TypeCachingBytecodeGenerator.java:47)
	at net.bytebuddy.TypeCache.findOrInsert(TypeCache.java:168)
	at net.bytebuddy.TypeCache$WithInlineExpunction.findOrInsert(TypeCache.java:399)
	at net.bytebuddy.TypeCache.findOrInsert(TypeCache.java:190)
	at net.bytebuddy.TypeCache$WithInlineExpunction.findOrInsert(TypeCache.java:410)
	at org.mockito.internal.creation.bytebuddy.TypeCachingBytecodeGenerator.mockClass(TypeCachingBytecodeGenerator.java:40)
	at org.mockito.internal.creation.bytebuddy.InlineDelegateByteBuddyMockMaker.createMockType(InlineDelegateByteBuddyMockMaker.java:396)
	at org.mockito.internal.creation.bytebuddy.InlineDelegateByteBuddyMockMaker.doCreateMock(InlineDelegateByteBuddyMockMaker.java:355)
	at org.mockito.internal.creation.bytebuddy.InlineDelegateByteBuddyMockMaker.createMock(InlineDelegateByteBuddyMockMaker.java:334)
	at org.mockito.internal.creation.bytebuddy.InlineByteBuddyMockMaker.createMock(InlineByteBuddyMockMaker.java:56)
	at org.mockito.internal.util.MockUtil.createMock(MockUtil.java:99)
	at org.mockito.internal.MockitoCore.mock(MockitoCore.java:88)
	at org.mockito.Mockito.mock(Mockito.java:2087)
	at org.mockito.Mockito.mock(Mockito.java:1990)
	at org.mockito.Mockito.mock(Mockito.java:1940)
	... 1 more
Caused by: java.lang.IllegalArgumentException: Java 25 (69) is not supported by the current version of Byte Buddy which officially supports Java 22 (66) - update Byte Buddy or set net.bytebuddy.experimental as a VM property
	at net.bytebuddy.utility.OpenedClassReader.of(OpenedClassReader.java:100)
	at net.bytebuddy.dynamic.scaffold.TypeWriter$Default$ForInlining.create(TypeWriter.java:4011)
	at net.bytebuddy.dynamic.scaffold.TypeWriter$Default.make(TypeWriter.java:2224)
	at net.bytebuddy.dynamic.DynamicType$Builder$AbstractBase$UsingTypeWriter.make(DynamicType.java:4055)
	at net.bytebuddy.dynamic.DynamicType$Builder$AbstractBase.make(DynamicType.java:3739)
	at org.mockito.internal.creation.bytebuddy.InlineBytecodeGenerator.transform(InlineBytecodeGenerator.java:402)
	at java.instrument/java.lang.instrument.ClassFileTransformer.transform(ClassFileTransformer.java:257)
	at java.instrument/sun.instrument.TransformerManager.transform(TransformerManager.java:188)
	at java.instrument/sun.instrument.InstrumentationImpl.transform(InstrumentationImpl.java:594)
	at java.instrument/sun.instrument.InstrumentationImpl.retransformClasses0(Native Method)
	at java.instrument/sun.instrument.InstrumentationImpl.retransformClasses(InstrumentationImpl.java:221)
	at org.mockito.internal.creation.bytebuddy.InlineBytecodeGenerator.triggerRetransformation(InlineBytecodeGenerator.java:281)
	... 17 more

[ERROR] com.puppycrawl.tools.checkstyle.gui.MainFrameModelTest.testShouldNotAcceptNonJavaFile -- Time elapsed: 0.083 s <<< ERROR!
org.mockito.exceptions.base.MockitoException: 

Mockito cannot mock this class: class java.io.File.

If you're not sure why you're getting this error, please open an issue on GitHub.


Java               : 25
JVM vendor name    : Eclipse Adoptium
JVM vendor version : 25.0.2+10-LTS
JVM name           : OpenJDK 64-Bit Server VM
JVM version        : 25.0.2+10-LTS
JVM info           : mixed mode
OS name            : Windows 11
OS version         : 10.0


You are seeing this disclaimer because Mockito is configured to create inlined mocks.
You can learn about inline mocks and their limitations under item #39 of the Mockito class javadoc.

Underlying exception : org.mockito.exceptions.base.MockitoException: Could not modify all classes [class java.io.File, class java.lang.Object, interface java.lang.Comparable, interface java.io.Serializable]
	at com.puppycrawl.tools.checkstyle.gui.MainFrameModelTest.testShouldNotAcceptNonJavaFile(MainFrameModelTest.java:217)
Caused by: org.mockito.exceptions.base.MockitoException: Could not modify all classes [class java.io.File, class java.lang.Object, interface java.lang.Comparable, interface java.io.Serializable]
	at net.bytebuddy.TypeCache.findOrInsert(TypeCache.java:168)
	at net.bytebuddy.TypeCache$WithInlineExpunction.findOrInsert(TypeCache.java:399)
	at net.bytebuddy.TypeCache.findOrInsert(TypeCache.java:190)
	at net.bytebuddy.TypeCache$WithInlineExpunction.findOrInsert(TypeCache.java:410)
	... 1 more
Caused by: java.lang.IllegalStateException: 
Byte Buddy could not instrument all classes within the mock's type hierarchy

This problem should never occur for javac-compiled classes. This problem has been observed for classes that are:
 - Compiled by older versions of scalac
 - Classes that are part of the Android distribution
	at org.mockito.internal.creation.bytebuddy.InlineBytecodeGenerator.triggerRetransformation(InlineBytecodeGenerator.java:285)
	at org.mockito.internal.creation.bytebuddy.InlineBytecodeGenerator.mockClass(InlineBytecodeGenerator.java:218)
	at org.mockito.internal.creation.bytebuddy.TypeCachingBytecodeGenerator.lambda$mockClass$0(TypeCachingBytecodeGenerator.java:47)
	at net.bytebuddy.TypeCache.findOrInsert(TypeCache.java:168)
	at net.bytebuddy.TypeCache$WithInlineExpunction.findOrInsert(TypeCache.java:399)
	at net.bytebuddy.TypeCache.findOrInsert(TypeCache.java:190)
	at net.bytebuddy.TypeCache$WithInlineExpunction.findOrInsert(TypeCache.java:410)
	at org.mockito.internal.creation.bytebuddy.TypeCachingBytecodeGenerator.mockClass(TypeCachingBytecodeGenerator.java:40)
	at org.mockito.internal.creation.bytebuddy.InlineDelegateByteBuddyMockMaker.createMockType(InlineDelegateByteBuddyMockMaker.java:396)
	at org.mockito.internal.creation.bytebuddy.InlineDelegateByteBuddyMockMaker.doCreateMock(InlineDelegateByteBuddyMockMaker.java:355)
	at org.mockito.internal.creation.bytebuddy.InlineDelegateByteBuddyMockMaker.createMock(InlineDelegateByteBuddyMockMaker.java:334)
	at org.mockito.internal.creation.bytebuddy.InlineByteBuddyMockMaker.createMock(InlineByteBuddyMockMaker.java:56)
	at org.mockito.internal.util.MockUtil.createMock(MockUtil.java:99)
	at org.mockito.internal.MockitoCore.mock(MockitoCore.java:88)
	at org.mockito.Mockito.mock(Mockito.java:2087)
	at org.mockito.Mockito.mock(Mockito.java:1990)
	at org.mockito.Mockito.mock(Mockito.java:1940)
	... 1 more
Caused by: java.lang.IllegalArgumentException: Java 25 (69) is not supported by the current version of Byte Buddy which officially supports Java 22 (66) - update Byte Buddy or set net.bytebuddy.experimental as a VM property
	at net.bytebuddy.utility.OpenedClassReader.of(OpenedClassReader.java:100)
	at net.bytebuddy.dynamic.scaffold.TypeWriter$Default$ForInlining.create(TypeWriter.java:4011)
	at net.bytebuddy.dynamic.scaffold.TypeWriter$Default.make(TypeWriter.java:2224)
	at net.bytebuddy.dynamic.DynamicType$Builder$AbstractBase$UsingTypeWriter.make(DynamicType.java:4055)
	at net.bytebuddy.dynamic.DynamicType$Builder$AbstractBase.make(DynamicType.java:3739)
	at org.mockito.internal.creation.bytebuddy.InlineBytecodeGenerator.transform(InlineBytecodeGenerator.java:402)
	at java.instrument/java.lang.instrument.ClassFileTransformer.transform(ClassFileTransformer.java:257)
	at java.instrument/sun.instrument.TransformerManager.transform(TransformerManager.java:188)
	at java.instrument/sun.instrument.InstrumentationImpl.transform(InstrumentationImpl.java:594)
	at java.instrument/sun.instrument.InstrumentationImpl.retransformClasses0(Native Method)
	at java.instrument/sun.instrument.InstrumentationImpl.retransformClasses(InstrumentationImpl.java:221)
	at org.mockito.internal.creation.bytebuddy.InlineBytecodeGenerator.triggerRetransformation(InlineBytecodeGenerator.java:281)
	... 17 more

[ERROR] com.puppycrawl.tools.checkstyle.gui.MainFrameModelTest.testShouldAcceptDirectory -- Time elapsed: 0.059 s <<< ERROR!
org.mockito.exceptions.base.MockitoException: 

Mockito cannot mock this class: class java.io.File.

If you're not sure why you're getting this error, please open an issue on GitHub.


Java               : 25
JVM vendor name    : Eclipse Adoptium
JVM vendor version : 25.0.2+10-LTS
JVM name           : OpenJDK 64-Bit Server VM
JVM version        : 25.0.2+10-LTS
JVM info           : mixed mode
OS name            : Windows 11
OS version         : 10.0


You are seeing this disclaimer because Mockito is configured to create inlined mocks.
You can learn about inline mocks and their limitations under item #39 of the Mockito class javadoc.

Underlying exception : org.mockito.exceptions.base.MockitoException: Could not modify all classes [class java.io.File, class java.lang.Object, interface java.lang.Comparable, interface java.io.Serializable]
	at com.puppycrawl.tools.checkstyle.gui.MainFrameModelTest.testShouldAcceptDirectory(MainFrameModelTest.java:200)
Caused by: org.mockito.exceptions.base.MockitoException: Could not modify all classes [class java.io.File, class java.lang.Object, interface java.lang.Comparable, interface java.io.Serializable]
	at net.bytebuddy.TypeCache.findOrInsert(TypeCache.java:168)
	at net.bytebuddy.TypeCache$WithInlineExpunction.findOrInsert(TypeCache.java:399)
	at net.bytebuddy.TypeCache.findOrInsert(TypeCache.java:190)
	at net.bytebuddy.TypeCache$WithInlineExpunction.findOrInsert(TypeCache.java:410)
	... 1 more
Caused by: java.lang.IllegalStateException: 
Byte Buddy could not instrument all classes within the mock's type hierarchy

This problem should never occur for javac-compiled classes. This problem has been observed for classes that are:
 - Compiled by older versions of scalac
 - Classes that are part of the Android distribution
	at org.mockito.internal.creation.bytebuddy.InlineBytecodeGenerator.triggerRetransformation(InlineBytecodeGenerator.java:285)
	at org.mockito.internal.creation.bytebuddy.InlineBytecodeGenerator.mockClass(InlineBytecodeGenerator.java:218)
	at org.mockito.internal.creation.bytebuddy.TypeCachingBytecodeGenerator.lambda$mockClass$0(TypeCachingBytecodeGenerator.java:47)
	at net.bytebuddy.TypeCache.findOrInsert(TypeCache.java:168)
	at net.bytebuddy.TypeCache$WithInlineExpunction.findOrInsert(TypeCache.java:399)
	at net.bytebuddy.TypeCache.findOrInsert(TypeCache.java:190)
	at net.bytebuddy.TypeCache$WithInlineExpunction.findOrInsert(TypeCache.java:410)
	at org.mockito.internal.creation.bytebuddy.TypeCachingBytecodeGenerator.mockClass(TypeCachingBytecodeGenerator.java:40)
	at org.mockito.internal.creation.bytebuddy.InlineDelegateByteBuddyMockMaker.createMockType(InlineDelegateByteBuddyMockMaker.java:396)
	at org.mockito.internal.creation.bytebuddy.InlineDelegateByteBuddyMockMaker.doCreateMock(InlineDelegateByteBuddyMockMaker.java:355)
	at org.mockito.internal.creation.bytebuddy.InlineDelegateByteBuddyMockMaker.createMock(InlineDelegateByteBuddyMockMaker.java:334)
	at org.mockito.internal.creation.bytebuddy.InlineByteBuddyMockMaker.createMock(InlineByteBuddyMockMaker.java:56)
	at org.mockito.internal.util.MockUtil.createMock(MockUtil.java:99)
	at org.mockito.internal.MockitoCore.mock(MockitoCore.java:88)
	at org.mockito.Mockito.mock(Mockito.java:2087)
	at org.mockito.Mockito.mock(Mockito.java:1990)
	at org.mockito.Mockito.mock(Mockito.java:1940)
	... 1 more
Caused by: java.lang.IllegalArgumentException: Java 25 (69) is not supported by the current version of Byte Buddy which officially supports Java 22 (66) - update Byte Buddy or set net.bytebuddy.experimental as a VM property
	at net.bytebuddy.utility.OpenedClassReader.of(OpenedClassReader.java:100)
	at net.bytebuddy.dynamic.scaffold.TypeWriter$Default$ForInlining.create(TypeWriter.java:4011)
	at net.bytebuddy.dynamic.scaffold.TypeWriter$Default.make(TypeWriter.java:2224)
	at net.bytebuddy.dynamic.DynamicType$Builder$AbstractBase$UsingTypeWriter.make(DynamicType.java:4055)
	at net.bytebuddy.dynamic.DynamicType$Builder$AbstractBase.make(DynamicType.java:3739)
	at org.mockito.internal.creation.bytebuddy.InlineBytecodeGenerator.transform(InlineBytecodeGenerator.java:402)
	at java.instrument/java.lang.instrument.ClassFileTransformer.transform(ClassFileTransformer.java:257)
	at java.instrument/sun.instrument.TransformerManager.transform(TransformerManager.java:188)
	at java.instrument/sun.instrument.InstrumentationImpl.transform(InstrumentationImpl.java:594)
	at java.instrument/sun.instrument.InstrumentationImpl.retransformClasses0(Native Method)
	at java.instrument/sun.instrument.InstrumentationImpl.retransformClasses(InstrumentationImpl.java:221)
	at org.mockito.internal.creation.bytebuddy.InlineBytecodeGenerator.triggerRetransformation(InlineBytecodeGenerator.java:281)
	... 17 more

[INFO] Running com.puppycrawl.tools.checkstyle.gui.MainFrameTest
[ERROR] Tests run: 1, Failures: 0, Errors: 1, Skipped: 0, Time elapsed: 0.003 s <<< FAILURE! -- in com.puppycrawl.tools.checkstyle.gui.MainFrameTest
[ERROR] com.puppycrawl.tools.checkstyle.gui.MainFrameTest -- Time elapsed: 0.003 s <<< ERROR!
java.lang.NoClassDefFoundError: sun/java2d/SurfaceManagerFactory
	at java.base/java.lang.ClassLoader.defineClass1(Native Method)
	at java.base/java.lang.ClassLoader.defineClass(ClassLoader.java:962)
	at java.base/java.security.SecureClassLoader.defineClass(SecureClassLoader.java:144)
	at java.base/jdk.internal.loader.BuiltinClassLoader.defineClass(BuiltinClassLoader.java:776)
	at java.base/jdk.internal.loader.BuiltinClassLoader.findClassOnClassPathOrNull(BuiltinClassLoader.java:691)
	at java.base/jdk.internal.loader.BuiltinClassLoader.loadClassOrNull(BuiltinClassLoader.java:620)
	at java.base/jdk.internal.loader.BuiltinClassLoader.loadClass(BuiltinClassLoader.java:578)
	at java.base/java.lang.ClassLoader.loadClass(ClassLoader.java:490)
	at com.github.caciocavallosilano.cacio.ctc.junit.CacioExtension.injectCTCGraphicsEnvironment(CacioExtension.java:110)
	at com.github.caciocavallosilano.cacio.ctc.junit.CacioExtension.<clinit>(CacioExtension.java:76)
	at java.base/jdk.internal.misc.Unsafe.ensureClassInitialized0(Native Method)
	at java.base/jdk.internal.misc.Unsafe.ensureClassInitialized(Unsafe.java:1169)
	at java.base/java.lang.reflect.Constructor.acquireConstructorAccessor(Constructor.java:546)
	at java.base/java.lang.reflect.Constructor.newInstanceWithCaller(Constructor.java:496)
	at java.base/java.lang.reflect.Constructor.newInstance(Constructor.java:483)
	at java.base/java.util.stream.ForEachOps$ForEachOp$OfRef.accept(ForEachOps.java:186)
	at java.base/java.util.Spliterators$ArraySpliterator.forEachRemaining(Spliterators.java:1024)
	at java.base/java.util.stream.ReferencePipeline$Head.forEach(ReferencePipeline.java:803)
	at java.base/java.util.stream.ReferencePipeline$7$1FlatMap.accept(ReferencePipeline.java:293)
	at java.base/java.util.stream.ReferencePipeline$3$1.accept(ReferencePipeline.java:214)
	at java.base/java.util.AbstractList$RandomAccessSpliterator.forEachRemaining(AbstractList.java:722)
	at java.base/java.util.stream.AbstractPipeline.copyInto(AbstractPipeline.java:570)
	at java.base/java.util.stream.AbstractPipeline.wrapAndCopyInto(AbstractPipeline.java:560)
	at java.base/java.util.stream.ForEachOps$ForEachOp.evaluateSequential(ForEachOps.java:153)
	at java.base/java.util.stream.ForEachOps$ForEachOp$OfRef.evaluateSequential(ForEachOps.java:176)
	at java.base/java.util.stream.AbstractPipeline.evaluate(AbstractPipeline.java:265)
	at java.base/java.util.stream.ReferencePipeline.forEach(ReferencePipeline.java:632)
	at java.base/java.util.ArrayList.forEach(ArrayList.java:1604)
Caused by: java.lang.ClassNotFoundException: sun.java2d.SurfaceManagerFactory
	at java.base/jdk.internal.loader.BuiltinClassLoader.loadClass(BuiltinClassLoader.java:580)
	at java.base/java.lang.ClassLoader.loadClass(ClassLoader.java:490)
	... 28 more

[INFO] Running com.puppycrawl.tools.checkstyle.gui.MainTest
[ERROR] Tests run: 1, Failures: 0, Errors: 1, Skipped: 0, Time elapsed: 0.001 s <<< FAILURE! -- in com.puppycrawl.tools.checkstyle.gui.MainTest
[ERROR] com.puppycrawl.tools.checkstyle.gui.MainTest -- Time elapsed: 0.001 s <<< ERROR!
java.lang.NoClassDefFoundError: Could not initialize class com.github.caciocavallosilano.cacio.ctc.junit.CacioExtension
	at java.base/jdk.internal.misc.Unsafe.ensureClassInitialized0(Native Method)
	at java.base/jdk.internal.misc.Unsafe.ensureClassInitialized(Unsafe.java:1169)
	at java.base/java.lang.reflect.Constructor.acquireConstructorAccessor(Constructor.java:546)
	at java.base/java.lang.reflect.Constructor.newInstanceWithCaller(Constructor.java:496)
	at java.base/java.lang.reflect.Constructor.newInstance(Constructor.java:483)
	at java.base/java.util.stream.ForEachOps$ForEachOp$OfRef.accept(ForEachOps.java:186)
	at java.base/java.util.Spliterators$ArraySpliterator.forEachRemaining(Spliterators.java:1024)
	at java.base/java.util.stream.ReferencePipeline$Head.forEach(ReferencePipeline.java:803)
	at java.base/java.util.stream.ReferencePipeline$7$1FlatMap.accept(ReferencePipeline.java:293)
	at java.base/java.util.stream.ReferencePipeline$3$1.accept(ReferencePipeline.java:214)
	at java.base/java.util.AbstractList$RandomAccessSpliterator.forEachRemaining(AbstractList.java:722)
	at java.base/java.util.stream.AbstractPipeline.copyInto(AbstractPipeline.java:570)
	at java.base/java.util.stream.AbstractPipeline.wrapAndCopyInto(AbstractPipeline.java:560)
	at java.base/java.util.stream.ForEachOps$ForEachOp.evaluateSequential(ForEachOps.java:153)
	at java.base/java.util.stream.ForEachOps$ForEachOp$OfRef.evaluateSequential(ForEachOps.java:176)
	at java.base/java.util.stream.AbstractPipeline.evaluate(AbstractPipeline.java:265)
	at java.base/java.util.stream.ReferencePipeline.forEach(ReferencePipeline.java:632)
	at java.base/java.util.ArrayList.forEach(ArrayList.java:1604)
Caused by: java.lang.ExceptionInInitializerError: Exception java.lang.NoClassDefFoundError: sun/java2d/SurfaceManagerFactory [in thread "main"]
	at java.base/java.lang.ClassLoader.defineClass1(Native Method)
	at java.base/java.lang.ClassLoader.defineClass(ClassLoader.java:962)
	at java.base/java.security.SecureClassLoader.defineClass(SecureClassLoader.java:144)
	at java.base/jdk.internal.loader.BuiltinClassLoader.defineClass(BuiltinClassLoader.java:776)
	at java.base/jdk.internal.loader.BuiltinClassLoader.findClassOnClassPathOrNull(BuiltinClassLoader.java:691)
	at java.base/jdk.internal.loader.BuiltinClassLoader.loadClassOrNull(BuiltinClassLoader.java:620)
	at java.base/jdk.internal.loader.BuiltinClassLoader.loadClass(BuiltinClassLoader.java:578)
	at java.base/java.lang.ClassLoader.loadClass(ClassLoader.java:490)
	at com.github.caciocavallosilano.cacio.ctc.junit.CacioExtension.injectCTCGraphicsEnvironment(CacioExtension.java:110)
	at com.github.caciocavallosilano.cacio.ctc.junit.CacioExtension.<clinit>(CacioExtension.java:76)
	... 18 more

[INFO] Running com.puppycrawl.tools.checkstyle.gui.ParseTreeTableModelTest
[INFO] Tests run: 16, Failures: 0, Errors: 0, Skipped: 0, Time elapsed: 0.120 s -- in com.puppycrawl.tools.checkstyle.gui.ParseTreeTableModelTest
[INFO] Running com.puppycrawl.tools.checkstyle.gui.ParseTreeTablePresentationTest
[INFO] Tests run: 17, Failures: 0, Errors: 0, Skipped: 0, Time elapsed: 0.109 s -- in com.puppycrawl.tools.checkstyle.gui.ParseTreeTablePresentationTest
[INFO] Running com.puppycrawl.tools.checkstyle.gui.TreeTableTest
[ERROR] Tests run: 1, Failures: 0, Errors: 1, Skipped: 0, Time elapsed: 0.002 s <<< FAILURE! -- in com.puppycrawl.tools.checkstyle.gui.TreeTableTest
[ERROR] com.puppycrawl.tools.checkstyle.gui.TreeTableTest -- Time elapsed: 0.002 s <<< ERROR!
java.lang.NoClassDefFoundError: Could not initialize class com.github.caciocavallosilano.cacio.ctc.junit.CacioExtension
	at java.base/jdk.internal.misc.Unsafe.ensureClassInitialized0(Native Method)
	at java.base/jdk.internal.misc.Unsafe.ensureClassInitialized(Unsafe.java:1169)
	at java.base/java.lang.reflect.Constructor.acquireConstructorAccessor(Constructor.java:546)
	at java.base/java.lang.reflect.Constructor.newInstanceWithCaller(Constructor.java:496)
	at java.base/java.lang.reflect.Constructor.newInstance(Constructor.java:483)
	at java.base/java.util.stream.ForEachOps$ForEachOp$OfRef.accept(ForEachOps.java:186)
	at java.base/java.util.Spliterators$ArraySpliterator.forEachRemaining(Spliterators.java:1024)
	at java.base/java.util.stream.ReferencePipeline$Head.forEach(ReferencePipeline.java:803)
	at java.base/java.util.stream.ReferencePipeline$7$1FlatMap.accept(ReferencePipeline.java:293)
	at java.base/java.util.stream.ReferencePipeline$3$1.accept(ReferencePipeline.java:214)
	at java.base/java.util.AbstractList$RandomAccessSpliterator.forEachRemaining(AbstractList.java:722)
	at java.base/java.util.stream.AbstractPipeline.copyInto(AbstractPipeline.java:570)
	at java.base/java.util.stream.AbstractPipeline.wrapAndCopyInto(AbstractPipeline.java:560)
	at java.base/java.util.stream.ForEachOps$ForEachOp.evaluateSequential(ForEachOps.java:153)
	at java.base/java.util.stream.ForEachOps$ForEachOp$OfRef.evaluateSequential(ForEachOps.java:176)
	at java.base/java.util.stream.AbstractPipeline.evaluate(AbstractPipeline.java:265)
	at java.base/java.util.stream.ReferencePipeline.forEach(ReferencePipeline.java:632)
	at java.base/java.util.ArrayList.forEach(ArrayList.java:1604)
Caused by: java.lang.ExceptionInInitializerError: Exception java.lang.NoClassDefFoundError: sun/java2d/SurfaceManagerFactory [in thread "main"]
	at java.base/java.lang.ClassLoader.defineClass1(Native Method)
	at java.base/java.lang.ClassLoader.defineClass(ClassLoader.java:962)
	at java.base/java.security.SecureClassLoader.defineClass(SecureClassLoader.java:144)
	at java.base/jdk.internal.loader.BuiltinClassLoader.defineClass(BuiltinClassLoader.java:776)
	at java.base/jdk.internal.loader.BuiltinClassLoader.findClassOnClassPathOrNull(BuiltinClassLoader.java:691)
	at java.base/jdk.internal.loader.BuiltinClassLoader.loadClassOrNull(BuiltinClassLoader.java:620)
	at java.base/jdk.internal.loader.BuiltinClassLoader.loadClass(BuiltinClassLoader.java:578)
	at java.base/java.lang.ClassLoader.loadClass(ClassLoader.java:490)
	at com.github.caciocavallosilano.cacio.ctc.junit.CacioExtension.injectCTCGraphicsEnvironment(CacioExtension.java:110)
	at com.github.caciocavallosilano.cacio.ctc.junit.CacioExtension.<clinit>(CacioExtension.java:76)
	... 18 more

[INFO] Running com.puppycrawl.tools.checkstyle.IndentationTrailingCommentsVerticalAlignmentTest
[INFO] Tests run: 183, Failures: 0, Errors: 0, Skipped: 0, Time elapsed: 1.233 s -- in com.puppycrawl.tools.checkstyle.IndentationTrailingCommentsVerticalAlignmentTest
[INFO] Running com.puppycrawl.tools.checkstyle.internal.AllChecksTest
[INFO] Tests run: 12, Failures: 0, Errors: 0, Skipped: 0, Time elapsed: 41.80 s -- in com.puppycrawl.tools.checkstyle.internal.AllChecksTest
[INFO] Running com.puppycrawl.tools.checkstyle.internal.AllTestsTest
[INFO] Tests run: 2, Failures: 0, Errors: 0, Skipped: 0, Time elapsed: 5.450 s -- in com.puppycrawl.tools.checkstyle.internal.AllTestsTest
[INFO] Running com.puppycrawl.tools.checkstyle.internal.ArchUnitSuperClassTest
[INFO] Tests run: 1, Failures: 0, Errors: 0, Skipped: 0, Time elapsed: 9.600 s -- in com.puppycrawl.tools.checkstyle.internal.ArchUnitSuperClassTest
[INFO] Running com.puppycrawl.tools.checkstyle.internal.ArchUnitTest
[INFO] Tests run: 2, Failures: 0, Errors: 0, Skipped: 0, Time elapsed: 2.491 s -- in com.puppycrawl.tools.checkstyle.internal.ArchUnitTest
[INFO] Running com.puppycrawl.tools.checkstyle.internal.CliOptionsXdocsSyncTest
[INFO] Tests run: 2, Failures: 0, Errors: 0, Skipped: 0, Time elapsed: 0.301 s -- in com.puppycrawl.tools.checkstyle.internal.CliOptionsXdocsSyncTest
[INFO] Running com.puppycrawl.tools.checkstyle.internal.CommitValidationTest
[INFO] Tests run: 6, Failures: 0, Errors: 0, Skipped: 0, Time elapsed: 3.703 s -- in com.puppycrawl.tools.checkstyle.internal.CommitValidationTest
[INFO] Running com.puppycrawl.tools.checkstyle.internal.ImmutabilityTest
[INFO] Tests run: 4, Failures: 0, Errors: 0, Skipped: 0, Time elapsed: 5.909 s -- in com.puppycrawl.tools.checkstyle.internal.ImmutabilityTest
[INFO] Running com.puppycrawl.tools.checkstyle.internal.XdocsCategoryIndexTest
